******************************************************************************
                  TI ARM Linker PC v18.1.3                     
******************************************************************************
>> Linked Thu Oct 11 22:41:58 2018

OUTPUT FILE NAME:   <lab7task01.out>
ENTRY POINT SYMBOL: "_c_int00_noargs"  address: 00000ff1


MEMORY CONFIGURATION

         name            origin    length      used     unused   attr    fill
----------------------  --------  ---------  --------  --------  ----  --------
  FLASH                 00000000   00040000  0000136c  0003ec94  R  X
  SRAM                  20000000   00008000  00000221  00007ddf  RW X


SEGMENT ALLOCATION MAP

run origin  load origin   length   init length attrs members
----------  ----------- ---------- ----------- ----- -------
00000000    00000000    00001370   00001370    r-x
  00000000    00000000    0000026c   0000026c    r-- .intvecs
  0000026c    0000026c    00000f34   00000f34    r-x .text
  000011a0    000011a0    0000019c   0000019c    r-- .const
  00001340    00001340    00000030   00000030    r-- .cinit
20000000    20000000    00000221   00000000    rw-
  20000000    20000000    00000200   00000000    rw- .stack
  20000200    20000200    0000001c   00000000    rw- .bss
  2000021c    2000021c    00000005   00000000    rw- .data


SECTION ALLOCATION MAP

 output                                  attributes/
section   page    origin      length       input sections
--------  ----  ----------  ----------   ----------------
.intvecs   0    00000000    0000026c     
                  00000000    0000026c     tm4c123gh6pm_startup_ccs.obj (.intvecs)

.text      0    0000026c    00000f34     
                  0000026c    0000049c     uartstdio.obj (.text)
                  00000708    0000024c     main.obj (.text)
                  00000954    00000132     driverlib.lib : gpio.obj (.text:GPIOPadConfigSet)
                  00000a86    00000002     rtsv7M4_T_le_v4SPD16_eabi.lib : div0.asm.obj (.text)
                  00000a88    00000110     driverlib.lib : sysctl.obj (.text:SysCtlClockGet)
                  00000b98    000000fc     rtsv7M4_T_le_v4SPD16_eabi.lib : fd_mul_t2.asm.obj (.text)
                  00000c94    0000009c                                   : memcpy_t2.asm.obj (.text)
                  00000d30    00000068     driverlib.lib : interrupt.obj (.text:IntEnable)
                  00000d98    00000068     rtsv7M4_T_le_v4SPD16_eabi.lib : copy_decompress_lzss.c.obj (.text:decompress:lzss:__TI_decompress_lzss)
                  00000e00    00000060     driverlib.lib : timer.obj (.text:TimerConfigure)
                  00000e60    00000048                   : gpio.obj (.text:GPIOPinConfigure)
                  00000ea8    00000046                   : uart.obj (.text:UARTConfigSetExpClk)
                  00000eee    00000002     --HOLE-- [fill = 0]
                  00000ef0    00000044     rtsv7M4_T_le_v4SPD16_eabi.lib : autoinit.c.obj (.text:__TI_auto_init_nobinit_nopinit:__TI_auto_init_nobinit_nopinit)
                  00000f34    00000044                                   : fd_tou_t2.asm.obj (.text)
                  00000f78    00000040                                   : u_divt2.asm.obj (.text)
                  00000fb8    00000038     driverlib.lib : sysctl.obj (.text:SysCtlPeripheralPresent)
                  00000ff0    00000038     rtsv7M4_T_le_v4SPD16_eabi.lib : boot_cortex_m.c.obj (.text:_c_int00_noargs:_c_int00_noargs)
                  00001028    00000034     driverlib.lib : sysctl.obj (.text:SysCtlPeripheralEnable)
                  0000105c    0000002a                   : gpio.obj (.text:GPIODirModeSet)
                  00001086    00000002     --HOLE-- [fill = 0]
                  00001088    00000020                   : uart.obj (.text:UARTDisable)
                  000010a8    00000020     rtsv7M4_T_le_v4SPD16_eabi.lib : u_tofd_t2.asm.obj (.text)
                  000010c8    00000018     driverlib.lib : gpio.obj (.text:GPIOPinTypeGPIOOutput)
                  000010e0    00000014                   : uart.obj (.text:UARTEnable)
                  000010f4    00000012                   : gpio.obj (.text:GPIOPinTypeUART)
                  00001106    00000012                   : timer.obj (.text:TimerLoadSet)
                  00001118    00000012     rtsv7M4_T_le_v4SPD16_eabi.lib : copy_zero_init.c.obj (.text:decompress:ZI:__TI_zero_init_nomemset:__TI_zero_init_nomemset)
                  0000112a    00000010     driverlib.lib : interrupt.obj (.text:IntMasterEnable)
                  0000113a    0000000e                   : timer.obj (.text:TimerEnable)
                  00001148    0000000e     rtsv7M4_T_le_v4SPD16_eabi.lib : copy_decompress_none.c.obj (.text:decompress:none:__TI_decompress_none)
                  00001156    0000000c     driverlib.lib : cpu.obj (.text:CPUcpsie)
                  00001162    0000000c     tm4c123gh6pm_startup_ccs.obj (.text)
                  0000116e    0000000a     driverlib.lib : uart.obj (.text:UARTCharGet)
                  00001178    0000000a                   : uart.obj (.text:UARTCharPut)
                  00001182    00000008                   : timer.obj (.text:TimerIntEnable)
                  0000118a    00000008                   : uart.obj (.text:UARTIntEnable)
                  00001192    00000006                   : sysctl.obj (.text:SysCtlDelay)
                  00001198    00000004     rtsv7M4_T_le_v4SPD16_eabi.lib : pre_init.c.obj (.text:_system_pre_init)
                  0000119c    00000004                                   : exit.c.obj (.text:abort:abort)

.const     0    000011a0    0000019c     
                  000011a0    00000090     driverlib.lib : gpio.obj (.const:g_pui32GPIOBaseAddrs)
                  00001230    00000070                   : interrupt.obj (.const)
                  000012a0    0000006c                   : sysctl.obj (.const:g_pui32Xtals)
                  0000130c    00000012     uartstdio.obj (.const:.string)
                  0000131e    00000002     --HOLE-- [fill = 0]
                  00001320    0000000c     uartstdio.obj (.const:g_ui32UARTBase)
                  0000132c    0000000c     uartstdio.obj (.const:g_ui32UARTPeriph)
                  00001338    00000004     uartstdio.obj (.const)

.cinit     0    00001340    00000030     
                  00001340    0000000c     (__TI_handler_table)
                  0000134c    00000004     --HOLE-- [fill = 0]
                  00001350    00000008     (.cinit..bss.load) [load image, compression = zero_init]
                  00001358    00000007     (.cinit..data.load) [load image, compression = lzss]
                  0000135f    00000001     --HOLE-- [fill = 0]
                  00001360    00000010     (__TI_cinit_table)

.init_array 
*          0    00000000    00000000     UNINITIALIZED

.bss       0    20000200    0000001c     UNINITIALIZED
                  20000200    00000010     (.common:ui32ADC0Value)
                  20000210    00000004     (.common:ui32TempAvg)
                  20000214    00000004     (.common:ui32TempValueC)
                  20000218    00000004     (.common:ui32TempValueF)

.data      0    2000021c    00000005     UNINITIALIZED
                  2000021c    00000005     uartstdio.obj (.data)

.stack     0    20000000    00000200     UNINITIALIZED
                  20000000    00000004     rtsv7M4_T_le_v4SPD16_eabi.lib : boot_cortex_m.c.obj (.stack)
                  20000004    000001fc     --HOLE--

MODULE SUMMARY

       Module                         code   ro data   rw data
       ------                         ----   -------   -------
    .\
       uartstdio.obj                  1180   46        5      
       tm4c123gh6pm_startup_ccs.obj   12     620       0      
       main.obj                       588    0         28     
    +--+------------------------------+------+---------+---------+
       Total:                         1780   666       33     
                                                              
    D:/Coding/CCS8/TivaC123/driverlib/ccs/Debug/driverlib.lib
       gpio.obj                       462    144       0      
       sysctl.obj                     386    108       0      
       interrupt.obj                  120    112       0      
       uart.obj                       150    0         0      
       timer.obj                      136    0         0      
       cpu.obj                        12     0         0      
    +--+------------------------------+------+---------+---------+
       Total:                         1266   364       0      
                                                              
    D:\Coding\CCS8\ccsv8\tools\compiler\ti-cgt-arm_18.1.3.LTS\lib\rtsv7M4_T_le_v4SPD16_eabi.lib
       fd_mul_t2.asm.obj              252    0         0      
       memcpy_t2.asm.obj              156    0         0      
       copy_decompress_lzss.c.obj     104    0         0      
       autoinit.c.obj                 68     0         0      
       fd_tou_t2.asm.obj              68     0         0      
       u_divt2.asm.obj                64     0         0      
       boot_cortex_m.c.obj            56     0         0      
       u_tofd_t2.asm.obj              32     0         0      
       copy_zero_init.c.obj           18     0         0      
       copy_decompress_none.c.obj     14     0         0      
       exit.c.obj                     4      0         0      
       pre_init.c.obj                 4      0         0      
       div0.asm.obj                   2      0         0      
    +--+------------------------------+------+---------+---------+
       Total:                         842    0         0      
                                                              
       Stack:                         0      0         512    
       Linker Generated:              0      43        0      
    +--+------------------------------+------+---------+---------+
       Grand Total:                   3888   1073      545    


LINKER GENERATED COPY TABLES

__TI_cinit_table @ 00001360 records: 2, size/record: 8, table size: 16
	.bss: load addr=00001350, load size=00000008 bytes, run addr=20000200, run size=0000001c bytes, compression=zero_init
	.data: load addr=00001358, load size=00000007 bytes, run addr=2000021c, run size=00000005 bytes, compression=lzss


LINKER GENERATED HANDLER TABLE

__TI_handler_table @ 00001340 records: 3, size/record: 4, table size: 12
	index: 0, handler: __TI_decompress_lzss
	index: 1, handler: __TI_decompress_none
	index: 2, handler: __TI_zero_init


GLOBAL SYMBOLS: SORTED ALPHABETICALLY BY Name 

address   name                          
-------   ----                          
0000119d  C$$EXIT                       
00001157  CPUcpsie                      
0000105d  GPIODirModeSet                
00000955  GPIOPadConfigSet              
00000e61  GPIOPinConfigure              
000010c9  GPIOPinTypeGPIOOutput         
000010f5  GPIOPinTypeUART               
00000d31  IntEnable                     
0000112b  IntMasterEnable               
00001163  ResetISR                      
00000a89  SysCtlClockGet                
00001193  SysCtlDelay                   
00001029  SysCtlPeripheralEnable        
00000fb9  SysCtlPeripheralPresent       
0000082f  Timer1IntHandler              
00000e01  TimerConfigure                
0000113b  TimerEnable                   
00001183  TimerIntEnable                
00001107  TimerLoadSet                  
0000116f  UARTCharGet                   
00001179  UARTCharPut                   
00000ea9  UARTConfigSetExpClk           
00001089  UARTDisable                   
000010e1  UARTEnable                    
0000118b  UARTIntEnable                 
0000026d  UARTStdioConfig               
000003b3  UARTgetc                      
000002f9  UARTgets                      
000006d3  UARTprintf                    
000003d9  UARTvprintf                   
000002b3  UARTwrite                     
20000200  __STACK_END                   
00000200  __STACK_SIZE                  
20000200  __STACK_TOP                   
00001360  __TI_CINIT_Base               
00001370  __TI_CINIT_Limit              
00001340  __TI_Handler_Table_Base       
0000134c  __TI_Handler_Table_Limit      
00000ef1  __TI_auto_init_nobinit_nopinit
00000d99  __TI_decompress_lzss          
00001149  __TI_decompress_none          
ffffffff  __TI_pprof_out_hndl           
ffffffff  __TI_prof_data_size           
ffffffff  __TI_prof_data_start          
00000000  __TI_static_base__            
00001119  __TI_zero_init_nomemset       
00000f35  __aeabi_d2uiz                 
00000b99  __aeabi_dmul                  
00000a87  __aeabi_idiv0                 
00000a87  __aeabi_ldiv0                 
00000c95  __aeabi_memcpy                
00000c95  __aeabi_memcpy4               
00000c95  __aeabi_memcpy8               
000010a9  __aeabi_ui2d                  
00000f79  __aeabi_uidiv                 
00000f79  __aeabi_uidivmod              
ffffffff  __binit__                     
ffffffff  __c_args__                    
UNDEFED   __mpu_init                    
20000000  __stack                       
00000ff1  _c_int00_noargs               
UNDEFED   _system_post_cinit            
00001199  _system_pre_init              
0000119d  abort                         
ffffffff  binit                         
00000000  g_pfnVectors                  
00000709  main                          
00000c95  memcpy                        
20000200  ui32ADC0Value                 
20000210  ui32TempAvg                   
20000214  ui32TempValueC                
20000218  ui32TempValueF                


GLOBAL SYMBOLS: SORTED BY Symbol Address 

address   name                          
-------   ----                          
00000000  __TI_static_base__            
00000000  g_pfnVectors                  
00000200  __STACK_SIZE                  
0000026d  UARTStdioConfig               
000002b3  UARTwrite                     
000002f9  UARTgets                      
000003b3  UARTgetc                      
000003d9  UARTvprintf                   
000006d3  UARTprintf                    
00000709  main                          
0000082f  Timer1IntHandler              
00000955  GPIOPadConfigSet              
00000a87  __aeabi_idiv0                 
00000a87  __aeabi_ldiv0                 
00000a89  SysCtlClockGet                
00000b99  __aeabi_dmul                  
00000c95  __aeabi_memcpy                
00000c95  __aeabi_memcpy4               
00000c95  __aeabi_memcpy8               
00000c95  memcpy                        
00000d31  IntEnable                     
00000d99  __TI_decompress_lzss          
00000e01  TimerConfigure                
00000e61  GPIOPinConfigure              
00000ea9  UARTConfigSetExpClk           
00000ef1  __TI_auto_init_nobinit_nopinit
00000f35  __aeabi_d2uiz                 
00000f79  __aeabi_uidiv                 
00000f79  __aeabi_uidivmod              
00000fb9  SysCtlPeripheralPresent       
00000ff1  _c_int00_noargs               
00001029  SysCtlPeripheralEnable        
0000105d  GPIODirModeSet                
00001089  UARTDisable                   
000010a9  __aeabi_ui2d                  
000010c9  GPIOPinTypeGPIOOutput         
000010e1  UARTEnable                    
000010f5  GPIOPinTypeUART               
00001107  TimerLoadSet                  
00001119  __TI_zero_init_nomemset       
0000112b  IntMasterEnable               
0000113b  TimerEnable                   
00001149  __TI_decompress_none          
00001157  CPUcpsie                      
00001163  ResetISR                      
0000116f  UARTCharGet                   
00001179  UARTCharPut                   
00001183  TimerIntEnable                
0000118b  UARTIntEnable                 
00001193  SysCtlDelay                   
00001199  _system_pre_init              
0000119d  C$$EXIT                       
0000119d  abort                         
00001340  __TI_Handler_Table_Base       
0000134c  __TI_Handler_Table_Limit      
00001360  __TI_CINIT_Base               
00001370  __TI_CINIT_Limit              
20000000  __stack                       
20000200  __STACK_END                   
20000200  __STACK_TOP                   
20000200  ui32ADC0Value                 
20000210  ui32TempAvg                   
20000214  ui32TempValueC                
20000218  ui32TempValueF                
ffffffff  __TI_pprof_out_hndl           
ffffffff  __TI_prof_data_size           
ffffffff  __TI_prof_data_start          
ffffffff  __binit__                     
ffffffff  __c_args__                    
ffffffff  binit                         
UNDEFED   __mpu_init                    
UNDEFED   _system_post_cinit            

[72 symbols]
