******************************************************************************
                  TI ARM Linker PC v18.1.3                     
******************************************************************************
>> Linked Mon Oct 29 22:58:42 2018

OUTPUT FILE NAME:   <Midterm.out>
ENTRY POINT SYMBOL: "_c_int00_noargs"  address: 00001e95


MEMORY CONFIGURATION

         name            origin    length      used     unused   attr    fill
----------------------  --------  ---------  --------  --------  ----  --------
  FLASH                 00000000   00040000  00002214  0003ddec  R  X
  SRAM                  20000000   00008000  0000020c  00007df4  RW X


SEGMENT ALLOCATION MAP

run origin  load origin   length   init length attrs members
----------  ----------- ---------- ----------- ----- -------
00000000    00000000    00002214   00002214    r-x
  00000000    00000000    0000026c   0000026c    r-- .intvecs
  0000026c    0000026c    00001e00   00001e00    r-x .text
  0000206c    0000206c    0000018c   0000018c    r-- .const
  000021f8    000021f8    0000001c   0000001c    r-- .cinit
20000000    20000000    0000020c   00000000    rw-
  20000000    20000000    00000200   00000000    rw- .stack
  20000200    20000200    0000000c   00000000    rw- .data


SECTION ALLOCATION MAP

 output                                  attributes/
section   page    origin      length       input sections
--------  ----  ----------  ----------   ----------------
.intvecs   0    00000000    0000026c     
                  00000000    0000026c     tm4c123gh6pm_startup_ccs.obj (.intvecs)

.text      0    0000026c    00001e00     
                  0000026c    00000c84     ustdlib.obj (.text)
                  00000ef0    00000510     main.obj (.text)
                  00001400    000004dc     uartstdio.obj (.text)
                  000018dc    00000132     driverlib.lib : gpio.obj (.text:GPIOPadConfigSet)
                  00001a0e    00000002     rtsv7M4_T_le_v4SPD16_eabi.lib : div0.asm.obj (.text)
                  00001a10    00000110     driverlib.lib : sysctl.obj (.text:SysCtlClockGet)
                  00001b20    000000f4                   : sysctl.obj (.text:SysCtlClockSet)
                  00001c14    0000009c     rtsv7M4_T_le_v4SPD16_eabi.lib : memcpy_t2.asm.obj (.text)
                  00001cb0    00000068                                   : copy_decompress_lzss.c.obj (.text:decompress:lzss:__TI_decompress_lzss)
                  00001d18    00000064     driverlib.lib : hibernate.obj (.text:HibernateWakeSet)
                  00001d7c    0000004c                   : i2c.obj (.text:I2CMasterInitExpClk)
                  00001dc8    00000048                   : gpio.obj (.text:GPIOPinConfigure)
                  00001e10    00000044     rtsv7M4_T_le_v4SPD16_eabi.lib : autoinit.c.obj (.text:__TI_auto_init_nobinit_nopinit:__TI_auto_init_nobinit_nopinit)
                  00001e54    00000040                                   : u_divt2.asm.obj (.text)
                  00001e94    00000038                                   : boot_cortex_m.c.obj (.text:_c_int00_noargs:_c_int00_noargs)
                  00001ecc    00000034     driverlib.lib : sysctl.obj (.text:SysCtlPeripheralEnable)
                  00001f00    0000002c                   : hibernate.obj (.text:HibernateRTCSet)
                  00001f2c    0000002a                   : gpio.obj (.text:GPIODirModeSet)
                  00001f56    00000002     --HOLE-- [fill = 0]
                  00001f58    00000018                   : hibernate.obj (.text:HibernateGPIORetentionEnable)
                  00001f70    00000014                   : hibernate.obj (.text:HibernateEnableExpClk)
                  00001f84    00000014                   : hibernate.obj (.text:HibernateRTCEnable)
                  00001f98    00000014                   : hibernate.obj (.text:HibernateRequest)
                  00001fac    00000014     rtsv7M4_T_le_v4SPD16_eabi.lib : strlen.c.obj (.text:strlen)
                  00001fc0    00000012     driverlib.lib : gpio.obj (.text:GPIOPinTypeI2C)
                  00001fd2    00000012                   : gpio.obj (.text:GPIOPinTypeI2CSCL)
                  00001fe4    00000012                   : gpio.obj (.text:GPIOPinTypeUART)
                  00001ff6    00000002     --HOLE-- [fill = 0]
                  00001ff8    00000010                   : hibernate.obj (.text:HibernateRTCMatchSet)
                  00002008    00000010                   : hibernate.obj (.text:_HibernateWriteComplete)
                  00002018    0000000e     rtsv7M4_T_le_v4SPD16_eabi.lib : copy_decompress_none.c.obj (.text:decompress:none:__TI_decompress_none)
                  00002026    0000000c     tm4c123gh6pm_startup_ccs.obj (.text)
                  00002032    0000000a     driverlib.lib : i2c.obj (.text:I2CMasterEnable)
                  0000203c    00000008                   : i2c.obj (.text:I2CMasterBusy)
                  00002044    00000008                   : i2c.obj (.text:I2CMasterSlaveAddrSet)
                  0000204c    00000006                   : sysctl.obj (.text:SysCtlDelay)
                  00002052    00000006                   : uart.obj (.text:UARTClockSourceSet)
                  00002058    00000004                   : i2c.obj (.text:I2CMasterControl)
                  0000205c    00000004                   : i2c.obj (.text:I2CMasterDataGet)
                  00002060    00000004                   : i2c.obj (.text:I2CMasterDataPut)
                  00002064    00000004     rtsv7M4_T_le_v4SPD16_eabi.lib : pre_init.c.obj (.text:_system_pre_init)
                  00002068    00000004                                   : exit.c.obj (.text:abort:abort)

.const     0    0000206c    0000018c     
                  0000206c    00000090     driverlib.lib : gpio.obj (.const:g_pui32GPIOBaseAddrs)
                  000020fc    0000006c                   : sysctl.obj (.const:g_pui32Xtals)
                  00002168    00000030     ustdlib.obj (.const:g_psDaysToMonth)
                  00002198    00000018     ustdlib.obj (.const:g_pfExponents)
                  000021b0    00000012     uartstdio.obj (.const:.string)
                  000021c2    00000002     --HOLE-- [fill = 0]
                  000021c4    00000012     ustdlib.obj (.const:.string)
                  000021d6    00000002     --HOLE-- [fill = 0]
                  000021d8    0000000c     uartstdio.obj (.const:g_ui32UARTBase)
                  000021e4    0000000c     uartstdio.obj (.const:g_ui32UARTPeriph)
                  000021f0    00000004     uartstdio.obj (.const)
                  000021f4    00000004     ustdlib.obj (.const)

.cinit     0    000021f8    0000001c     
                  000021f8    0000000a     (.cinit..data.load) [load image, compression = lzss]
                  00002202    00000002     --HOLE-- [fill = 0]
                  00002204    00000008     (__TI_handler_table)
                  0000220c    00000008     (__TI_cinit_table)

.init_array 
*          0    00000000    00000000     UNINITIALIZED

.data      0    20000200    0000000c     UNINITIALIZED
                  20000200    00000005     uartstdio.obj (.data)
                  20000205    00000003     --HOLE--
                  20000208    00000004     ustdlib.obj (.data)

.stack     0    20000000    00000200     UNINITIALIZED
                  20000000    00000004     rtsv7M4_T_le_v4SPD16_eabi.lib : boot_cortex_m.c.obj (.stack)
                  20000004    000001fc     --HOLE--

MODULE SUMMARY

       Module                         code   ro data   rw data
       ------                         ----   -------   -------
    .\
       ustdlib.obj                    3204   94        4      
       main.obj                       1296   0         0      
       uartstdio.obj                  1244   46        5      
       tm4c123gh6pm_startup_ccs.obj   12     620       0      
    +--+------------------------------+------+---------+---------+
       Total:                         5756   760       9      
                                                              
    D:/Coding/CCS8/TivaC123/driverlib/ccs/Debug/driverlib.lib
       sysctl.obj                     574    108       0      
       gpio.obj                       474    144       0      
       hibernate.obj                  260    0         0      
       i2c.obj                        114    0         0      
       uart.obj                       6      0         0      
    +--+------------------------------+------+---------+---------+
       Total:                         1428   252       0      
                                                              
    D:\Coding\CCS8\ccsv8\tools\compiler\ti-cgt-arm_18.1.3.LTS\lib\rtsv7M4_T_le_v4SPD16_eabi.lib
       memcpy_t2.asm.obj              156    0         0      
       copy_decompress_lzss.c.obj     104    0         0      
       autoinit.c.obj                 68     0         0      
       u_divt2.asm.obj                64     0         0      
       boot_cortex_m.c.obj            56     0         0      
       strlen.c.obj                   20     0         0      
       copy_decompress_none.c.obj     14     0         0      
       exit.c.obj                     4      0         0      
       pre_init.c.obj                 4      0         0      
       div0.asm.obj                   2      0         0      
    +--+------------------------------+------+---------+---------+
       Total:                         492    0         0      
                                                              
       Stack:                         0      0         512    
       Linker Generated:              0      26        0      
    +--+------------------------------+------+---------+---------+
       Grand Total:                   7676   1038      521    


LINKER GENERATED COPY TABLES

__TI_cinit_table @ 0000220c records: 1, size/record: 8, table size: 8
	.data: load addr=000021f8, load size=0000000a bytes, run addr=20000200, run size=0000000c bytes, compression=lzss


LINKER GENERATED HANDLER TABLE

__TI_handler_table @ 00002204 records: 2, size/record: 4, table size: 8
	index: 0, handler: __TI_decompress_lzss
	index: 1, handler: __TI_decompress_none


GLOBAL SYMBOLS: SORTED ALPHABETICALLY BY Name 

address   name                          
-------   ----                          
00002069  C$$EXIT                       
00000ef1  ConfigureUART                 
00001f2d  GPIODirModeSet                
000018dd  GPIOPadConfigSet              
00001dc9  GPIOPinConfigure              
00001fc1  GPIOPinTypeI2C                
00001fd3  GPIOPinTypeI2CSCL             
00001fe5  GPIOPinTypeUART               
0000111d  GetLuminosity                 
00001f71  HibernateEnableExpClk         
00001f59  HibernateGPIORetentionEnable  
00001f85  HibernateRTCEnable            
00001ff9  HibernateRTCMatchSet          
00001f01  HibernateRTCSet               
00001f99  HibernateRequest              
00001d19  HibernateWakeSet              
00000f2b  I2C0_Init                     
0000107b  I2C0_Read                     
00000f6f  I2C0_Write                    
0000203d  I2CMasterBusy                 
00002059  I2CMasterControl              
0000205d  I2CMasterDataGet              
00002061  I2CMasterDataPut              
00002033  I2CMasterEnable               
00001d7d  I2CMasterInitExpClk           
00002045  I2CMasterSlaveAddrSet         
00002027  ResetISR                      
00001a11  SysCtlClockGet                
00001b21  SysCtlClockSet                
0000204d  SysCtlDelay                   
00001ecd  SysCtlPeripheralEnable        
000010f1  TSL2591_init                  
00002053  UARTClockSourceSet            
00001401  UARTStdioConfig               
00001579  UARTgetc                      
000014b3  UARTgets                      
000018a7  UARTprintf                    
000015ad  UARTvprintf                   
00001461  UARTwrite                     
20000200  __STACK_END                   
00000200  __STACK_SIZE                  
20000200  __STACK_TOP                   
0000220c  __TI_CINIT_Base               
00002214  __TI_CINIT_Limit              
00002204  __TI_Handler_Table_Base       
0000220c  __TI_Handler_Table_Limit      
00001e11  __TI_auto_init_nobinit_nopinit
00001cb1  __TI_decompress_lzss          
00002019  __TI_decompress_none          
ffffffff  __TI_pprof_out_hndl           
ffffffff  __TI_prof_data_size           
ffffffff  __TI_prof_data_start          
00000000  __TI_static_base__            
00001a0f  __aeabi_idiv0                 
00001a0f  __aeabi_ldiv0                 
00001c15  __aeabi_memcpy                
00001c15  __aeabi_memcpy4               
00001c15  __aeabi_memcpy8               
00001e55  __aeabi_uidiv                 
00001e55  __aeabi_uidivmod              
ffffffff  __binit__                     
ffffffff  __c_args__                    
UNDEFED   __mpu_init                    
20000000  __stack                       
00001e95  _c_int00_noargs               
UNDEFED   _system_post_cinit            
00002065  _system_pre_init              
00002069  abort                         
ffffffff  binit                         
00000000  g_pfnVectors                  
00001239  main                          
00001c15  memcpy                        
00001fad  strlen                        
00000751  ulocaltime                    
0000094f  umktime                       
00000ec9  urand                         
00000721  usnprintf                     
000006ef  usprintf                      
00000eb9  usrand                        
00000e31  ustrcasecmp                   
00000ea5  ustrcmp                       
00000d35  ustrlen                       
00000d8d  ustrncasecmp                  
00000e45  ustrncmp                      
0000026d  ustrncpy                      
00000d57  ustrstr                       
00000afd  ustrtof                       
000009c5  ustrtoul                      
000002c5  uvsnprintf                    


GLOBAL SYMBOLS: SORTED BY Symbol Address 

address   name                          
-------   ----                          
00000000  __TI_static_base__            
00000000  g_pfnVectors                  
00000200  __STACK_SIZE                  
0000026d  ustrncpy                      
000002c5  uvsnprintf                    
000006ef  usprintf                      
00000721  usnprintf                     
00000751  ulocaltime                    
0000094f  umktime                       
000009c5  ustrtoul                      
00000afd  ustrtof                       
00000d35  ustrlen                       
00000d57  ustrstr                       
00000d8d  ustrncasecmp                  
00000e31  ustrcasecmp                   
00000e45  ustrncmp                      
00000ea5  ustrcmp                       
00000eb9  usrand                        
00000ec9  urand                         
00000ef1  ConfigureUART                 
00000f2b  I2C0_Init                     
00000f6f  I2C0_Write                    
0000107b  I2C0_Read                     
000010f1  TSL2591_init                  
0000111d  GetLuminosity                 
00001239  main                          
00001401  UARTStdioConfig               
00001461  UARTwrite                     
000014b3  UARTgets                      
00001579  UARTgetc                      
000015ad  UARTvprintf                   
000018a7  UARTprintf                    
000018dd  GPIOPadConfigSet              
00001a0f  __aeabi_idiv0                 
00001a0f  __aeabi_ldiv0                 
00001a11  SysCtlClockGet                
00001b21  SysCtlClockSet                
00001c15  __aeabi_memcpy                
00001c15  __aeabi_memcpy4               
00001c15  __aeabi_memcpy8               
00001c15  memcpy                        
00001cb1  __TI_decompress_lzss          
00001d19  HibernateWakeSet              
00001d7d  I2CMasterInitExpClk           
00001dc9  GPIOPinConfigure              
00001e11  __TI_auto_init_nobinit_nopinit
00001e55  __aeabi_uidiv                 
00001e55  __aeabi_uidivmod              
00001e95  _c_int00_noargs               
00001ecd  SysCtlPeripheralEnable        
00001f01  HibernateRTCSet               
00001f2d  GPIODirModeSet                
00001f59  HibernateGPIORetentionEnable  
00001f71  HibernateEnableExpClk         
00001f85  HibernateRTCEnable            
00001f99  HibernateRequest              
00001fad  strlen                        
00001fc1  GPIOPinTypeI2C                
00001fd3  GPIOPinTypeI2CSCL             
00001fe5  GPIOPinTypeUART               
00001ff9  HibernateRTCMatchSet          
00002019  __TI_decompress_none          
00002027  ResetISR                      
00002033  I2CMasterEnable               
0000203d  I2CMasterBusy                 
00002045  I2CMasterSlaveAddrSet         
0000204d  SysCtlDelay                   
00002053  UARTClockSourceSet            
00002059  I2CMasterControl              
0000205d  I2CMasterDataGet              
00002061  I2CMasterDataPut              
00002065  _system_pre_init              
00002069  C$$EXIT                       
00002069  abort                         
00002204  __TI_Handler_Table_Base       
0000220c  __TI_CINIT_Base               
0000220c  __TI_Handler_Table_Limit      
00002214  __TI_CINIT_Limit              
20000000  __stack                       
20000200  __STACK_END                   
20000200  __STACK_TOP                   
ffffffff  __TI_pprof_out_hndl           
ffffffff  __TI_prof_data_size           
ffffffff  __TI_prof_data_start          
ffffffff  __binit__                     
ffffffff  __c_args__                    
ffffffff  binit                         
UNDEFED   __mpu_init                    
UNDEFED   _system_post_cinit            

[89 symbols]
