******************************************************************************
                  TI ARM Linker PC v18.1.3                     
******************************************************************************
>> Linked Tue Oct 16 21:35:35 2018

OUTPUT FILE NAME:   <lab8task1.out>
ENTRY POINT SYMBOL: "_c_int00_noargs"  address: 00000fed


MEMORY CONFIGURATION

         name            origin    length      used     unused   attr    fill
----------------------  --------  ---------  --------  --------  ----  --------
  FLASH                 00000000   00040000  000012dc  0003ed24  R  X
  SRAM                  20000000   00008000  00000205  00007dfb  RW X


SEGMENT ALLOCATION MAP

run origin  load origin   length   init length attrs members
----------  ----------- ---------- ----------- ----- -------
00000000    00000000    000012e0   000012e0    r-x
  00000000    00000000    0000026c   0000026c    r-- .intvecs
  0000026c    0000026c    00000f2c   00000f2c    r-x .text
  00001198    00001198    0000012c   0000012c    r-- .const
  000012c8    000012c8    00000018   00000018    r-- .cinit
20000000    20000000    00000205   00000000    rw-
  20000000    20000000    00000200   00000000    rw- .stack
  20000200    20000200    00000005   00000000    rw- .data


SECTION ALLOCATION MAP

 output                                  attributes/
section   page    origin      length       input sections
--------  ----  ----------  ----------   ----------------
.intvecs   0    00000000    0000026c     
                  00000000    0000026c     tm4c123gh6pm_startup_ccs.obj (.intvecs)

.text      0    0000026c    00000f2c     
                  0000026c    000004dc     uartstdio.obj (.text)
                  00000748    00000294     main.obj (.text)
                  000009dc    00000132     driverlib.lib : gpio.obj (.text:GPIOPadConfigSet)
                  00000b0e    00000002     rtsv7M4_T_le_v4SPD16_eabi.lib : div0.asm.obj (.text)
                  00000b10    00000110     driverlib.lib : sysctl.obj (.text:SysCtlClockGet)
                  00000c20    000000f4                   : sysctl.obj (.text:SysCtlClockSet)
                  00000d14    0000009c     rtsv7M4_T_le_v4SPD16_eabi.lib : memcpy_t2.asm.obj (.text)
                  00000db0    0000007a     driverlib.lib : adc.obj (.text:ADCSequenceStepConfigure)
                  00000e2a    00000068     rtsv7M4_T_le_v4SPD16_eabi.lib : copy_decompress_lzss.c.obj (.text:decompress:lzss:__TI_decompress_lzss)
                  00000e92    00000050     driverlib.lib : adc.obj (.text:ADCSequenceConfigure)
                  00000ee2    00000002     --HOLE-- [fill = 0]
                  00000ee4    00000048                   : gpio.obj (.text:GPIOPinConfigure)
                  00000f2c    00000044     rtsv7M4_T_le_v4SPD16_eabi.lib : autoinit.c.obj (.text:__TI_auto_init_nobinit_nopinit:__TI_auto_init_nobinit_nopinit)
                  00000f70    00000040                                   : u_divt2.asm.obj (.text)
                  00000fb0    0000003c     driverlib.lib : ssi.obj (.text:SSIConfigSetExpClk)
                  00000fec    00000038     rtsv7M4_T_le_v4SPD16_eabi.lib : boot_cortex_m.c.obj (.text:_c_int00_noargs:_c_int00_noargs)
                  00001024    00000034     driverlib.lib : sysctl.obj (.text:SysCtlPeripheralEnable)
                  00001058    0000002e                   : adc.obj (.text:ADCIntStatus)
                  00001086    0000002a                   : gpio.obj (.text:GPIODirModeSet)
                  000010b0    0000001e                   : adc.obj (.text:ADCSequenceDataGet)
                  000010ce    00000018                   : adc.obj (.text:ADCProcessorTrigger)
                  000010e6    00000012                   : gpio.obj (.text:GPIOPinTypeSSI)
                  000010f8    00000012                   : gpio.obj (.text:GPIOPinTypeUART)
                  0000110a    00000012                   : ssi.obj (.text:SSIDataGetNonBlocking)
                  0000111c    0000000e                   : adc.obj (.text:ADCHardwareOversampleConfigure)
                  0000112a    0000000e                   : adc.obj (.text:ADCSequenceEnable)
                  00001138    0000000e     rtsv7M4_T_le_v4SPD16_eabi.lib : copy_decompress_none.c.obj (.text:decompress:none:__TI_decompress_none)
                  00001146    0000000c     driverlib.lib : ssi.obj (.text:SSIDataGet)
                  00001152    0000000c     tm4c123gh6pm_startup_ccs.obj (.text)
                  0000115e    0000000a     driverlib.lib : adc.obj (.text:ADCIntClear)
                  00001168    0000000a                   : ssi.obj (.text:SSIDataPut)
                  00001172    0000000a                   : ssi.obj (.text:SSIEnable)
                  0000117c    00000008                   : ssi.obj (.text:SSIBusy)
                  00001184    00000006                   : sysctl.obj (.text:SysCtlDelay)
                  0000118a    00000006                   : uart.obj (.text:UARTClockSourceSet)
                  00001190    00000004     rtsv7M4_T_le_v4SPD16_eabi.lib : pre_init.c.obj (.text:_system_pre_init)
                  00001194    00000004                                   : exit.c.obj (.text:abort:abort)

.const     0    00001198    0000012c     
                  00001198    00000090     driverlib.lib : gpio.obj (.const:g_pui32GPIOBaseAddrs)
                  00001228    0000006c                   : sysctl.obj (.const:g_pui32Xtals)
                  00001294    00000012     uartstdio.obj (.const:.string)
                  000012a6    00000002     --HOLE-- [fill = 0]
                  000012a8    0000000c     uartstdio.obj (.const:g_ui32UARTBase)
                  000012b4    0000000c     uartstdio.obj (.const:g_ui32UARTPeriph)
                  000012c0    00000004     uartstdio.obj (.const)

.cinit     0    000012c8    00000018     
                  000012c8    00000008     (__TI_handler_table)
                  000012d0    00000007     (.cinit..data.load) [load image, compression = lzss]
                  000012d7    00000001     --HOLE-- [fill = 0]
                  000012d8    00000008     (__TI_cinit_table)

.init_array 
*          0    00000000    00000000     UNINITIALIZED

.data      0    20000200    00000005     UNINITIALIZED
                  20000200    00000005     uartstdio.obj (.data)

.stack     0    20000000    00000200     UNINITIALIZED
                  20000000    00000004     rtsv7M4_T_le_v4SPD16_eabi.lib : boot_cortex_m.c.obj (.stack)
                  20000004    000001fc     --HOLE--

MODULE SUMMARY

       Module                         code   ro data   rw data
       ------                         ----   -------   -------
    .\
       uartstdio.obj                  1244   46        5      
       main.obj                       660    0         0      
       tm4c123gh6pm_startup_ccs.obj   12     620       0      
    +--+------------------------------+------+---------+---------+
       Total:                         1916   666       5      
                                                              
    D:/Coding/CCS8/TivaC123/driverlib/ccs/Debug/driverlib.lib
       sysctl.obj                     574    108       0      
       gpio.obj                       456    144       0      
       adc.obj                        340    0         0      
       ssi.obj                        118    0         0      
       uart.obj                       6      0         0      
    +--+------------------------------+------+---------+---------+
       Total:                         1494   252       0      
                                                              
    D:\Coding\CCS8\ccsv8\tools\compiler\ti-cgt-arm_18.1.3.LTS\lib\rtsv7M4_T_le_v4SPD16_eabi.lib
       memcpy_t2.asm.obj              156    0         0      
       copy_decompress_lzss.c.obj     104    0         0      
       autoinit.c.obj                 68     0         0      
       u_divt2.asm.obj                64     0         0      
       boot_cortex_m.c.obj            56     0         0      
       copy_decompress_none.c.obj     14     0         0      
       exit.c.obj                     4      0         0      
       pre_init.c.obj                 4      0         0      
       div0.asm.obj                   2      0         0      
    +--+------------------------------+------+---------+---------+
       Total:                         472    0         0      
                                                              
       Stack:                         0      0         512    
       Linker Generated:              0      23        0      
    +--+------------------------------+------+---------+---------+
       Grand Total:                   3882   941       517    


LINKER GENERATED COPY TABLES

__TI_cinit_table @ 000012d8 records: 1, size/record: 8, table size: 8
	.data: load addr=000012d0, load size=00000007 bytes, run addr=20000200, run size=00000005 bytes, compression=lzss


LINKER GENERATED HANDLER TABLE

__TI_handler_table @ 000012c8 records: 2, size/record: 4, table size: 8
	index: 0, handler: __TI_decompress_lzss
	index: 1, handler: __TI_decompress_none


GLOBAL SYMBOLS: SORTED ALPHABETICALLY BY Name 

address   name                          
-------   ----                          
0000111d  ADCHardwareOversampleConfigure
0000115f  ADCIntClear                   
00001059  ADCIntStatus                  
000010cf  ADCProcessorTrigger           
00000e93  ADCSequenceConfigure          
000010b1  ADCSequenceDataGet            
0000112b  ADCSequenceEnable             
00000db1  ADCSequenceStepConfigure      
00001195  C$$EXIT                       
00001087  GPIODirModeSet                
000009dd  GPIOPadConfigSet              
00000ee5  GPIOPinConfigure              
000010e7  GPIOPinTypeSSI                
000010f9  GPIOPinTypeUART               
00000749  InitConsole                   
00001153  ResetISR                      
0000117d  SSIBusy                       
00000fb1  SSIConfigSetExpClk            
00001147  SSIDataGet                    
0000110b  SSIDataGetNonBlocking         
00001169  SSIDataPut                    
00001173  SSIEnable                     
00000b11  SysCtlClockGet                
00000c21  SysCtlClockSet                
00001185  SysCtlDelay                   
00001025  SysCtlPeripheralEnable        
0000118b  UARTClockSourceSet            
0000026d  UARTStdioConfig               
000003e5  UARTgetc                      
0000031f  UARTgets                      
00000713  UARTprintf                    
00000419  UARTvprintf                   
000002cd  UARTwrite                     
20000200  __STACK_END                   
00000200  __STACK_SIZE                  
20000200  __STACK_TOP                   
000012d8  __TI_CINIT_Base               
000012e0  __TI_CINIT_Limit              
000012c8  __TI_Handler_Table_Base       
000012d0  __TI_Handler_Table_Limit      
00000f2d  __TI_auto_init_nobinit_nopinit
00000e2b  __TI_decompress_lzss          
00001139  __TI_decompress_none          
ffffffff  __TI_pprof_out_hndl           
ffffffff  __TI_prof_data_size           
ffffffff  __TI_prof_data_start          
00000000  __TI_static_base__            
00000b0f  __aeabi_idiv0                 
00000b0f  __aeabi_ldiv0                 
00000d15  __aeabi_memcpy                
00000d15  __aeabi_memcpy4               
00000d15  __aeabi_memcpy8               
00000f71  __aeabi_uidiv                 
00000f71  __aeabi_uidivmod              
ffffffff  __binit__                     
ffffffff  __c_args__                    
UNDEFED   __mpu_init                    
20000000  __stack                       
00000fed  _c_int00_noargs               
UNDEFED   _system_post_cinit            
00001191  _system_pre_init              
00001195  abort                         
ffffffff  binit                         
00000000  g_pfnVectors                  
00000785  main                          
00000d15  memcpy                        


GLOBAL SYMBOLS: SORTED BY Symbol Address 

address   name                          
-------   ----                          
00000000  __TI_static_base__            
00000000  g_pfnVectors                  
00000200  __STACK_SIZE                  
0000026d  UARTStdioConfig               
000002cd  UARTwrite                     
0000031f  UARTgets                      
000003e5  UARTgetc                      
00000419  UARTvprintf                   
00000713  UARTprintf                    
00000749  InitConsole                   
00000785  main                          
000009dd  GPIOPadConfigSet              
00000b0f  __aeabi_idiv0                 
00000b0f  __aeabi_ldiv0                 
00000b11  SysCtlClockGet                
00000c21  SysCtlClockSet                
00000d15  __aeabi_memcpy                
00000d15  __aeabi_memcpy4               
00000d15  __aeabi_memcpy8               
00000d15  memcpy                        
00000db1  ADCSequenceStepConfigure      
00000e2b  __TI_decompress_lzss          
00000e93  ADCSequenceConfigure          
00000ee5  GPIOPinConfigure              
00000f2d  __TI_auto_init_nobinit_nopinit
00000f71  __aeabi_uidiv                 
00000f71  __aeabi_uidivmod              
00000fb1  SSIConfigSetExpClk            
00000fed  _c_int00_noargs               
00001025  SysCtlPeripheralEnable        
00001059  ADCIntStatus                  
00001087  GPIODirModeSet                
000010b1  ADCSequenceDataGet            
000010cf  ADCProcessorTrigger           
000010e7  GPIOPinTypeSSI                
000010f9  GPIOPinTypeUART               
0000110b  SSIDataGetNonBlocking         
0000111d  ADCHardwareOversampleConfigure
0000112b  ADCSequenceEnable             
00001139  __TI_decompress_none          
00001147  SSIDataGet                    
00001153  ResetISR                      
0000115f  ADCIntClear                   
00001169  SSIDataPut                    
00001173  SSIEnable                     
0000117d  SSIBusy                       
00001185  SysCtlDelay                   
0000118b  UARTClockSourceSet            
00001191  _system_pre_init              
00001195  C$$EXIT                       
00001195  abort                         
000012c8  __TI_Handler_Table_Base       
000012d0  __TI_Handler_Table_Limit      
000012d8  __TI_CINIT_Base               
000012e0  __TI_CINIT_Limit              
20000000  __stack                       
20000200  __STACK_END                   
20000200  __STACK_TOP                   
ffffffff  __TI_pprof_out_hndl           
ffffffff  __TI_prof_data_size           
ffffffff  __TI_prof_data_start          
ffffffff  __binit__                     
ffffffff  __c_args__                    
ffffffff  binit                         
UNDEFED   __mpu_init                    
UNDEFED   _system_post_cinit            

[66 symbols]
