******************************************************************************
                  TI ARM Linker PC v18.1.3                     
******************************************************************************
>> Linked Thu Oct  4 22:02:17 2018

OUTPUT FILE NAME:   <lab4task02.out>
ENTRY POINT SYMBOL: "_c_int00_noinit_noargs"  address: 00000a19


MEMORY CONFIGURATION

         name            origin    length      used     unused   attr    fill
----------------------  --------  ---------  --------  --------  ----  --------
  FLASH                 00000000   00040000  00000c32  0003f3ce  R  X
  SRAM                  20000000   00008000  00000200  00007e00  RW X


SEGMENT ALLOCATION MAP

run origin  load origin   length   init length attrs members
----------  ----------- ---------- ----------- ----- -------
00000000    00000000    00000c34   00000c34    r-x
  00000000    00000000    0000026c   0000026c    r-- .intvecs
  0000026c    0000026c    000008ea   000008ea    r-x .text
  00000b58    00000b58    000000dc   000000dc    r-- .const
20000000    20000000    00000200   00000000    rw-
  20000000    20000000    00000200   00000000    rw- .stack


SECTION ALLOCATION MAP

 output                                  attributes/
section   page    origin      length       input sections
--------  ----  ----------  ----------   ----------------
.intvecs   0    00000000    0000026c     
                  00000000    0000026c     tm4c123gh6pm_startup_ccs.obj (.intvecs)

.text      0    0000026c    000008ea     
                  0000026c    00000178     main.obj (.text)
                  000003e4    00000132     driverlib.lib : gpio.obj (.text:GPIOPadConfigSet)
                  00000516    00000002     --HOLE-- [fill = 0]
                  00000518    00000110                   : sysctl.obj (.text:SysCtlClockGet)
                  00000628    000000fc     rtsv7M4_T_le_v4SPD16_eabi.lib : fd_mul_t2.asm.obj (.text)
                  00000724    000000f4     driverlib.lib : sysctl.obj (.text:SysCtlClockSet)
                  00000818    00000068                   : interrupt.obj (.text:IntDisable)
                  00000880    00000068                   : interrupt.obj (.text:IntEnable)
                  000008e8    00000060                   : timer.obj (.text:TimerConfigure)
                  00000948    00000056                   : gpio.obj (.text:GPIOIntTypeSet)
                  0000099e    00000044     rtsv7M4_T_le_v4SPD16_eabi.lib : fd_tou_t2.asm.obj (.text)
                  000009e2    00000002     --HOLE-- [fill = 0]
                  000009e4    00000034     driverlib.lib : sysctl.obj (.text:SysCtlPeripheralEnable)
                  00000a18    00000030     rtsv7M4_T_le_v4SPD16_eabi.lib : boot_cortex_m.c.obj (.text:_c_int00_noinit_noargs:_c_int00_noinit_noargs)
                  00000a48    0000002a     driverlib.lib : gpio.obj (.text:GPIODirModeSet)
                  00000a72    00000020     rtsv7M4_T_le_v4SPD16_eabi.lib : u_tofd_t2.asm.obj (.text)
                  00000a92    00000018     driverlib.lib : gpio.obj (.text:GPIOPinTypeGPIOOutput)
                  00000aaa    00000002     --HOLE-- [fill = 0]
                  00000aac    00000018                   : timer.obj (.text:TimerDisable)
                  00000ac4    00000012                   : gpio.obj (.text:GPIOPinTypeGPIOInput)
                  00000ad6    00000012                   : timer.obj (.text:TimerLoadSet)
                  00000ae8    00000010                   : interrupt.obj (.text:IntMasterEnable)
                  00000af8    0000000e                   : timer.obj (.text:TimerEnable)
                  00000b06    0000000c                   : cpu.obj (.text:CPUcpsie)
                  00000b12    0000000c                   : gpio.obj (.text:GPIOIntEnable)
                  00000b1e    0000000c     tm4c123gh6pm_startup_ccs.obj (.text)
                  00000b2a    00000008     driverlib.lib : timer.obj (.text:TimerIntEnable)
                  00000b32    00000006                   : gpio.obj (.text:GPIOIntClear)
                  00000b38    00000006                   : gpio.obj (.text:GPIOPinRead)
                  00000b3e    00000006                   : gpio.obj (.text:GPIOPinWrite)
                  00000b44    00000006                   : sysctl.obj (.text:SysCtlDelay)
                  00000b4a    00000004                   : timer.obj (.text:TimerIntClear)
                  00000b4e    00000004     rtsv7M4_T_le_v4SPD16_eabi.lib : pre_init.c.obj (.text:_system_pre_init)
                  00000b52    00000004                                   : exit.c.obj (.text:abort:abort)

.const     0    00000b58    000000dc     
                  00000b58    00000070     driverlib.lib : interrupt.obj (.const)
                  00000bc8    0000006c                   : sysctl.obj (.const:g_pui32Xtals)

.cinit     0    00000000    00000000     UNINITIALIZED

.init_array 
*          0    00000000    00000000     UNINITIALIZED

.stack     0    20000000    00000200     UNINITIALIZED
                  20000000    00000004     rtsv7M4_T_le_v4SPD16_eabi.lib : boot_cortex_m.c.obj (.stack)
                  20000004    000001fc     --HOLE--

MODULE SUMMARY

       Module                         code   ro data   rw data
       ------                         ----   -------   -------
    .\
       tm4c123gh6pm_startup_ccs.obj   12     620       0      
       main.obj                       376    0         0      
    +--+------------------------------+------+---------+---------+
       Total:                         388    620       0      
                                                              
    D:/Coding/CCS8/TivaC123/driverlib/ccs/Debug/driverlib.lib
       sysctl.obj                     574    108       0      
       gpio.obj                       506    0         0      
       interrupt.obj                  224    112       0      
       timer.obj                      164    0         0      
       cpu.obj                        12     0         0      
    +--+------------------------------+------+---------+---------+
       Total:                         1480   220       0      
                                                              
    D:\Coding\CCS8\ccsv8\tools\compiler\ti-cgt-arm_18.1.3.LTS\lib\rtsv7M4_T_le_v4SPD16_eabi.lib
       fd_mul_t2.asm.obj              252    0         0      
       fd_tou_t2.asm.obj              68     0         0      
       boot_cortex_m.c.obj            48     0         0      
       u_tofd_t2.asm.obj              32     0         0      
       exit.c.obj                     4      0         0      
       pre_init.c.obj                 4      0         0      
    +--+------------------------------+------+---------+---------+
       Total:                         408    0         0      
                                                              
       Stack:                         0      0         512    
    +--+------------------------------+------+---------+---------+
       Grand Total:                   2276   840       512    


GLOBAL SYMBOLS: SORTED ALPHABETICALLY BY Name 

address   name                  
-------   ----                  
00000b53  C$$EXIT               
00000b07  CPUcpsie              
00000a49  GPIODirModeSet        
00000b33  GPIOIntClear          
00000b13  GPIOIntEnable         
00000949  GPIOIntTypeSet        
000003e5  GPIOPadConfigSet      
00000b39  GPIOPinRead           
00000ac5  GPIOPinTypeGPIOInput  
00000a93  GPIOPinTypeGPIOOutput 
00000b3f  GPIOPinWrite          
00000819  IntDisable            
00000881  IntEnable             
00000ae9  IntMasterEnable       
00000359  PortFPin0IntHandler   
00000b1f  ResetISR              
00000519  SysCtlClockGet        
00000725  SysCtlClockSet        
00000b45  SysCtlDelay           
000009e5  SysCtlPeripheralEnable
0000032d  Timer0IntHandler      
000002fd  Timer1DelayIntHandler 
000008e9  TimerConfigure        
00000aad  TimerDisable          
00000af9  TimerEnable           
00000b4b  TimerIntClear         
00000b2b  TimerIntEnable        
00000ad7  TimerLoadSet          
20000200  __STACK_END           
00000200  __STACK_SIZE          
20000200  __STACK_TOP           
ffffffff  __TI_pprof_out_hndl   
ffffffff  __TI_prof_data_size   
ffffffff  __TI_prof_data_start  
00000000  __TI_static_base__    
0000099f  __aeabi_d2uiz         
00000629  __aeabi_dmul          
00000a73  __aeabi_ui2d          
ffffffff  __binit__             
ffffffff  __c_args__            
UNDEFED   __mpu_init            
20000000  __stack               
00000a19  _c_int00_noinit_noargs
00000b4f  _system_pre_init      
00000b53  abort                 
ffffffff  binit                 
00000000  g_pfnVectors          
0000026d  main                  


GLOBAL SYMBOLS: SORTED BY Symbol Address 

address   name                  
-------   ----                  
00000000  __TI_static_base__    
00000000  g_pfnVectors          
00000200  __STACK_SIZE          
0000026d  main                  
000002fd  Timer1DelayIntHandler 
0000032d  Timer0IntHandler      
00000359  PortFPin0IntHandler   
000003e5  GPIOPadConfigSet      
00000519  SysCtlClockGet        
00000629  __aeabi_dmul          
00000725  SysCtlClockSet        
00000819  IntDisable            
00000881  IntEnable             
000008e9  TimerConfigure        
00000949  GPIOIntTypeSet        
0000099f  __aeabi_d2uiz         
000009e5  SysCtlPeripheralEnable
00000a19  _c_int00_noinit_noargs
00000a49  GPIODirModeSet        
00000a73  __aeabi_ui2d          
00000a93  GPIOPinTypeGPIOOutput 
00000aad  TimerDisable          
00000ac5  GPIOPinTypeGPIOInput  
00000ad7  TimerLoadSet          
00000ae9  IntMasterEnable       
00000af9  TimerEnable           
00000b07  CPUcpsie              
00000b13  GPIOIntEnable         
00000b1f  ResetISR              
00000b2b  TimerIntEnable        
00000b33  GPIOIntClear          
00000b39  GPIOPinRead           
00000b3f  GPIOPinWrite          
00000b45  SysCtlDelay           
00000b4b  TimerIntClear         
00000b4f  _system_pre_init      
00000b53  C$$EXIT               
00000b53  abort                 
20000000  __stack               
20000200  __STACK_END           
20000200  __STACK_TOP           
ffffffff  __TI_pprof_out_hndl   
ffffffff  __TI_prof_data_size   
ffffffff  __TI_prof_data_start  
ffffffff  __binit__             
ffffffff  __c_args__            
ffffffff  binit                 
UNDEFED   __mpu_init            

[48 symbols]
