******************************************************************************
                  TI ARM Linker PC v18.1.3                     
******************************************************************************
>> Linked Tue Oct  9 23:53:33 2018

OUTPUT FILE NAME:   <lab6Task02.out>
ENTRY POINT SYMBOL: "_c_int00_noinit_noargs"  address: 000004f9


MEMORY CONFIGURATION

         name            origin    length      used     unused   attr    fill
----------------------  --------  ---------  --------  --------  ----  --------
  FLASH                 00000000   00040000  000005da  0003fa26  R  X
  SRAM                  20000000   00008000  00000200  00007e00  RW X


SEGMENT ALLOCATION MAP

run origin  load origin   length   init length attrs members
----------  ----------- ---------- ----------- ----- -------
00000000    00000000    000005dc   000005dc    r-x
  00000000    00000000    0000026c   0000026c    r-- .intvecs
  0000026c    0000026c    00000302   00000302    r-x .text
  00000570    00000570    0000006c   0000006c    r-- .const
20000000    20000000    00000200   00000000    rw-
  20000000    20000000    00000200   00000000    rw- .stack


SECTION ALLOCATION MAP

 output                                  attributes/
section   page    origin      length       input sections
--------  ----  ----------  ----------   ----------------
.intvecs   0    00000000    0000026c     
                  00000000    0000026c     tm4c123gh6pm_startup_ccs.obj (.intvecs)

.text      0    0000026c    00000302     
                  0000026c    0000017c     main.obj (.text)
                  000003e8    00000110     driverlib.lib : sysctl.obj (.text:SysCtlClockGet)
                  000004f8    00000030     rtsv7M4_T_le_v4SPD16_eabi.lib : boot_cortex_m.c.obj (.text:_c_int00_noinit_noargs:_c_int00_noinit_noargs)
                  00000528    00000022     driverlib.lib : pwm.obj (.text:PWMGenConfigure)
                  0000054a    00000010                   : pwm.obj (.text:PWMGenPeriodSet)
                  0000055a    0000000c     tm4c123gh6pm_startup_ccs.obj (.text)
                  00000566    00000004     rtsv7M4_T_le_v4SPD16_eabi.lib : pre_init.c.obj (.text:_system_pre_init)
                  0000056a    00000004                                   : exit.c.obj (.text:abort:abort)

.const     0    00000570    0000006c     
                  00000570    0000006c     driverlib.lib : sysctl.obj (.const:g_pui32Xtals)

.cinit     0    00000000    00000000     UNINITIALIZED

.init_array 
*          0    00000000    00000000     UNINITIALIZED

.stack     0    20000000    00000200     UNINITIALIZED
                  20000000    00000004     rtsv7M4_T_le_v4SPD16_eabi.lib : boot_cortex_m.c.obj (.stack)
                  20000004    000001fc     --HOLE--

MODULE SUMMARY

       Module                         code   ro data   rw data
       ------                         ----   -------   -------
    .\
       tm4c123gh6pm_startup_ccs.obj   12     620       0      
       main.obj                       380    0         0      
    +--+------------------------------+------+---------+---------+
       Total:                         392    620       0      
                                                              
    D:/Coding/CCS8/TivaC123/driverlib/ccs/Debug/driverlib.lib
       sysctl.obj                     272    108       0      
       pwm.obj                        50     0         0      
    +--+------------------------------+------+---------+---------+
       Total:                         322    108       0      
                                                              
    D:\Coding\CCS8\ccsv8\tools\compiler\ti-cgt-arm_18.1.3.LTS\lib\rtsv7M4_T_le_v4SPD16_eabi.lib
       boot_cortex_m.c.obj            48     0         0      
       exit.c.obj                     4      0         0      
       pre_init.c.obj                 4      0         0      
    +--+------------------------------+------+---------+---------+
       Total:                         56     0         0      
                                                              
       Stack:                         0      0         512    
    +--+------------------------------+------+---------+---------+
       Grand Total:                   770    728       512    


GLOBAL SYMBOLS: SORTED ALPHABETICALLY BY Name 

address   name                  
-------   ----                  
0000056b  C$$EXIT               
00000529  PWMGenConfigure       
0000054b  PWMGenPeriodSet       
0000055b  ResetISR              
000003e9  SysCtlClockGet        
20000200  __STACK_END           
00000200  __STACK_SIZE          
20000200  __STACK_TOP           
ffffffff  __TI_pprof_out_hndl   
ffffffff  __TI_prof_data_size   
ffffffff  __TI_prof_data_start  
00000000  __TI_static_base__    
ffffffff  __binit__             
ffffffff  __c_args__            
UNDEFED   __mpu_init            
20000000  __stack               
000004f9  _c_int00_noinit_noargs
00000567  _system_pre_init      
0000056b  abort                 
ffffffff  binit                 
00000000  g_pfnVectors          
0000026d  main                  


GLOBAL SYMBOLS: SORTED BY Symbol Address 

address   name                  
-------   ----                  
00000000  __TI_static_base__    
00000000  g_pfnVectors          
00000200  __STACK_SIZE          
0000026d  main                  
000003e9  SysCtlClockGet        
000004f9  _c_int00_noinit_noargs
00000529  PWMGenConfigure       
0000054b  PWMGenPeriodSet       
0000055b  ResetISR              
00000567  _system_pre_init      
0000056b  C$$EXIT               
0000056b  abort                 
20000000  __stack               
20000200  __STACK_END           
20000200  __STACK_TOP           
ffffffff  __TI_pprof_out_hndl   
ffffffff  __TI_prof_data_size   
ffffffff  __TI_prof_data_start  
ffffffff  __binit__             
ffffffff  __c_args__            
ffffffff  binit                 
UNDEFED   __mpu_init            

[22 symbols]
