******************************************************************************
                  TI ARM Linker PC v18.1.3                     
******************************************************************************
>> Linked Tue Oct  9 21:07:54 2018

OUTPUT FILE NAME:   <lab5task01.out>
ENTRY POINT SYMBOL: "_c_int00_noinit_noargs"  address: 00000539


MEMORY CONFIGURATION

         name            origin    length      used     unused   attr    fill
----------------------  --------  ---------  --------  --------  ----  --------
  FLASH                 00000000   00040000  000005c4  0003fa3c  R  X
  SRAM                  20000000   00008000  00000200  00007e00  RW X


SEGMENT ALLOCATION MAP

run origin  load origin   length   init length attrs members
----------  ----------- ---------- ----------- ----- -------
00000000    00000000    000005c4   000005c4    r-x
  00000000    00000000    0000026c   0000026c    r-- .intvecs
  0000026c    0000026c    00000358   00000358    r-x .text
20000000    20000000    00000200   00000000    rw-
  20000000    20000000    00000200   00000000    rw- .stack


SECTION ALLOCATION MAP

 output                                  attributes/
section   page    origin      length       input sections
--------  ----  ----------  ----------   ----------------
.intvecs   0    00000000    0000026c     
                  00000000    0000026c     tm4c123gh6pm_startup_ccs.obj (.intvecs)

.text      0    0000026c    00000358     
                  0000026c    00000164     main.obj (.text)
                  000003d0    00000132     driverlib.lib : gpio.obj (.text:GPIOPadConfigSet)
                  00000502    00000002     --HOLE-- [fill = 0]
                  00000504    00000034                   : sysctl.obj (.text:SysCtlPeripheralEnable)
                  00000538    00000030     rtsv7M4_T_le_v4SPD16_eabi.lib : boot_cortex_m.c.obj (.text:_c_int00_noinit_noargs:_c_int00_noinit_noargs)
                  00000568    0000002a     driverlib.lib : gpio.obj (.text:GPIODirModeSet)
                  00000592    00000018                   : gpio.obj (.text:GPIOPinTypeGPIOOutput)
                  000005aa    0000000c     tm4c123gh6pm_startup_ccs.obj (.text)
                  000005b6    00000006     driverlib.lib : gpio.obj (.text:GPIOPinWrite)
                  000005bc    00000004     rtsv7M4_T_le_v4SPD16_eabi.lib : pre_init.c.obj (.text:_system_pre_init)
                  000005c0    00000004                                   : exit.c.obj (.text:abort:abort)

.cinit     0    00000000    00000000     UNINITIALIZED

.init_array 
*          0    00000000    00000000     UNINITIALIZED

.stack     0    20000000    00000200     UNINITIALIZED
                  20000000    00000004     rtsv7M4_T_le_v4SPD16_eabi.lib : boot_cortex_m.c.obj (.stack)
                  20000004    000001fc     --HOLE--

MODULE SUMMARY

       Module                         code   ro data   rw data
       ------                         ----   -------   -------
    .\
       tm4c123gh6pm_startup_ccs.obj   12     620       0      
       main.obj                       356    0         0      
    +--+------------------------------+------+---------+---------+
       Total:                         368    620       0      
                                                              
    D:/Coding/CCS8/TivaC123/driverlib/ccs/Debug/driverlib.lib
       gpio.obj                       378    0         0      
       sysctl.obj                     52     0         0      
    +--+------------------------------+------+---------+---------+
       Total:                         430    0         0      
                                                              
    D:\Coding\CCS8\ccsv8\tools\compiler\ti-cgt-arm_18.1.3.LTS\lib\rtsv7M4_T_le_v4SPD16_eabi.lib
       boot_cortex_m.c.obj            48     0         0      
       exit.c.obj                     4      0         0      
       pre_init.c.obj                 4      0         0      
    +--+------------------------------+------+---------+---------+
       Total:                         56     0         0      
                                                              
       Stack:                         0      0         512    
    +--+------------------------------+------+---------+---------+
       Grand Total:                   854    620       512    


GLOBAL SYMBOLS: SORTED ALPHABETICALLY BY Name 

address   name                  
-------   ----                  
000005c1  C$$EXIT               
00000569  GPIODirModeSet        
000003d1  GPIOPadConfigSet      
00000593  GPIOPinTypeGPIOOutput 
000005b7  GPIOPinWrite          
000005ab  ResetISR              
00000505  SysCtlPeripheralEnable
20000200  __STACK_END           
00000200  __STACK_SIZE          
20000200  __STACK_TOP           
ffffffff  __TI_pprof_out_hndl   
ffffffff  __TI_prof_data_size   
ffffffff  __TI_prof_data_start  
00000000  __TI_static_base__    
ffffffff  __binit__             
ffffffff  __c_args__            
UNDEFED   __mpu_init            
20000000  __stack               
00000539  _c_int00_noinit_noargs
000005bd  _system_pre_init      
000005c1  abort                 
ffffffff  binit                 
00000000  g_pfnVectors          
00000279  main                  
0000026d  void__error__         


GLOBAL SYMBOLS: SORTED BY Symbol Address 

address   name                  
-------   ----                  
00000000  __TI_static_base__    
00000000  g_pfnVectors          
00000200  __STACK_SIZE          
0000026d  void__error__         
00000279  main                  
000003d1  GPIOPadConfigSet      
00000505  SysCtlPeripheralEnable
00000539  _c_int00_noinit_noargs
00000569  GPIODirModeSet        
00000593  GPIOPinTypeGPIOOutput 
000005ab  ResetISR              
000005b7  GPIOPinWrite          
000005bd  _system_pre_init      
000005c1  C$$EXIT               
000005c1  abort                 
20000000  __stack               
20000200  __STACK_END           
20000200  __STACK_TOP           
ffffffff  __TI_pprof_out_hndl   
ffffffff  __TI_prof_data_size   
ffffffff  __TI_prof_data_start  
ffffffff  __binit__             
ffffffff  __c_args__            
ffffffff  binit                 
UNDEFED   __mpu_init            

[25 symbols]
