******************************************************************************
                  TI ARM Linker PC v18.1.3                     
******************************************************************************
>> Linked Tue Oct  9 21:45:47 2018

OUTPUT FILE NAME:   <lab5task02.out>
ENTRY POINT SYMBOL: "_c_int00_noargs"  address: 000008e9


MEMORY CONFIGURATION

         name            origin    length      used     unused   attr    fill
----------------------  --------  ---------  --------  --------  ----  --------
  FLASH                 00000000   00040000  00000b16  0003f4ea  R  X
  SRAM                  20000000   00008000  0000021c  00007de4  RW X


SEGMENT ALLOCATION MAP

run origin  load origin   length   init length attrs members
----------  ----------- ---------- ----------- ----- -------
00000000    00000000    00000b1c   00000b1c    r-x
  00000000    00000000    0000026c   0000026c    r-- .intvecs
  0000026c    0000026c    000007ba   000007ba    r-x .text
  00000a28    00000a28    000000dc   000000dc    r-- .const
  00000b08    00000b08    00000014   00000014    r-- .cinit
20000000    20000000    0000021c   00000000    rw-
  20000000    20000000    00000200   00000000    rw- .stack
  20000200    20000200    0000001c   00000000    rw- .bss


SECTION ALLOCATION MAP

 output                                  attributes/
section   page    origin      length       input sections
--------  ----  ----------  ----------   ----------------
.intvecs   0    00000000    0000026c     
                  00000000    0000026c     tm4c123gh6pm_startup_ccs.obj (.intvecs)

.text      0    0000026c    000007ba     
                  0000026c    000001ec     main.obj (.text)
                  00000458    00000132     driverlib.lib : gpio.obj (.text:GPIOPadConfigSet)
                  0000058a    00000002     --HOLE-- [fill = 0]
                  0000058c    00000110                   : sysctl.obj (.text:SysCtlClockGet)
                  0000069c    000000fc     rtsv7M4_T_le_v4SPD16_eabi.lib : fd_mul_t2.asm.obj (.text)
                  00000798    00000068     driverlib.lib : interrupt.obj (.text:IntEnable)
                  00000800    00000060                   : timer.obj (.text:TimerConfigure)
                  00000860    00000044     rtsv7M4_T_le_v4SPD16_eabi.lib : autoinit.c.obj (.text:__TI_auto_init_nobinit_nopinit:__TI_auto_init_nobinit_nopinit)
                  000008a4    00000044                                   : fd_tou_t2.asm.obj (.text)
                  000008e8    00000038                                   : boot_cortex_m.c.obj (.text:_c_int00_noargs:_c_int00_noargs)
                  00000920    00000034     driverlib.lib : sysctl.obj (.text:SysCtlPeripheralEnable)
                  00000954    0000002a                   : gpio.obj (.text:GPIODirModeSet)
                  0000097e    00000020     rtsv7M4_T_le_v4SPD16_eabi.lib : u_tofd_t2.asm.obj (.text)
                  0000099e    00000018     driverlib.lib : gpio.obj (.text:GPIOPinTypeGPIOOutput)
                  000009b6    00000012                   : timer.obj (.text:TimerLoadSet)
                  000009c8    00000012     rtsv7M4_T_le_v4SPD16_eabi.lib : copy_zero_init.c.obj (.text:decompress:ZI:__TI_zero_init_nomemset:__TI_zero_init_nomemset)
                  000009da    00000010     driverlib.lib : interrupt.obj (.text:IntMasterEnable)
                  000009ea    0000000e                   : timer.obj (.text:TimerEnable)
                  000009f8    0000000c                   : cpu.obj (.text:CPUcpsie)
                  00000a04    0000000c     tm4c123gh6pm_startup_ccs.obj (.text)
                  00000a10    00000008     driverlib.lib : timer.obj (.text:TimerIntEnable)
                  00000a18    00000006                   : gpio.obj (.text:GPIOPinWrite)
                  00000a1e    00000004     rtsv7M4_T_le_v4SPD16_eabi.lib : pre_init.c.obj (.text:_system_pre_init)
                  00000a22    00000004                                   : exit.c.obj (.text:abort:abort)

.const     0    00000a28    000000dc     
                  00000a28    00000070     driverlib.lib : interrupt.obj (.const)
                  00000a98    0000006c                   : sysctl.obj (.const:g_pui32Xtals)

.cinit     0    00000b08    00000014     
                  00000b08    00000008     (.cinit..bss.load) [load image, compression = zero_init]
                  00000b10    00000004     (__TI_handler_table)
                  00000b14    00000008     (__TI_cinit_table)

.init_array 
*          0    00000000    00000000     UNINITIALIZED

.bss       0    20000200    0000001c     UNINITIALIZED
                  20000200    00000010     (.common:ui32ADC0Value)
                  20000210    00000004     (.common:ui32TempAvg)
                  20000214    00000004     (.common:ui32TempValueC)
                  20000218    00000004     (.common:ui32TempValueF)

.stack     0    20000000    00000200     UNINITIALIZED
                  20000000    00000004     rtsv7M4_T_le_v4SPD16_eabi.lib : boot_cortex_m.c.obj (.stack)
                  20000004    000001fc     --HOLE--

MODULE SUMMARY

       Module                         code   ro data   rw data
       ------                         ----   -------   -------
    .\
       tm4c123gh6pm_startup_ccs.obj   12     620       0      
       main.obj                       492    0         28     
    +--+------------------------------+------+---------+---------+
       Total:                         504    620       28     
                                                              
    D:/Coding/CCS8/TivaC123/driverlib/ccs/Debug/driverlib.lib
       sysctl.obj                     324    108       0      
       gpio.obj                       378    0         0      
       interrupt.obj                  120    112       0      
       timer.obj                      136    0         0      
       cpu.obj                        12     0         0      
    +--+------------------------------+------+---------+---------+
       Total:                         970    220       0      
                                                              
    D:\Coding\CCS8\ccsv8\tools\compiler\ti-cgt-arm_18.1.3.LTS\lib\rtsv7M4_T_le_v4SPD16_eabi.lib
       fd_mul_t2.asm.obj              252    0         0      
       autoinit.c.obj                 68     0         0      
       fd_tou_t2.asm.obj              68     0         0      
       boot_cortex_m.c.obj            56     0         0      
       u_tofd_t2.asm.obj              32     0         0      
       copy_zero_init.c.obj           18     0         0      
       exit.c.obj                     4      0         0      
       pre_init.c.obj                 4      0         0      
    +--+------------------------------+------+---------+---------+
       Total:                         502    0         0      
                                                              
       Stack:                         0      0         512    
       Linker Generated:              0      20        0      
    +--+------------------------------+------+---------+---------+
       Grand Total:                   1976   860       540    


LINKER GENERATED COPY TABLES

__TI_cinit_table @ 00000b14 records: 1, size/record: 8, table size: 8
	.bss: load addr=00000b08, load size=00000008 bytes, run addr=20000200, run size=0000001c bytes, compression=zero_init


LINKER GENERATED HANDLER TABLE

__TI_handler_table @ 00000b10 records: 1, size/record: 4, table size: 4
	index: 0, handler: __TI_zero_init


GLOBAL SYMBOLS: SORTED ALPHABETICALLY BY Name 

address   name                          
-------   ----                          
00000a23  C$$EXIT                       
000009f9  CPUcpsie                      
00000955  GPIODirModeSet                
00000459  GPIOPadConfigSet              
0000099f  GPIOPinTypeGPIOOutput         
00000a19  GPIOPinWrite                  
00000799  IntEnable                     
000009db  IntMasterEnable               
00000a05  ResetISR                      
0000058d  SysCtlClockGet                
00000921  SysCtlPeripheralEnable        
0000035f  Timer1IntHandler              
00000801  TimerConfigure                
000009eb  TimerEnable                   
00000a11  TimerIntEnable                
000009b7  TimerLoadSet                  
20000200  __STACK_END                   
00000200  __STACK_SIZE                  
20000200  __STACK_TOP                   
00000b14  __TI_CINIT_Base               
00000b1c  __TI_CINIT_Limit              
00000b10  __TI_Handler_Table_Base       
00000b14  __TI_Handler_Table_Limit      
00000861  __TI_auto_init_nobinit_nopinit
ffffffff  __TI_pprof_out_hndl           
ffffffff  __TI_prof_data_size           
ffffffff  __TI_prof_data_start          
00000000  __TI_static_base__            
000009c9  __TI_zero_init_nomemset       
000008a5  __aeabi_d2uiz                 
0000069d  __aeabi_dmul                  
0000097f  __aeabi_ui2d                  
ffffffff  __binit__                     
ffffffff  __c_args__                    
UNDEFED   __mpu_init                    
20000000  __stack                       
000008e9  _c_int00_noargs               
UNDEFED   _system_post_cinit            
00000a1f  _system_pre_init              
00000a23  abort                         
ffffffff  binit                         
00000000  g_pfnVectors                  
00000279  main                          
20000200  ui32ADC0Value                 
20000210  ui32TempAvg                   
20000214  ui32TempValueC                
20000218  ui32TempValueF                
0000026d  void__error__                 


GLOBAL SYMBOLS: SORTED BY Symbol Address 

address   name                          
-------   ----                          
00000000  __TI_static_base__            
00000000  g_pfnVectors                  
00000200  __STACK_SIZE                  
0000026d  void__error__                 
00000279  main                          
0000035f  Timer1IntHandler              
00000459  GPIOPadConfigSet              
0000058d  SysCtlClockGet                
0000069d  __aeabi_dmul                  
00000799  IntEnable                     
00000801  TimerConfigure                
00000861  __TI_auto_init_nobinit_nopinit
000008a5  __aeabi_d2uiz                 
000008e9  _c_int00_noargs               
00000921  SysCtlPeripheralEnable        
00000955  GPIODirModeSet                
0000097f  __aeabi_ui2d                  
0000099f  GPIOPinTypeGPIOOutput         
000009b7  TimerLoadSet                  
000009c9  __TI_zero_init_nomemset       
000009db  IntMasterEnable               
000009eb  TimerEnable                   
000009f9  CPUcpsie                      
00000a05  ResetISR                      
00000a11  TimerIntEnable                
00000a19  GPIOPinWrite                  
00000a1f  _system_pre_init              
00000a23  C$$EXIT                       
00000a23  abort                         
00000b10  __TI_Handler_Table_Base       
00000b14  __TI_CINIT_Base               
00000b14  __TI_Handler_Table_Limit      
00000b1c  __TI_CINIT_Limit              
20000000  __stack                       
20000200  __STACK_END                   
20000200  __STACK_TOP                   
20000200  ui32ADC0Value                 
20000210  ui32TempAvg                   
20000214  ui32TempValueC                
20000218  ui32TempValueF                
ffffffff  __TI_pprof_out_hndl           
ffffffff  __TI_prof_data_size           
ffffffff  __TI_prof_data_start          
ffffffff  __binit__                     
ffffffff  __c_args__                    
ffffffff  binit                         
UNDEFED   __mpu_init                    
UNDEFED   _system_post_cinit            

[48 symbols]
