******************************************************************************
                  TI ARM Linker PC v18.1.3                     
******************************************************************************
>> Linked Thu Oct 11 22:14:34 2018

OUTPUT FILE NAME:   <lab7task00.out>
ENTRY POINT SYMBOL: "_c_int00_noargs"  address: 00000dd9


MEMORY CONFIGURATION

         name            origin    length      used     unused   attr    fill
----------------------  --------  ---------  --------  --------  ----  --------
  FLASH                 00000000   00040000  00001120  0003eee0  R  X
  SRAM                  20000000   00008000  00000205  00007dfb  RW X


SEGMENT ALLOCATION MAP

run origin  load origin   length   init length attrs members
----------  ----------- ---------- ----------- ----- -------
00000000    00000000    00001120   00001120    r-x
  00000000    00000000    0000026c   0000026c    r-- .intvecs
  0000026c    0000026c    00000d00   00000d00    r-x .text
  00000f6c    00000f6c    0000019c   0000019c    r-- .const
  00001108    00001108    00000018   00000018    r-- .cinit
20000000    20000000    00000205   00000000    rw-
  20000000    20000000    00000200   00000000    rw- .stack
  20000200    20000200    00000005   00000000    rw- .data


SECTION ALLOCATION MAP

 output                                  attributes/
section   page    origin      length       input sections
--------  ----  ----------  ----------   ----------------
.intvecs   0    00000000    0000026c     
                  00000000    0000026c     tm4c123gh6pm_startup_ccs.obj (.intvecs)

.text      0    0000026c    00000d00     
                  0000026c    0000049c     uartstdio.obj (.text)
                  00000708    00000132     driverlib.lib : gpio.obj (.text:GPIOPadConfigSet)
                  0000083a    00000002     rtsv7M4_T_le_v4SPD16_eabi.lib : div0.asm.obj (.text)
                  0000083c    00000110     driverlib.lib : sysctl.obj (.text:SysCtlClockGet)
                  0000094c    000000f4                   : sysctl.obj (.text:SysCtlClockSet)
                  00000a40    000000e0     main.obj (.text)
                  00000b20    0000009c     rtsv7M4_T_le_v4SPD16_eabi.lib : memcpy_t2.asm.obj (.text)
                  00000bbc    00000068     driverlib.lib : interrupt.obj (.text:IntEnable)
                  00000c24    00000068     rtsv7M4_T_le_v4SPD16_eabi.lib : copy_decompress_lzss.c.obj (.text:decompress:lzss:__TI_decompress_lzss)
                  00000c8c    00000048     driverlib.lib : gpio.obj (.text:GPIOPinConfigure)
                  00000cd4    00000046                   : uart.obj (.text:UARTConfigSetExpClk)
                  00000d1a    00000002     --HOLE-- [fill = 0]
                  00000d1c    00000044     rtsv7M4_T_le_v4SPD16_eabi.lib : autoinit.c.obj (.text:__TI_auto_init_nobinit_nopinit:__TI_auto_init_nobinit_nopinit)
                  00000d60    00000040                                   : u_divt2.asm.obj (.text)
                  00000da0    00000038     driverlib.lib : sysctl.obj (.text:SysCtlPeripheralPresent)
                  00000dd8    00000038     rtsv7M4_T_le_v4SPD16_eabi.lib : boot_cortex_m.c.obj (.text:_c_int00_noargs:_c_int00_noargs)
                  00000e10    00000034     driverlib.lib : sysctl.obj (.text:SysCtlPeripheralEnable)
                  00000e44    0000002a                   : gpio.obj (.text:GPIODirModeSet)
                  00000e6e    00000002     --HOLE-- [fill = 0]
                  00000e70    00000020                   : uart.obj (.text:UARTDisable)
                  00000e90    00000018                   : gpio.obj (.text:GPIOPinTypeGPIOOutput)
                  00000ea8    00000014                   : uart.obj (.text:UARTEnable)
                  00000ebc    00000012                   : gpio.obj (.text:GPIOPinTypeUART)
                  00000ece    00000010                   : interrupt.obj (.text:IntMasterEnable)
                  00000ede    0000000e                   : uart.obj (.text:UARTCharGetNonBlocking)
                  00000eec    0000000e                   : uart.obj (.text:UARTCharPutNonBlocking)
                  00000efa    0000000e                   : uart.obj (.text:UARTCharsAvail)
                  00000f08    0000000e     rtsv7M4_T_le_v4SPD16_eabi.lib : copy_decompress_none.c.obj (.text:decompress:none:__TI_decompress_none)
                  00000f16    0000000c     driverlib.lib : cpu.obj (.text:CPUcpsie)
                  00000f22    0000000c     tm4c123gh6pm_startup_ccs.obj (.text)
                  00000f2e    0000000a     driverlib.lib : uart.obj (.text:UARTCharGet)
                  00000f38    0000000a                   : uart.obj (.text:UARTCharPut)
                  00000f42    0000000a                   : uart.obj (.text:UARTIntStatus)
                  00000f4c    00000008                   : uart.obj (.text:UARTIntEnable)
                  00000f54    00000006                   : gpio.obj (.text:GPIOPinWrite)
                  00000f5a    00000006                   : sysctl.obj (.text:SysCtlDelay)
                  00000f60    00000004                   : uart.obj (.text:UARTIntClear)
                  00000f64    00000004     rtsv7M4_T_le_v4SPD16_eabi.lib : pre_init.c.obj (.text:_system_pre_init)
                  00000f68    00000004                                   : exit.c.obj (.text:abort:abort)

.const     0    00000f6c    0000019c     
                  00000f6c    00000090     driverlib.lib : gpio.obj (.const:g_pui32GPIOBaseAddrs)
                  00000ffc    00000070                   : interrupt.obj (.const)
                  0000106c    0000006c                   : sysctl.obj (.const:g_pui32Xtals)
                  000010d8    00000012     uartstdio.obj (.const:.string)
                  000010ea    00000002     --HOLE-- [fill = 0]
                  000010ec    0000000c     uartstdio.obj (.const:g_ui32UARTBase)
                  000010f8    0000000c     uartstdio.obj (.const:g_ui32UARTPeriph)
                  00001104    00000004     uartstdio.obj (.const)

.cinit     0    00001108    00000018     
                  00001108    00000008     (__TI_handler_table)
                  00001110    00000007     (.cinit..data.load) [load image, compression = lzss]
                  00001117    00000001     --HOLE-- [fill = 0]
                  00001118    00000008     (__TI_cinit_table)

.init_array 
*          0    00000000    00000000     UNINITIALIZED

.data      0    20000200    00000005     UNINITIALIZED
                  20000200    00000005     uartstdio.obj (.data)

.stack     0    20000000    00000200     UNINITIALIZED
                  20000000    00000004     rtsv7M4_T_le_v4SPD16_eabi.lib : boot_cortex_m.c.obj (.stack)
                  20000004    000001fc     --HOLE--

MODULE SUMMARY

       Module                         code   ro data   rw data
       ------                         ----   -------   -------
    .\
       uartstdio.obj                  1180   46        5      
       tm4c123gh6pm_startup_ccs.obj   12     620       0      
       main.obj                       224    0         0      
    +--+------------------------------+------+---------+---------+
       Total:                         1416   666       5      
                                                              
    D:/Coding/CCS8/TivaC123/driverlib/ccs/Debug/driverlib.lib
       sysctl.obj                     630    108       0      
       gpio.obj                       468    144       0      
       interrupt.obj                  120    112       0      
       uart.obj                       206    0         0      
       cpu.obj                        12     0         0      
    +--+------------------------------+------+---------+---------+
       Total:                         1436   364       0      
                                                              
    D:\Coding\CCS8\ccsv8\tools\compiler\ti-cgt-arm_18.1.3.LTS\lib\rtsv7M4_T_le_v4SPD16_eabi.lib
       memcpy_t2.asm.obj              156    0         0      
       copy_decompress_lzss.c.obj     104    0         0      
       autoinit.c.obj                 68     0         0      
       u_divt2.asm.obj                64     0         0      
       boot_cortex_m.c.obj            56     0         0      
       copy_decompress_none.c.obj     14     0         0      
       exit.c.obj                     4      0         0      
       pre_init.c.obj                 4      0         0      
       div0.asm.obj                   2      0         0      
    +--+------------------------------+------+---------+---------+
       Total:                         472    0         0      
                                                              
       Stack:                         0      0         512    
       Linker Generated:              0      23        0      
    +--+------------------------------+------+---------+---------+
       Grand Total:                   3324   1053      517    


LINKER GENERATED COPY TABLES

__TI_cinit_table @ 00001118 records: 1, size/record: 8, table size: 8
	.data: load addr=00001110, load size=00000007 bytes, run addr=20000200, run size=00000005 bytes, compression=lzss


LINKER GENERATED HANDLER TABLE

__TI_handler_table @ 00001108 records: 2, size/record: 4, table size: 8
	index: 0, handler: __TI_decompress_lzss
	index: 1, handler: __TI_decompress_none


GLOBAL SYMBOLS: SORTED ALPHABETICALLY BY Name 

address   name                          
-------   ----                          
00000f69  C$$EXIT                       
00000f17  CPUcpsie                      
00000e45  GPIODirModeSet                
00000709  GPIOPadConfigSet              
00000c8d  GPIOPinConfigure              
00000e91  GPIOPinTypeGPIOOutput         
00000ebd  GPIOPinTypeUART               
00000f55  GPIOPinWrite                  
00000bbd  IntEnable                     
00000ecf  IntMasterEnable               
00000f23  ResetISR                      
0000083d  SysCtlClockGet                
0000094d  SysCtlClockSet                
00000f5b  SysCtlDelay                   
00000e11  SysCtlPeripheralEnable        
00000da1  SysCtlPeripheralPresent       
00000f2f  UARTCharGet                   
00000edf  UARTCharGetNonBlocking        
00000f39  UARTCharPut                   
00000eed  UARTCharPutNonBlocking        
00000efb  UARTCharsAvail                
00000cd5  UARTConfigSetExpClk           
00000e71  UARTDisable                   
00000ea9  UARTEnable                    
00000f61  UARTIntClear                  
00000f4d  UARTIntEnable                 
00000a41  UARTIntHandler                
00000f43  UARTIntStatus                 
0000026d  UARTStdioConfig               
000003b3  UARTgetc                      
000002f9  UARTgets                      
000006d3  UARTprintf                    
000003d9  UARTvprintf                   
000002b3  UARTwrite                     
20000200  __STACK_END                   
00000200  __STACK_SIZE                  
20000200  __STACK_TOP                   
00001118  __TI_CINIT_Base               
00001120  __TI_CINIT_Limit              
00001108  __TI_Handler_Table_Base       
00001110  __TI_Handler_Table_Limit      
00000d1d  __TI_auto_init_nobinit_nopinit
00000c25  __TI_decompress_lzss          
00000f09  __TI_decompress_none          
ffffffff  __TI_pprof_out_hndl           
ffffffff  __TI_prof_data_size           
ffffffff  __TI_prof_data_start          
00000000  __TI_static_base__            
0000083b  __aeabi_idiv0                 
0000083b  __aeabi_ldiv0                 
00000b21  __aeabi_memcpy                
00000b21  __aeabi_memcpy4               
00000b21  __aeabi_memcpy8               
00000d61  __aeabi_uidiv                 
00000d61  __aeabi_uidivmod              
ffffffff  __binit__                     
ffffffff  __c_args__                    
UNDEFED   __mpu_init                    
20000000  __stack                       
00000dd9  _c_int00_noargs               
UNDEFED   _system_post_cinit            
00000f65  _system_pre_init              
00000f69  abort                         
ffffffff  binit                         
00000000  g_pfnVectors                  
00000a95  main                          
00000b21  memcpy                        


GLOBAL SYMBOLS: SORTED BY Symbol Address 

address   name                          
-------   ----                          
00000000  __TI_static_base__            
00000000  g_pfnVectors                  
00000200  __STACK_SIZE                  
0000026d  UARTStdioConfig               
000002b3  UARTwrite                     
000002f9  UARTgets                      
000003b3  UARTgetc                      
000003d9  UARTvprintf                   
000006d3  UARTprintf                    
00000709  GPIOPadConfigSet              
0000083b  __aeabi_idiv0                 
0000083b  __aeabi_ldiv0                 
0000083d  SysCtlClockGet                
0000094d  SysCtlClockSet                
00000a41  UARTIntHandler                
00000a95  main                          
00000b21  __aeabi_memcpy                
00000b21  __aeabi_memcpy4               
00000b21  __aeabi_memcpy8               
00000b21  memcpy                        
00000bbd  IntEnable                     
00000c25  __TI_decompress_lzss          
00000c8d  GPIOPinConfigure              
00000cd5  UARTConfigSetExpClk           
00000d1d  __TI_auto_init_nobinit_nopinit
00000d61  __aeabi_uidiv                 
00000d61  __aeabi_uidivmod              
00000da1  SysCtlPeripheralPresent       
00000dd9  _c_int00_noargs               
00000e11  SysCtlPeripheralEnable        
00000e45  GPIODirModeSet                
00000e71  UARTDisable                   
00000e91  GPIOPinTypeGPIOOutput         
00000ea9  UARTEnable                    
00000ebd  GPIOPinTypeUART               
00000ecf  IntMasterEnable               
00000edf  UARTCharGetNonBlocking        
00000eed  UARTCharPutNonBlocking        
00000efb  UARTCharsAvail                
00000f09  __TI_decompress_none          
00000f17  CPUcpsie                      
00000f23  ResetISR                      
00000f2f  UARTCharGet                   
00000f39  UARTCharPut                   
00000f43  UARTIntStatus                 
00000f4d  UARTIntEnable                 
00000f55  GPIOPinWrite                  
00000f5b  SysCtlDelay                   
00000f61  UARTIntClear                  
00000f65  _system_pre_init              
00000f69  C$$EXIT                       
00000f69  abort                         
00001108  __TI_Handler_Table_Base       
00001110  __TI_Handler_Table_Limit      
00001118  __TI_CINIT_Base               
00001120  __TI_CINIT_Limit              
20000000  __stack                       
20000200  __STACK_END                   
20000200  __STACK_TOP                   
ffffffff  __TI_pprof_out_hndl           
ffffffff  __TI_prof_data_size           
ffffffff  __TI_prof_data_start          
ffffffff  __binit__                     
ffffffff  __c_args__                    
ffffffff  binit                         
UNDEFED   __mpu_init                    
UNDEFED   _system_post_cinit            

[67 symbols]
