******************************************************************************
                  TI ARM Linker PC v18.1.4                     
******************************************************************************
>> Linked Mon Dec  3 21:20:42 2018

OUTPUT FILE NAME:   <hello_CC1350_LAUNCHXL_tirtos_ccs.out>
ENTRY POINT SYMBOL: "ResetISR"  address: 000041d1


MEMORY CONFIGURATION

         name            origin    length      used     unused   attr    fill
----------------------  --------  ---------  --------  --------  ----  --------
  FLASH                 00000000   00020000  0000680c  000197f4  R  X
  SRAM                  20000000   00005000  000032f2  00001d0e  RW X


SEGMENT ALLOCATION MAP

run origin  load origin   length   init length attrs members
----------  ----------- ---------- ----------- ----- -------
00000000    00000000    000067b8   000067b8    r-x
  00000000    00000000    0000003c   0000003c    r-- .resetVecs
  0000003c    0000003c    00005e9e   00005e9e    r-x .text
  00005edc    00005edc    00000702   00000702    r-- .const
  000065e0    000065e0    000001d8   000001d8    r-- .cinit
0001ffa8    0001ffa8    00000058   00000058    r--
  0001ffa8    0001ffa8    00000058   00000058    r-- .ccfg
20000100    20000100    000017b0   00000000    rw-
  20000100    20000100    000017b0   00000000    rw- .bss
200018b0    200018b0    00001000   00000000    r--
  200018b0    200018b0    00001000   00000000    r-- .priheap
200028b0    200028b0    0000067a   00000000    rw-
  200028b0    200028b0    0000067a   00000000    rw- .data
20004c00    20004c00    00000400   00000000    rw-
  20004c00    20004c00    00000400   00000000    rw- .stack


SECTION ALLOCATION MAP

 output                                  attributes/
section   page    origin      length       input sections
--------  ----  ----------  ----------   ----------------
.cinit     0    000065e0    000001d8     
                  000065e0    000001ad     (.cinit..data.load) [load image, compression = lzss]
                  0000678d    00000003     --HOLE-- [fill = 0]
                  00006790    0000000c     (__TI_handler_table)
                  0000679c    00000004     --HOLE-- [fill = 0]
                  000067a0    00000008     (.cinit..bss.load) [load image, compression = zero_init]
                  000067a8    00000010     (__TI_cinit_table)

.init_array 
*          0    00000000    00000000     UNINITIALIZED

.ccfg      0    0001ffa8    00000058     
                  0001ffa8    00000058     ccfg.obj (.ccfg:retain)

.bss       0    20000100    000017b0     UNINITIALIZED
                  20000100    00000400     hello.obj (.bss:urgentWorkTaskStack)
                  20000500    00000400     hello.obj (.bss:workTaskStack)
                  20000900    00000400     (.common:ti_uia_loggers_LoggerStopMode_Instance_State_0_packetArray__A)
                  20000d00    00000400     (.common:ti_uia_loggers_LoggerStopMode_Instance_State_1_packetArray__A)
                  20001100    00000200     hello_pem3.oem3 (.bss:taskStackSection)
                  20001300    00000200     (.common:xdc_runtime_SysMin_Module_State_0_outbuf__A)
                  20001500    00000120     rtsv7M3_T_le_eabi.lib : trgmsg.c.obj (.bss:_CIOBUF_)
                  20001620    000000c8     (.common:ti_sysbios_family_arm_m3_Hwi_dispatchTable)
                  200016e8    00000050     (.common:urgentWorkTask)
                  20001738    00000050     (.common:workTask)
                  20001788    00000014     driverlib.lib : osc.obj (.bss:oscHfGlobals)
                  2000179c    00000008     dpl_cc13x0.aem3 : PowerCC26XX_tirtos.oem3 (.bss:$O1$$)
                  200017a4    00000008     driverlib.lib : sys_ctrl.obj (.bss:powerQualGlobals)
                  200017ac    00000008     (.common:parmbuf)
                  200017b4    00000004     (.common:ClockP_tickPeriod)
                  200017b8    00000001     (.common:driverlib_release_0_52354)
                  200017b9    00000047     --HOLE--
                  20001800    00000030     (.common:ti_uia_loggers_LoggerStopMode_Instance_State_0_hdr__A)
                  20001830    00000050     --HOLE--
                  20001880    00000030     (.common:ti_uia_loggers_LoggerStopMode_Instance_State_1_hdr__A)

.data      0    200028b0    0000067a     UNINITIALIZED
                  200028b0    00000114     drivers_cc13x0.aem3 : PINCC26XX.oem3 (.data:$O1$$)
                  200029c4    00000114                         : PowerCC26XX.oem3 (.data:PowerCC26XX_module)
                  20002ad8    00000068     hello_pem3.oem3 (.data:ti_uia_loggers_LoggerStopMode_Object__table__V)
                  20002b40    00000054     drivers_cc13x0.aem3 : GPIOCC26XX.oem3 (.data:$O1$$)
                  20002b94    0000004c     hello_pem3.oem3 (.data:ti_sysbios_knl_Task_Object__table__V)
                  20002be0    00000048     hello_pem3.oem3 (.data:ti_sysbios_family_arm_cc26xx_Timer_Object__table__V)
                  20002c28    00000044     hello_pem3.oem3 (.data:ti_sysbios_knl_Task_Module__state__V)
                  20002c6c    00000038     hello_pem3.oem3 (.data:ti_sysbios_gates_GateMutex_Object__table__V)
                  20002ca4    00000034     hello_pem3.oem3 (.data:ti_sysbios_family_arm_m3_Hwi_Module__state__V)
                  20002cd8    00000030     hello_pem3.oem3 (.data:ti_sysbios_knl_Swi_Module_State_0_readyQ__A)
                  20002d08    00000030     hello_pem3.oem3 (.data:ti_sysbios_knl_Swi_Object__table__V)
                  20002d38    0000002c     CC1350_LAUNCHXL.obj (.data:gpioPinConfigs)
                  20002d64    0000002c     hello_pem3.oem3 (.data:ti_sysbios_knl_Clock_Module__state__V)
                  20002d90    00000024     hello_pem3.oem3 (.data:ti_sysbios_BIOS_Module__state__V)
                  20002db4    00000020     hello_pem3.oem3 (.data:ti_sysbios_knl_Clock_Object__table__V)
                  20002dd4    00000020     hello_pem3.oem3 (.data:ti_sysbios_knl_Task_Module_State_0_readyQ__A)
                  20002df4    00000020     hello_pem3.oem3 (.data:xdc_runtime_Error_IgnoreBlock)
                  20002e14    0000001c     hello_pem3.oem3 (.data:ti_sysbios_knl_Swi_Module__state__V)
                  20002e30    00000018     hello_pem3.oem3 (.data:ti_sysbios_family_arm_m3_Hwi_Object__table__V)
                  20002e48    00000018     hello_pem3.oem3 (.data:ti_sysbios_heaps_HeapMem_Object__table__V)
                  20002e60    00000010     CC1350_LAUNCHXL.obj (.data:gpioCallbackFunctions)
                  20002e70    0000000c     hello_pem3.oem3 (.data:ti_sysbios_knl_Task_Module__root__V)
                  20002e7c    0000000c     hello_pem3.oem3 (.data:ti_uia_runtime_QueueDescriptor_Module__state__V)
                  20002e88    0000000c     hello_pem3.oem3 (.data:xdc_runtime_SysMin_Module__state__V)
                  20002e94    00000008     rtsv7M3_T_le_eabi.lib : _lock.c.obj (.data:$O1$$)
                  20002e9c    00000008     ti.uia.runtime.aem3 : QueueDescriptor.oem3 (.data)
                  20002ea4    00000008     hello_pem3.oem3 (.data:ti_sysbios_family_arm_cc26xx_Timer_Module__state__V)
                  20002eac    00000008     hello_pem3.oem3 (.data:ti_sysbios_family_arm_m3_Hwi_Module__root__V)
                  20002eb4    00000008     hello_pem3.oem3 (.data:ti_sysbios_gates_GateHwi_Module__root__V)
                  20002ebc    00000008     hello_pem3.oem3 (.data:ti_sysbios_gates_GateMutex_Module__root__V)
                  20002ec4    00000008     hello_pem3.oem3 (.data:ti_sysbios_heaps_HeapMem_Module__root__V)
                  20002ecc    00000008     hello_pem3.oem3 (.data:ti_sysbios_knl_Clock_Module__root__V)
                  20002ed4    00000008     hello_pem3.oem3 (.data:ti_sysbios_knl_Queue_Module__root__V)
                  20002edc    00000008     hello_pem3.oem3 (.data:ti_sysbios_knl_Semaphore_Module__root__V)
                  20002ee4    00000008     hello_pem3.oem3 (.data:ti_sysbios_knl_Swi_Module__root__V)
                  20002eec    00000008     hello_pem3.oem3 (.data:ti_uia_loggers_LoggerStopMode_Module__root__V)
                  20002ef4    00000008     hello_pem3.oem3 (.data:xdc_runtime_Startup_Module__state__V)
                  20002efc    00000008     hello_pem3.oem3 (.data:xdc_runtime_System_Module_State_0_atexitHandlers__A)
                  20002f04    00000008     hello_pem3.oem3 (.data:xdc_runtime_System_Module__state__V)
                  20002f0c    00000004     rtsv7M3_T_le_eabi.lib : stkdepth_vars.c.obj (.data)
                  20002f10    00000004     hello_pem3.oem3 (.data:ti_sysbios_family_arm_cc26xx_TimestampProvider_Module__state__V)
                  20002f14    00000004     hello_pem3.oem3 (.data:ti_sysbios_family_arm_m3_Hwi_Module_State_0_excContext__A)
                  20002f18    00000004     hello_pem3.oem3 (.data:ti_sysbios_family_arm_m3_Hwi_Module_State_0_excStack__A)
                  20002f1c    00000004     hello_pem3.oem3 (.data:ti_sysbios_gates_GateHwi_Object__table__V)
                  20002f20    00000004     hello_pem3.oem3 (.data:ti_sysbios_knl_Task_Module_State_0_idleTask__A)
                  20002f24    00000004     hello_pem3.oem3 (.data:xdc_runtime_Memory_Module__state__V)
                  20002f28    00000002     hello_pem3.oem3 (.data:ti_sysbios_family_arm_m3_Hwi_Module_State_0_excActive__A)

.priheap   0    200018b0    00001000     UNINITIALIZED
                  200018b0    00001000     --HOLE--

.stack     0    20004c00    00000400     UNINITIALIZED
                  20004c00    00000400     --HOLE--

.bootVecs 
*          0    00000000    00000008     DSECT
                  00000000    00000008     boot.aem3 : boot.oem3 (.bootVecs)

.resetVecs 
*          0    00000000    0000003c     
                  00000000    0000003c     hello_pem3.oem3 (.resetVecs)

.vecs      0    20000000    000000c8     NOLOAD SECTION
                  20000000    000000c8     hello_pem3.oem3 (.vecs)

xdc.meta   0    00000000    000000f9     COPY SECTION
                  00000000    000000f9     hello_pem3.oem3 (xdc.meta)

xdc.noload 
*          0    00000000    00000000     COPY SECTION

.binit     0    00000000    00000000     

.text      0    0000003c    00005e9e     
                  0000003c    0000030c     drivers_cc13x0.aem3 : PowerCC26XX_calibrateRCOSC.oem3 (.text:PowerCC26XX_auxISR)
                  00000348    00000228     driverlib.lib : sys_ctrl.obj (.text:NOROM_SysCtrlSetRechargeBeforePowerDown)
                  00000570    00000224     drivers_cc13x0.aem3 : PowerCC26XX.oem3 (.text:Power_sleep)
                  00000794    000001b8                         : PINCC26XX.oem3 (.text:PIN_init)
                  0000094c    00000190                         : PowerCC26XX_calibrateRCOSC.oem3 (.text:PowerCC26XX_doCalibrate)
                  00000adc    00000138     hello_pem3.oem3 (.text:ti_uia_loggers_LoggerStopMode_writeMemoryRange__E)
                  00000c14    0000012c     sysbios.aem3 : BIOS.obj (.text:ti_sysbios_knl_Semaphore_pend__E)
                  00000d40    00000124     driverlib.lib : setup_rom.obj (.text:NOROM_SetupAfterColdResetWakeupFromShutDownCfg3)
                  00000e64    0000011c     sysbios.aem3 : BIOS.obj (.text:ti_sysbios_family_arm_m3_Hwi_dispatchC__I)
                  00000f80    00000114     drivers_cc13x0.aem3 : PowerCC26XX.oem3 (.text:Power_init)
                  00001094    00000114     sysbios.aem3 : BIOS.obj (.text:ti_sysbios_knl_Swi_run__I)
                  000011a8    0000010c     hello_pem3.oem3 (.text:ti_uia_loggers_LoggerStopMode_write8__E)
                  000012b4    00000100     drivers_cc13x0.aem3 : GPIOCC26XX.oem3 (.text:GPIO_setConfig)
                  000013b4    000000f8     sysbios.aem3 : BIOS.obj (.text:xdc_runtime_Startup_startMods__I)
                  000014ac    000000f4     hello_pem3.oem3 (.text:ti_uia_loggers_LoggerStopMode_write4__E)
                  000015a0    000000f0     driverlib.lib : setup_rom.obj (.text:NOROM_SetupAfterColdResetWakeupFromShutDownCfg2)
                  00001690    000000e8     hello_pem3.oem3 (.text:ti_uia_loggers_LoggerStopMode_write1__E)
                  00001778    000000e8     hello_pem3.oem3 (.text:ti_uia_loggers_LoggerStopMode_write2__E)
                  00001860    000000e4     dpl_cc13x0.aem3 : PowerCC26XX_tirtos.oem3 (.text:PowerCC26XX_standbyPolicy)
                  00001944    000000dc     drivers_cc13x0.aem3 : PINCC26XX.oem3 (.text:PINCC26XX_setIoCfg)
                  00001a20    000000d8     sysbios.aem3 : BIOS.obj (.text:ti_sysbios_knl_Clock_walkQueueDynamic__E)
                  00001af8    000000d8     hello_pem3.oem3 (.text:ti_uia_loggers_LoggerStopMode_write0__E)
                  00001bd0    000000d0     sysbios.aem3 : BIOS.obj (.text:ti_sysbios_knl_Task_sleep__E)
                  00001ca0    000000cc                  : m3_Hwi_asm.obj (.text:ti_sysbios_family_arm_m3_Hwi_dispatch__I)
                  00001d6c    000000c4     driverlib.lib : setup.obj (.text:TrimAfterColdResetWakeupFromShutDown)
                  00001e30    000000c4     sysbios.aem3 : BIOS.obj (.text:ti_sysbios_knl_Task_schedule__I)
                  00001ef4    000000bc     drivers_cc13x0.aem3 : GPIOCC26XX.oem3 (.text:GPIO_init)
                  00001fb0    000000bc                         : PowerCC26XX.oem3 (.text:Power_releaseDependency)
                  0000206c    000000bc     sysbios.aem3 : BIOS.obj (.text:ti_sysbios_knl_Task_Instance_init__E)
                  00002128    000000b8                  : BIOS.obj (.text:ti_sysbios_knl_Semaphore_post__E)
                  000021e0    000000b8                  : BIOS.obj (.text:ti_sysbios_knl_Task_startCore__E)
                  00002298    000000b4     drivers_cc13x0.aem3 : PowerCC26XX.oem3 (.text:Power_setDependency)
                  0000234c    000000a8     driverlib.lib : setup.obj (.text:NOROM_SetupTrimDevice)
                  000023f4    000000a8     sysbios.aem3 : BIOS.obj (.text:ti_sysbios_knl_Swi_post__E)
                  0000249c    000000a4     driverlib.lib : setup_rom.obj (.text:NOROM_SetupAfterColdResetWakeupFromShutDownCfg1)
                  00002540    000000a4     drivers_cc13x0.aem3 : PowerCC26XX.oem3 (.text:switchXOSCHFclockFunc)
                  000025e4    000000a0     auto_init.aem3 : auto_init.oem3 (.text)
                  00002684    0000009c     rtsv7M3_T_le_eabi.lib : memcpy_t2.asm.obj (.text)
                  00002720    0000009c     sysbios.aem3 : BIOS.obj (.text:ti_sysbios_knl_Task_blockI__E)
                  000027bc    00000098     drivers_cc13x0.aem3 : PINCC26XX.oem3 (.text:PIN_open)
                  00002854    00000098     sysbios.aem3 : BIOS.obj (.text:ti_sysbios_knl_Clock_workFuncDynamic__E)
                  000028ec    00000096     rtsv7M3_T_le_eabi.lib : ull_div_t2.asm.obj (.text)
                  00002982    00000002                           : _lock.c.obj (.text:_nop)
                  00002984    00000094     sysbios.aem3 : BIOS.obj (.text:ti_sysbios_knl_Task_Instance_finalize__E)
                  00002a18    00000094                  : BIOS.obj (.text:ti_sysbios_knl_Task_exit__E)
                  00002aac    00000090                  : BIOS.obj (.text:ti_sysbios_family_arm_cc26xx_Timer_start__E)
                  00002b3c    00000090                  : BIOS.obj (.text:ti_sysbios_knl_Task_unblockI__E)
                  00002bcc    00000090     ti.uia.loggers.aem3 : LoggerStopMode.oem3 (.text:ti_uia_loggers_LoggerStopMode_initQueueDescriptor__E)
                  00002c5c    0000008c     sysbios.aem3 : BIOS.obj (.text:ti_sysbios_family_arm_m3_Hwi_Instance_init__E)
                  00002ce8    00000084     CC1350_LAUNCHXL_fxns.obj (.text:CC1350_LAUNCHXL_sendExtFlashByte)
                  00002d6c    00000084     sysbios.aem3 : BIOS.obj (.text:ti_sysbios_knl_Task_postInit__I)
                  00002df0    00000080                  : BIOS.obj (.text:ti_sysbios_family_arm_m3_Hwi_initNVIC__E)
                  00002e70    0000007a     rtsv7M3_T_le_eabi.lib : memset_t2.asm.obj (.text)
                  00002eea    00000002     drivers_cc13x0.aem3 : PowerCC26XX.oem3 (.text:emptyClockFunc)
                  00002eec    00000074     driverlib.lib : setup_rom.obj (.text:NOROM_SetupSetVddrLevel)
                  00002f60    00000074     sysbios.aem3 : BIOS.obj (.text:ti_sysbios_heaps_HeapMem_allocUnprotected__E)
                  00002fd4    00000074     ti.uia.runtime.aem3 : QueueDescriptor.oem3 (.text:ti_uia_runtime_QueueDescriptor_addToList__E)
                  00003048    00000070     sysbios.aem3 : BIOS.obj (.text:xdc_runtime_Memory_alloc__E)
                  000030b8    0000006e                  : BIOS.obj (.text:xdc_runtime_Core_createObject__I)
                  00003126    00000002     rtsv7M3_T_le_eabi.lib : div0.asm.obj (.text)
                  00003128    0000006c     drivers_cc13x0.aem3 : PowerCC26XX_calibrateRCOSC.oem3 (.text:PowerCC26XX_initiateCalibration)
                  00003194    00000068     driverlib.lib : setup_rom.obj (.text:NOROM_SetupGetTrimForAmpcompCtrl)
                  000031fc    00000068                   : setup_rom.obj (.text:NOROM_SetupGetTrimForAnabypassValue1)
                  00003264    00000068                   : sys_ctrl.obj (.text:NOROM_SysCtrlAdjustRechargeAfterPowerDown)
                  000032cc    00000068                   : sys_ctrl.obj (.text:NOROM_SysCtrl_DCDC_VoltageConditionalControl)
                  00003334    00000068     rtsv7M3_T_le_eabi.lib : copy_decompress_lzss.c.obj (.text:decompress:lzss:__TI_decompress_lzss)
                  0000339c    00000068     drivers_cc13x0.aem3 : PowerCC26XX.oem3 (.text:lfClockReadyCallback)
                  00003404    00000068     sysbios.aem3 : BIOS.obj (.text:ti_sysbios_knl_Clock_startI__E)
                  0000346c    00000068                  : BIOS.obj (.text:ti_sysbios_knl_Swi_restoreHwi__E)
                  000034d4    00000066     ti.uia.loggers.aem3 : LoggerStopMode.oem3 (.text:ti_uia_loggers_LoggerStopMode_flush__E)
                  0000353a    00000066     sysbios.aem3 : BIOS.obj (.text:xdc_runtime_Core_deleteObject__I)
                  000035a0    00000064     driverlib.lib : osc.obj (.text:NOROM_OSCHF_AttemptToSwitchToXosc)
                  00003604    00000064     drivers_cc13x0.aem3 : PINCC26XX.oem3 (.text:PIN_add)
                  00003668    00000064                         : PowerCC26XX.oem3 (.text:configureXOSCHF)
                  000036cc    00000064     hello.obj (.text:main)
                  00003730    00000064     sysbios.aem3 : BIOS.obj (.text:ti_sysbios_heaps_HeapMem_initPrimary__I)
                  00003794    00000060     driverlib.lib : osc.obj (.text:NOROM_OSCClockSourceSet)
                  000037f4    00000060     drivers_cc13x0.aem3 : PowerCC26XX.oem3 (.text:PowerCC26XX_calibrate)
                  00003854    00000060     sysbios.aem3 : BIOS.obj (.text:ti_sysbios_knl_Clock_logTick__E)
                  000038b4    0000005e                  : BIOS.obj (.text:ti_sysbios_heaps_HeapMem_freeUnprotected__E)
                  00003912    00000002                  : BIOS.obj (.text:ti_sysbios_BIOS_linkedWithIncorrectBootLibrary__E)
                  00003914    0000005c     drivers_cc13x0.aem3 : PowerCC26XX_calibrateRCOSC.oem3 (.text:PowerCC26XX_RCOSC_clockFunc)
                  00003970    0000005c     sysbios.aem3 : BIOS.obj (.text:ti_sysbios_knl_Task_Module_startup__E)
                  000039cc    00000058     rtsv7M3_T_le_eabi.lib : hostwrite.c.obj (.text:HOSTwrite)
                  00003a24    00000058     drivers_cc13x0.aem3 : PINCC26XX.oem3 (.text:PIN_remove)
                  00003a7c    00000058     sysbios.aem3 : BIOS.obj (.text:ti_sysbios_family_arm_m3_Hwi_postInit__I)
                  00003ad4    00000058                  : BIOS.obj (.text:ti_sysbios_heaps_HeapMem_alloc__E)
                  00003b2c    00000054     drivers_cc13x0.aem3 : GPIOCC26XX.oem3 (.text:GPIO_write)
                  00003b80    00000054                         : GPIOCC26XX.oem3 (.text:powerPostNotify)
                  00003bd4    00000054     sysbios.aem3 : BIOS.obj (.text:ti_sysbios_knl_Swi_schedule__I)
                  00003c28    00000050     dpl_cc13x0.aem3 : ClockP_tirtos.oem3 (.text:ClockP_construct)
                  00003c78    00000050     driverlib.lib : setup_rom.obj (.text:NOROM_SetupSetCacheModeAccordingToCcfgSetting)
                  00003cc8    00000050     hello_pem3.oem3 (.text:ti_sysbios_family_arm_m3_Hwi_construct)
                  00003d18    00000050     sysbios.aem3 : BIOS.obj (.text:ti_sysbios_knl_Swi_Instance_init__E)
                  00003d68    00000050                  : BIOS.obj (.text:ti_sysbios_knl_Swi_runLoop__I)
                  00003db8    00000050                  : BIOS.obj (.text:xdc_runtime_Startup_exec__E)
                  00003e08    0000004c     CC1350_LAUNCHXL_fxns.obj (.text:CC1350_LAUNCHXL_wakeUpExtFlash)
                  00003e54    0000004c     drivers_cc13x0.aem3 : GPIOCC26XX.oem3 (.text:GPIO_enableInt)
                  00003ea0    0000004c     rtsv7M3_T_le_eabi.lib : cpy_tbl.c.obj (.text:copy_in)
                  00003eec    0000004c     sysbios.aem3 : m3_TaskSupport_asm.obj (.text:ti_sysbios_family_arm_m3_TaskSupport_buildTaskStack)
                  00003f38    0000004c     hello_pem3.oem3 (.text:ti_sysbios_knl_Swi_construct)
                  00003f84    0000004c     hello_pem3.oem3 (.text:ti_sysbios_knl_Task_construct)
                  00003fd0    0000004c     ti.uia.loggers.aem3 : LoggerStopMode.oem3 (.text:ti_uia_loggers_LoggerStopMode_Module_startup__E)
                  0000401c    0000004c     sysbios.aem3 : BIOS.obj (.text:xdc_runtime_Assert_raise__I)
                  00004068    00000048                  : BIOS.obj (.text:ti_sysbios_family_arm_m3_Hwi_Module_startup__E)
                  000040b0    00000048                  : m3_Hwi_asm_switch.obj (.text:ti_sysbios_family_arm_m3_Hwi_initStacks__E)
                  000040f8    00000048                  : BIOS.obj (.text:ti_sysbios_heaps_HeapMem_getStats__E)
                  00004140    00000048                  : BIOS.obj (.text:xdc_runtime_Core_assignParams__I)
                  00004188    00000048                  : BIOS.obj (.text:xdc_runtime_Core_constructObject__I)
                  000041d0    00000044     boot.aem3 : boot.oem3 (.text)
                  00004214    00000044     sysbios.aem3 : BIOS.obj (.text:ti_sysbios_family_arm_m3_Hwi_disableInterrupt__E)
                  00004258    00000044                  : BIOS.obj (.text:ti_sysbios_family_arm_m3_Hwi_enableInterrupt__E)
                  0000429c    00000044                  : BIOS.obj (.text:ti_sysbios_knl_Task_allBlockedFunction__I)
                  000042e0    00000044     ti.uia.loggers.aem3 : LoggerStopMode.oem3 (.text:ti_uia_loggers_LoggerStopMode_initBuffer__I)
                  00004324    00000044     sysbios.aem3 : BIOS.obj (.text:xdc_runtime_SysMin_flush__E)
                  00004368    00000040     CC1350_LAUNCHXL_fxns.obj (.text:CC1350_LAUNCHXL_shutDownExtFlash)
                  000043a8    00000040     drivers_cc13x0.aem3 : PINCC26XX.oem3 (.text:PIN_swi)
                  000043e8    00000040     sysbios.aem3 : BIOS.obj (.text:ti_sysbios_family_arm_cc26xx_Timer_setThreshold__I)
                  00004428    00000040                  : BIOS.obj (.text:ti_sysbios_family_arm_m3_Hwi_getStackInfo__E)
                  00004468    0000003e     dpl_cc13x0.aem3 : HwiP_tirtos.oem3 (.text:HwiP_construct)
                  000044a6    00000002     hello_pem3.oem3 (.text:ti_sysbios_BIOS_nullFunc__I)
                  000044a8    0000003c     driverlib.lib : chipinfo.obj (.text:NOROM_ChipInfo_GetHwRevision)
                  000044e4    0000003c                   : osc.obj (.text:NOROM_OSC_HPOSCRelativeFrequencyOffsetGet)
                  00004520    0000003c     dpl_cc13x0.aem3 : SwiP_tirtos.oem3 (.text:SwiP_construct)
                  0000455c    0000003c     drivers_cc13x0.aem3 : PowerCC26XX.oem3 (.text:disableLfClkQualifiersEnableClkLoss)
                  00004598    0000003c     sysbios.aem3 : BIOS.obj (.text:ti_sysbios_family_arm_m3_Hwi_construct2__E)
                  000045d4    00000038     drivers_cc13x0.aem3 : PINCC26XX.oem3 (.text:PIN_setOutputValue)
                  0000460c    00000038     rtsv7M3_T_le_eabi.lib : trgmsg.c.obj (.text:__TI_writemsg)
                  00004644    00000038     sysbios.aem3 : BIOS.obj (.text:ti_sysbios_family_arm_cc26xx_Timer_getCurrentTick__E)
                  0000467c    00000038                  : BIOS.obj (.text:ti_sysbios_family_arm_m3_Hwi_Instance_finalize__E)
                  000046b4    00000038                  : BIOS.obj (.text:ti_sysbios_heaps_HeapMem_Instance_init__E)
                  000046ec    00000038                  : BIOS.obj (.text:ti_sysbios_knl_Clock_Instance_init__E)
                  00004724    00000038                  : BIOS.obj (.text:xdc_runtime_System_atexit__E)
                  0000475c    00000036                  : BIOS.obj (.text:ti_sysbios_family_arm_cc26xx_Timer_setNextTick__E)
                  00004792    00000002                  : BIOS.obj (.text:ti_sysbios_gates_GateHwi_Instance_init__E)
                  00004794    00000034     drivers_cc13x0.aem3 : GPIOCC26XX.oem3 (.text:GPIO_setCallback)
                  000047c8    00000034     driverlib.lib : osc.obj (.text:NOROM_OSCHF_SwitchToRcOscTurnOffXosc)
                  000047fc    00000034     drivers_cc13x0.aem3 : PINCC26XX.oem3 (.text:PIN_setConfig)
                  00004830    00000034                         : PINCC26XX.oem3 (.text:PIN_setInterrupt)
                  00004864    00000034                         : PowerCC26XX.oem3 (.text:Power_releaseConstraint)
                  00004898    00000034     rtsv7M3_T_le_eabi.lib : trgmsg.c.obj (.text:__TI_readmsg)
                  000048cc    00000034     drivers_cc13x0.aem3 : PowerCC26XX.oem3 (.text:notify)
                  00004900    00000034     sysbios.aem3 : BIOS.obj (.text:ti_sysbios_family_arm_cc26xx_Timer_initDevice__I)
                  00004934    00000034     hello_pem3.oem3 (.text:ti_sysbios_knl_Semaphore_create)
                  00004968    00000034     sysbios.aem3 : BIOS.obj (.text:ti_sysbios_knl_Swi_restore__E)
                  0000499c    00000034     ti.uia.loggers.aem3 : LoggerStopMode.oem3 (.text:ti_uia_loggers_LoggerStopMode_reset__E)
                  000049d0    00000034     sysbios.aem3 : BIOS.obj (.text:xdc_runtime_Core_assignLabel__I)
                  00004a04    00000034                  : BIOS.obj (.text:xdc_runtime_SysMin_abort__E)
                  00004a38    00000034                  : BIOS.obj (.text:xdc_runtime_SysMin_putch__E)
                  00004a6c    00000030     drivers_cc13x0.aem3 : GPIOCC26XX.oem3 (.text:GPIO_hwiIntFxn)
                  00004a9c    00000030     driverlib.lib : chipinfo.obj (.text:NOROM_ChipInfo_GetChipType)
                  00004acc    00000030                   : setup_rom.obj (.text:NOROM_SetupSetAonRtcSubSecInc)
                  00004afc    00000030     drivers_cc13x0.aem3 : PowerCC26XX.oem3 (.text:Power_setConstraint)
                  00004b2c    00000030     hello_pem3.oem3 (.text:ti_sysbios_BIOS_atExitFunc__I)
                  00004b5c    00000030     hello_pem3.oem3 (.text:ti_sysbios_BIOS_startFunc__I)
                  00004b8c    00000030     hello_pem3.oem3 (.text:ti_sysbios_gates_GateHwi_Object__create__S)
                  00004bbc    00000030     hello_pem3.oem3 (.text:ti_sysbios_gates_GateMutex_Object__create__S)
                  00004bec    00000030     sysbios.aem3 : BIOS.obj (.text:ti_sysbios_gates_GateMutex_enter__E)
                  00004c1c    00000030     hello_pem3.oem3 (.text:ti_sysbios_heaps_HeapMem_Object__create__S)
                  00004c4c    00000030     sysbios.aem3 : BIOS.obj (.text:ti_sysbios_heaps_HeapMem_free__E)
                  00004c7c    00000030     hello_pem3.oem3 (.text:ti_sysbios_knl_Clock_construct)
                  00004cac    00000030     hello_pem3.oem3 (.text:ti_sysbios_knl_Semaphore_construct)
                  00004cdc    00000030     sysbios.aem3 : BIOS.obj (.text:ti_sysbios_knl_Task_processVitalTaskFlag__I)
                  00004d0c    00000030     hello_pem3.oem3 (.text:ti_uia_loggers_LoggerStopMode_Object__create__S)
                  00004d3c    00000030     sysbios.aem3 : BIOS.obj (.text:xdc_runtime_System_processAtExit__E)
                  00004d6c    0000002e                  : BIOS.obj (.text:ti_sysbios_family_arm_m3_TaskSupport_start__E)
                  00004d9a    0000002e                  : BIOS.obj (.text:ti_sysbios_hal_Hwi_initStack)
                  00004dc8    0000002c     driverlib.lib : ddi.obj (.text:NOROM_DDI32RegWrite)
                  00004df4    0000002c                   : osc.obj (.text:NOROM_OSCClockSourceGet)
                  00004e20    0000002c                   : setup_rom.obj (.text:NOROM_SetupGetTrimForRadcExtCfg)
                  00004e4c    0000002c     dpl_cc13x0.aem3 : SemaphoreP_tirtos.oem3 (.text:SemaphoreP_constructBinary)
                  00004e78    0000002c                     : SemaphoreP_tirtos.oem3 (.text:SemaphoreP_createBinary)
                  00004ea4    0000002c     sysbios.aem3 : BIOS.obj (.text:ti_sysbios_knl_Clock_getTicksUntilInterrupt__E)
                  00004ed0    0000002c     hello_pem3.oem3 (.text:ti_sysbios_knl_Queue_construct)
                  00004efc    0000002c     sysbios.aem3 : BIOS.obj (.text:ti_sysbios_knl_Semaphore_pendTimeout__I)
                  00004f28    0000002c                  : BIOS.obj (.text:xdc_runtime_Text_cordText__E)
                  00004f54    00000028     driverlib.lib : aon_batmon.obj (.text:NOROM_AONBatMonTemperatureGetDegC)
                  00004f7c    00000028     drivers_cc13x0.aem3 : PowerCC26XX.oem3 (.text:Power_registerNotify)
                  00004fa4    00000028     driverlib.lib : adi.obj (.text:SafeHapiVoid)
                  00004fcc    00000028     sysbios.aem3 : BIOS.obj (.text:ti_sysbios_knl_Clock_addI__E)
                  00004ff4    00000028                  : BIOS.obj (.text:ti_sysbios_knl_Task_restore__E)
                  0000501c    00000028     hello.obj (.text:workTaskFunc)
                  00005044    00000024     hello_pem3.oem3 (.text:ti_sysbios_BIOS_registerRTSLock__I)
                  00005068    00000024     hello_pem3.oem3 (.text:ti_sysbios_BIOS_removeRTSLock__I)
                  0000508c    00000024     sysbios.aem3 : BIOS.obj (.text:ti_sysbios_family_arm_cc26xx_Timer_Module_startup__E)
                  000050b0    00000024                  : BIOS.obj (.text:ti_sysbios_family_arm_cc26xx_Timer_getMaxTicks__E)
                  000050d4    00000024                  : BIOS.obj (.text:ti_sysbios_family_arm_cc26xx_Timer_startup__E)
                  000050f8    00000024     hello_pem3.oem3 (.text:ti_sysbios_gates_GateMutex_Object__delete__S)
                  0000511c    00000024     sysbios.aem3 : BIOS.obj (.text:ti_sysbios_knl_Semaphore_Instance_init__E)
                  00005140    00000024     hello_pem3.oem3 (.text:ti_sysbios_knl_Semaphore_Object__delete__S)
                  00005164    00000024     sysbios.aem3 : BIOS.obj (.text:ti_sysbios_knl_Swi_Module_startup__E)
                  00005188    00000024     hello.obj (.text:urgentWorkTaskFunc)
                  000051ac    00000022     drivers_cc13x0.aem3 : List.oem3 (.text:List_put)
                  000051ce    00000022     sysbios.aem3 : BIOS.obj (.text:ti_sysbios_family_arm_cc26xx_Timer_postInit__I)
                  000051f0    00000022     hello_pem3.oem3 (.text:xdc_runtime_SysMin_output__I)
                  00005212    00000002     sysbios.aem3 : BIOS.obj (.text:ti_sysbios_knl_Clock_triggerFunc__I)
                  00005214    00000020     driverlib.lib : setup_rom.obj (.text:NOROM_SetupGetTrimForXoscHfCtl)
                  00005234    00000020     dpl_cc13x0.aem3 : PowerCC26XX_tirtos.oem3 (.text:PowerCC26XX_schedulerDisable)
                  00005254    00000020                     : PowerCC26XX_tirtos.oem3 (.text:PowerCC26XX_schedulerRestore)
                  00005274    00000020     hello.obj (.text:doUrgentWork)
                  00005294    00000020     hello.obj (.text:doWork)
                  000052b4    00000020     hello_pem3.oem3 (.text:ti_sysbios_BIOS_rtsLock__I)
                  000052d4    00000020     sysbios.aem3 : BIOS.obj (.text:ti_sysbios_family_arm_cc26xx_Timer_dynamicStub__E)
                  000052f4    00000020                  : BIOS.obj (.text:ti_sysbios_family_arm_cc26xx_TimestampProvider_Module_startup__E)
                  00005314    00000020                  : m3_Hwi_asm.obj (.text:ti_sysbios_family_arm_m3_Hwi_excHandlerAsm__I)
                  00005334    00000020                  : BIOS.obj (.text:ti_sysbios_family_arm_m3_Hwi_excHandler__I)
                  00005354    00000020     hello_pem3.oem3 (.text:ti_sysbios_gates_GateHwi_Object__delete__S)
                  00005374    00000020     hello_pem3.oem3 (.text:ti_sysbios_heaps_HeapMem_Object__delete__S)
                  00005394    00000020     sysbios.aem3 : BIOS.obj (.text:ti_sysbios_knl_Clock_Module_startup__E)
                  000053b4    00000020                  : BIOS.obj (.text:ti_sysbios_knl_Clock_getTicks__E)
                  000053d4    00000020                  : BIOS.obj (.text:ti_sysbios_knl_Clock_stop__E)
                  000053f4    00000020                  : BIOS.obj (.text:ti_sysbios_knl_Idle_run__E)
                  00005414    00000020     hello_pem3.oem3 (.text:ti_sysbios_knl_Semaphore_destruct)
                  00005434    00000020     sysbios.aem3 : BIOS.obj (.text:ti_sysbios_knl_Task_restoreHwi__E)
                  00005454    00000020     hello_pem3.oem3 (.text:ti_uia_loggers_LoggerStopMode_Object__delete__S)
                  00005474    00000020     sysbios.aem3 : BIOS.obj (.text:xdc_runtime_SysMin_Module_startup__E)
                  00005494    0000001e     drivers_cc13x0.aem3 : PINCC26XX.oem3 (.text:PIN_close)
                  000054b2    0000001e                         : PowerCC26XX.oem3 (.text:Power_getTransitionLatency)
                  000054d0    0000001e     sysbios.aem3 : m3_Hwi_asm_switch.obj (.text:ti_sysbios_family_xxx_Hwi_switchAndRunFunc)
                  000054ee    00000002                  : BIOS.obj (.text:ti_sysbios_knl_Swi_Instance_finalize__E)
                  000054f0    0000001c     CC1350_LAUNCHXL.obj (.text:CC1350_LAUNCHXL_initGeneral)
                  0000550c    0000001c     driverlib.lib : chipinfo.obj (.text:NOROM_ChipInfo_GetChipFamily)
                  00005528    0000001c                   : setup_rom.obj (.text:NOROM_SetupGetTrimForAmpcompTh2)
                  00005544    0000001c                   : setup_rom.obj (.text:NOROM_SetupGetTrimForRcOscLfRtuneCtuneTrim)
                  00005560    0000001c     drivers_cc13x0.aem3 : PINCC26XX.oem3 (.text:PINCC26XX_setIoCfgMux)
                  0000557c    0000001c                         : PINCC26XX.oem3 (.text:PIN_hwi)
                  00005598    0000001c     sysbios.aem3 : BIOS.obj (.text:ti_sysbios_family_arm_m3_Hwi_setPriority__E)
                  000055b4    0000001c                  : BIOS.obj (.text:ti_sysbios_gates_GateMutex_Instance_init__E)
                  000055d0    0000001c                  : BIOS.obj (.text:ti_sysbios_knl_Clock_scheduleNextTick__E)
                  000055ec    0000001c     hello_pem3.oem3 (.text:ti_sysbios_knl_Queue_destruct)
                  00005608    0000001c     sysbios.aem3 : BIOS.obj (.text:ti_sysbios_knl_Queue_put__E)
                  00005624    0000001c                  : BIOS.obj (.text:ti_sysbios_knl_Swi_construct2__E)
                  00005640    0000001c                  : BIOS.obj (.text:ti_sysbios_knl_Task_enter__I)
                  0000565c    0000001c     ti.uia.loggers.aem3 : LoggerStopMode.oem3 (.text:ti_uia_loggers_LoggerStopMode_Instance_init__E)
                  00005678    0000001c     sysbios.aem3 : BIOS.obj (.text:xdc_runtime_Error_check__E)
                  00005694    0000001c                  : BIOS.obj (.text:xdc_runtime_Error_raiseX__E)
                  000056b0    0000001c                  : BIOS.obj (.text:xdc_runtime_Memory_valloc__E)
                  000056cc    0000001c                  : BIOS.obj (.text:xdc_runtime_SysMin_exit__E)
                  000056e8    0000001c                  : BIOS.obj (.text:xdc_runtime_System_abort__E)
                  00005704    0000001a                  : m3_Hwi_asm.obj (.text:ti_sysbios_family_arm_m3_Hwi_pendSV__I)
                  0000571e    0000001a                  : BIOS.obj (.text:ti_sysbios_knl_Task_sleepTimeout__I)
                  00005738    00000018     driverlib.lib : aon_rtc.obj (.text:NOROM_AONRTCCurrentCompareValueGet)
                  00005750    00000018                   : chipinfo.obj (.text:NOROM_ChipInfo_GetPackageType)
                  00005768    00000018                   : osc.obj (.text:NOROM_OSCHF_TurnOnXosc)
                  00005780    00000018                   : setup_rom.obj (.text:NOROM_SetupGetTrimForAdcShModeEn)
                  00005798    00000018                   : setup_rom.obj (.text:NOROM_SetupGetTrimForAdcShVbufEn)
                  000057b0    00000018                   : setup_rom.obj (.text:NOROM_SetupGetTrimForAmpcompTh1)
                  000057c8    00000018                   : setup_rom.obj (.text:NOROM_SetupGetTrimForDblrLoopFilterResetVoltage)
                  000057e0    00000018                   : setup_rom.obj (.text:NOROM_SetupGetTrimForRcOscLfIBiasTrim)
                  000057f8    00000018                   : setup_rom.obj (.text:NOROM_SetupGetTrimForXoscLfRegulatorAndCmirrwrRatio)
                  00005810    00000018     drivers_cc13x0.aem3 : PowerCC26XX.oem3 (.text:Power_idleFunc)
                  00005828    00000018     rtsv7M3_T_le_eabi.lib : args_main.c.obj (.text:_args_main)
                  00005840    00000018                           : ll_mul_t2.asm.obj (.text)
                  00005858    00000018     hello_pem3.oem3 (.text:ti_sysbios_BIOS_rtsUnlock__I)
                  00005870    00000018     hello_pem3.oem3 (.text:ti_sysbios_family_arm_cc26xx_Timer_Module__startupDone__F)
                  00005888    00000018     hello_pem3.oem3 (.text:ti_sysbios_family_arm_m3_Hwi_Module__startupDone__F)
                  000058a0    00000018     sysbios.aem3 : BIOS.obj (.text:ti_sysbios_family_arm_m3_Hwi_plug__E)
                  000058b8    00000018     hello_pem3.oem3 (.text:ti_sysbios_gates_GateHwi_Handle__label__S)
                  000058d0    00000018     hello_pem3.oem3 (.text:ti_sysbios_gates_GateMutex_Handle__label__S)
                  000058e8    00000018     sysbios.aem3 : BIOS.obj (.text:ti_sysbios_gates_GateMutex_leave__E)
                  00005900    00000018     hello_pem3.oem3 (.text:ti_sysbios_heaps_HeapMem_Handle__label__S)
                  00005918    00000018     sysbios.aem3 : BIOS.obj (.text:ti_sysbios_knl_Swi_or__E)
                  00005930    00000018                  : BIOS.obj (.text:ti_sysbios_knl_Task_unblock__E)
                  00005948    00000018     hello_pem3.oem3 (.text:ti_uia_loggers_LoggerStopMode_Handle__label__S)
                  00005960    00000018     sysbios.aem3 : BIOS.obj (.text:xdc_runtime_System_exit__E)
                  00005978    00000018                  : BIOS.obj (.text:xdc_runtime_Text_ropeText__E)
                  00005990    00000016     driverlib.lib : chipinfo.obj (.text:NOROM_ThisLibraryIsFor_CC13x0_HwRev20AndLater_HaltIfViolated)
                  000059a6    00000016     hello_pem3.oem3 (.text:ti_sysbios_BIOS_exitFunc__I)
                  000059bc    00000016     sysbios.aem3 : BIOS.obj (.text:ti_sysbios_family_arm_cc26xx_TimestampProvider_get64__E)
                  000059d2    00000016                  : BIOS.obj (.text:ti_sysbios_knl_Clock_start__E)
                  000059e8    00000016     hello.obj (.text:ti_sysbios_knl_Task_Params_init)
                  000059fe    00000016     ti.uia.loggers.aem3 : LoggerStopMode.oem3 (.text:ti_uia_loggers_LoggerStopMode_disable__E)
                  00005a14    00000016                         : LoggerStopMode.oem3 (.text:ti_uia_loggers_LoggerStopMode_enable__E)
                  00005a2a    00000002     hello_pem3.oem3 (.text:ti_uia_loggers_LoggerStopMode_setFilterLevel__E)
                  00005a2c    00000014     driverlib.lib : aon_rtc.obj (.text:NOROM_AONRTCCurrent64BitValueGet)
                  00005a40    00000014     drivers_cc13x0.aem3 : PowerCC26XX.oem3 (.text:configureRFCoreClocks)
                  00005a54    00000014     hello_pem3.oem3 (.text:ti_sysbios_family_arm_m3_Hwi_Object__get__S)
                  00005a68    00000014     sysbios.aem3 : BIOS.obj (.text:ti_sysbios_family_arm_m3_Hwi_switchFromBootStack__E)
                  00005a7c    00000014     hello_pem3.oem3 (.text:ti_sysbios_heaps_HeapMem_Object__get__S)
                  00005a90    00000014     hello_pem3.oem3 (.text:ti_sysbios_knl_Clock_doTick__I)
                  00005aa4    00000014     hello_pem3.oem3 (.text:ti_sysbios_knl_Swi_Object__get__S)
                  00005ab8    00000012     dpl_cc13x0.aem3 : SemaphoreP_tirtos.oem3 (.text:SemaphoreP_pend)
                  00005aca    00000012     sysbios.aem3 : BIOS.obj (.text:ti_sysbios_hal_Hwi_Module_startup__E)
                  00005adc    00000012     hello_pem3.oem3 (.text:xdc_runtime_Startup_exec__I)
                  00005aee    00000010     dpl_cc13x0.aem3 : HwiP_tirtos.oem3 (.text:HwiP_Params_init)
                  00005afe    00000002     ti.uia.loggers.aem3 : LoggerStopMode.oem3 (.text:ti_uia_loggers_LoggerStopMode_setPriority__E)
                  00005b00    00000010     driverlib.lib : setup_rom.obj (.text:NOROM_SetupGetTrimForXoscHfFastStart)
                  00005b10    00000010                   : setup_rom.obj (.text:NOROM_SetupGetTrimForXoscHfIbiastherm)
                  00005b20    00000010     drivers_cc13x0.aem3 : PINCC26XX.oem3 (.text:PINCC26XX_getPinCount)
                  00005b30    00000010     dpl_cc13x0.aem3 : SwiP_tirtos.oem3 (.text:SwiP_Params_init)
                  00005b40    00000010     sysbios.aem3 : BIOS.obj (.text:ti_sysbios_BIOS_exit__E)
                  00005b50    00000010                  : BIOS.obj (.text:ti_sysbios_BIOS_setThreadType__E)
                  00005b60    00000010                  : BIOS.obj (.text:ti_sysbios_BIOS_start__E)
                  00005b70    00000010                  : m3_TaskSupport_asm.obj (.text:ti_sysbios_family_arm_m3_TaskSupport_glue)
                  00005b80    00000010                  : m3_TaskSupport_asm.obj (.text:ti_sysbios_family_arm_m3_TaskSupport_swap__E)
                  00005b90    00000010                  : BIOS.obj (.text:ti_sysbios_gates_GateMutex_Instance_finalize__E)
                  00005ba0    00000010                  : BIOS.obj (.text:ti_sysbios_knl_Semaphore_Instance_finalize__E)
                  00005bb0    00000010                  : BIOS.obj (.text:ti_sysbios_knl_Swi_disable__E)
                  00005bc0    00000010                  : BIOS.obj (.text:ti_sysbios_knl_Swi_enabled__E)
                  00005bd0    00000010     hello_pem3.oem3 (.text:ti_sysbios_knl_Task_Object__get__S)
                  00005be0    00000010     sysbios.aem3 : BIOS.obj (.text:ti_sysbios_knl_Task_disable__E)
                  00005bf0    00000010     hello_pem3.oem3 (.text:ti_uia_loggers_LoggerStopMode_Object__get__S)
                  00005c00    00000010     ti.uia.loggers.aem3 : LoggerStopMode.oem3 (.text:ti_uia_loggers_LoggerStopMode_isEmpty__E)
                  00005c10    00000010     sysbios.aem3 : BIOS.obj (.text:xdc_runtime_Gate_leaveSystem__E)
                  00005c20    00000010                  : BIOS.obj (.text:xdc_runtime_Memory_free__E)
                  00005c30    0000000e     driverlib.lib : vims.obj (.text:NOROM_VIMSModeGet)
                  00005c3e    0000000e     rtsv7M3_T_le_eabi.lib : copy_decompress_none.c.obj (.text:decompress:none:__TI_decompress_none)
                  00005c4c    0000000e     sysbios.aem3 : BIOS.obj (.text:ti_sysbios_heaps_HeapMem_restore__E)
                  00005c5a    0000000e                  : BIOS.obj (.text:ti_sysbios_knl_Queue_empty__E)
                  00005c68    0000000e                  : BIOS.obj (.text:ti_sysbios_knl_Queue_remove__E)
                  00005c76    0000000c     driverlib.lib : cpu.obj (.text:NOROM_CPUcpsid)
                  00005c82    0000000c                   : cpu.obj (.text:NOROM_CPUcpsie)
                  00005c8e    0000000c                   : osc.obj (.text:NOROM_OSC_HPOSCRelativeFrequencyOffsetToRFCoreFormatConvert)
                  00005c9a    0000000c     drivers_cc13x0.aem3 : PINCC26XX.oem3 (.text:PIN_registerIntCb)
                  00005ca6    00000002     sysbios.aem3 : BIOS.obj (.text:xdc_runtime_Error_policySpin__E)
                  00005ca8    0000000c     drivers_cc13x0.aem3 : PowerCC26XX.oem3 (.text:Power_getConstraintMask)
                  00005cb4    0000000c                         : PowerCC26XX.oem3 (.text:Power_getDependencyCount)
                  00005cc0    0000000c     dpl_cc13x0.aem3 : SemaphoreP_tirtos.oem3 (.text:SemaphoreP_delete)
                  00005ccc    0000000c     rtsv7M3_T_le_eabi.lib : _lock.c.obj (.text:_register_lock)
                  00005cd8    0000000c                           : _lock.c.obj (.text:_register_unlock)
                  00005ce4    0000000c                           : copy_zero_init.c.obj (.text:decompress:ZI:__TI_zero_init)
                  00005cf0    0000000c     hello_pem3.oem3 (.text:ti_sysbios_family_arm_m3_Hwi_Params__init__S)
                  00005cfc    0000000c     sysbios.aem3 : BIOS.obj (.text:ti_sysbios_family_arm_m3_Hwi_disableFxn__E)
                  00005d08    0000000c                  : BIOS.obj (.text:ti_sysbios_family_arm_m3_TaskSupport_getStackAlignment__E)
                  00005d14    0000000c                  : BIOS.obj (.text:ti_sysbios_gates_GateHwi_enter__E)
                  00005d20    0000000c     hello_pem3.oem3 (.text:ti_sysbios_knl_Clock_Params__init__S)
                  00005d2c    0000000c     sysbios.aem3 : BIOS.obj (.text:ti_sysbios_knl_Clock_getTimerHandle__E)
                  00005d38    0000000c     hello_pem3.oem3 (.text:ti_sysbios_knl_Queue_Object__get__S)
                  00005d44    0000000c     sysbios.aem3 : BIOS.obj (.text:ti_sysbios_knl_Queue_dequeue__E)
                  00005d50    0000000c                  : BIOS.obj (.text:ti_sysbios_knl_Queue_enqueue__E)
                  00005d5c    0000000c     hello_pem3.oem3 (.text:ti_sysbios_knl_Semaphore_Params__init__S)
                  00005d68    0000000c     hello_pem3.oem3 (.text:ti_sysbios_knl_Swi_Params__init__S)
                  00005d74    0000000c     sysbios.aem3 : BIOS.obj (.text:ti_sysbios_knl_Swi_getTrigger__E)
                  00005d80    0000000c     hello_pem3.oem3 (.text:ti_sysbios_knl_Task_Params__init__S)
                  00005d8c    0000000c     sysbios.aem3 : BIOS.obj (.text:ti_sysbios_knl_Task_self__E)
                  00005d98    0000000c                  : BIOS.obj (.text:xdc_runtime_Gate_enterSystem__E)
                  00005da4    0000000c                  : BIOS.obj (.text:xdc_runtime_Memory_calloc__E)
                  00005db0    0000000c                  : BIOS.obj (.text:xdc_runtime_Memory_getMaxDefaultTypeAlign__E)
                  00005dbc    0000000c                  : BIOS.obj (.text:xdc_runtime_Startup_rtsDone__E)
                  00005dc8    0000000a     dpl_cc13x0.aem3 : ClockP_tirtos.oem3 (.text:ClockP_Params_init)
                  00005dd2    0000000a     hello_pem3.oem3 (.text:xdc_runtime_IHeap_alloc)
                  00005ddc    0000000a     hello_pem3.oem3 (.text:xdc_runtime_IHeap_free)
                  00005de6    00000008     CC1350_LAUNCHXL_fxns.obj (.text:Board_initHook)
                  00005dee    00000008     sysbios.aem3 : BIOS.obj (.text:ti_sysbios_family_arm_m3_Hwi_doSwiRestore__I)
                  00005df6    00000008                  : BIOS.obj (.text:ti_sysbios_family_arm_m3_Hwi_startup__E)
                  00005dfe    00000008                  : BIOS.obj (.text:ti_sysbios_knl_Idle_loop__E)
                  00005e06    00000006     driverlib.lib : cpu.obj (.text:NOROM_CPUdelay)
                  00005e0c    00000006     hello.obj (.text:myDelay)
                  00005e12    00000006     sysbios.aem3 : BIOS.obj (.text:ti_sysbios_family_arm_m3_Hwi_doTaskRestore__I)
                  00005e18    00000006                  : BIOS.obj (.text:ti_sysbios_family_arm_m3_Hwi_restoreFxn__E)
                  00005e1e    00000006                  : BIOS.obj (.text:ti_sysbios_gates_GateHwi_leave__E)
                  00005e24    00000006                  : BIOS.obj (.text:ti_sysbios_heaps_HeapMem_isBlocking__E)
                  00005e2a    00000006                  : BIOS.obj (.text:ti_sysbios_knl_Queue_Instance_init__E)
                  00005e30    00000006                  : BIOS.obj (.text:ti_sysbios_knl_Queue_elemClear__E)
                  00005e36    00000006                  : BIOS.obj (.text:ti_sysbios_knl_Swi_startup__E)
                  00005e3c    00000006                  : BIOS.obj (.text:xdc_runtime_System_Module_startup__E)
                  00005e42    00000004     dpl_cc13x0.aem3 : PowerCC26XX_tirtos.oem3 (.text:CPUwfi)
                  00005e46    00000004                     : ClockP_tirtos.oem3 (.text:ClockP_setTimeout)
                  00005e4a    00000004                     : ClockP_tirtos.oem3 (.text:ClockP_start)
                  00005e4e    00000004                     : ClockP_tirtos.oem3 (.text:ClockP_stop)
                  00005e52    00000004                     : HwiP_tirtos.oem3 (.text:HwiP_disable)
                  00005e56    00000004                     : SemaphoreP_tirtos.oem3 (.text:SemaphoreP_post)
                  00005e5a    00000004                     : SwiP_tirtos.oem3 (.text:SwiP_disable)
                  00005e5e    00000004                     : SwiP_tirtos.oem3 (.text:SwiP_getTrigger)
                  00005e62    00000004                     : SwiP_tirtos.oem3 (.text:SwiP_or)
                  00005e66    00000004     drivers_cc13x0.aem3 : PowerCC26XX.oem3 (.text:nopResourceHandler)
                  00005e6a    00000004     hello_pem3.oem3 (.text:ti_sysbios_BIOS_RtsGateProxy_enter__E)
                  00005e6e    00000004     hello_pem3.oem3 (.text:ti_sysbios_BIOS_RtsGateProxy_leave__E)
                  00005e72    00000004     sysbios.aem3 : BIOS.obj (.text:ti_sysbios_family_arm_cc26xx_Timer_getCount64__E)
                  00005e76    00000004                  : BIOS.obj (.text:ti_sysbios_family_arm_cc26xx_Timer_setPeriod__E)
                  00005e7a    00000004     hello_pem3.oem3 (.text:ti_sysbios_family_arm_m3_TaskSupport_Module__startupDone__S)
                  00005e7e    00000004     sysbios.aem3 : BIOS.obj (.text:ti_sysbios_gates_GateHwi_query__E)
                  00005e82    00000004                  : BIOS.obj (.text:ti_sysbios_gates_GateMutex_query__E)
                  00005e86    00000004     hello_pem3.oem3 (.text:ti_sysbios_heaps_HeapMem_Module_GateProxy_enter__E)
                  00005e8a    00000004     hello_pem3.oem3 (.text:ti_sysbios_heaps_HeapMem_Module_GateProxy_leave__E)
                  00005e8e    00000004     hello_pem3.oem3 (.text:ti_sysbios_knl_Clock_TimerProxy_getCurrentTick__E)
                  00005e92    00000004     hello_pem3.oem3 (.text:ti_sysbios_knl_Clock_TimerProxy_getMaxTicks__E)
                  00005e96    00000004     hello_pem3.oem3 (.text:ti_sysbios_knl_Clock_TimerProxy_setNextTick__E)
                  00005e9a    00000004     sysbios.aem3 : BIOS.obj (.text:ti_sysbios_knl_Clock_removeI__E)
                  00005e9e    00000004                  : BIOS.obj (.text:ti_sysbios_knl_Clock_setTimeout__E)
                  00005ea2    00000004                  : BIOS.obj (.text:ti_sysbios_knl_Queue_head__E)
                  00005ea6    00000004                  : BIOS.obj (.text:ti_sysbios_knl_Queue_next__E)
                  00005eaa    00000004     hello_pem3.oem3 (.text:ti_sysbios_knl_Semaphore_delete)
                  00005eae    00000004     sysbios.aem3 : BIOS.obj (.text:ti_sysbios_knl_Swi_postInit__I)
                  00005eb2    00000004                  : BIOS.obj (.text:ti_sysbios_knl_Task_startup__E)
                  00005eb6    00000004     ti.uia.loggers.aem3 : LoggerStopMode.oem3 (.text:ti_uia_loggers_LoggerStopMode_getContents__E)
                  00005eba    00000004     hello_pem3.oem3 (.text:ti_uia_loggers_LoggerStopMode_getFilterLevel__E)
                  00005ebe    00000004     ti.uia.loggers.aem3 : LoggerStopMode.oem3 (.text:ti_uia_loggers_LoggerStopMode_getInstanceId__E)
                  00005ec2    00000004                         : LoggerStopMode.oem3 (.text:ti_uia_loggers_LoggerStopMode_getMaxLength__E)
                  00005ec6    00000004                         : LoggerStopMode.oem3 (.text:ti_uia_loggers_LoggerStopMode_getPriority__E)
                  00005eca    00000004                         : LoggerStopMode.oem3 (.text:ti_uia_loggers_LoggerStopMode_getTransferType__E)
                  00005ece    00000004     hello_pem3.oem3 (.text:xdc_runtime_System_Module_GateProxy_enter__E)
                  00005ed2    00000004     hello_pem3.oem3 (.text:xdc_runtime_System_Module_GateProxy_leave__E)
                  00005ed6    00000002     sysbios.aem3 : BIOS.obj (.text:xdc_runtime_System_abortSpin__E)
                  00005ed8    00000002                  : BIOS.obj (.text:xdc_runtime_System_exitSpin__E)

.const     0    00005edc    00000702     
                  00005edc    00000060     hello_pem3.oem3 (.const:ti_uia_loggers_LoggerStopMode_Module__FXNS__C)
                  00005f3c    0000004c     drivers_cc13x0.aem3 : PowerCC26XX.oem3 (.const:resourceDB)
                  00005f88    00000048     hello_pem3.oem3 (.const:.string)
                  00005fd0    00000040     drivers_cc13x0.aem3 : GPIOCC26XX.oem3 (.const:$O2$$)
                  00006010    0000003c     hello_pem3.oem3 (.const:ti_sysbios_knl_Task_Object__PARAMS__C)
                  0000604c    00000034     CC1350_LAUNCHXL.obj (.const:BoardGpioInitTable)
                  00006080    00000030     hello_pem3.oem3 (.const:ti_sysbios_family_arm_m3_Hwi_Object__PARAMS__C)
                  000060b0    00000028     hello_pem3.oem3 (.const:ti_sysbios_heaps_HeapMem_Module__FXNS__C)
                  000060d8    00000028     hello_pem3.oem3 (.const:ti_sysbios_knl_Swi_Object__PARAMS__C)
                  00006100    00000028     hello_pem3.oem3 (.const:ti_uia_loggers_LoggerStopMode_Object__PARAMS__C)
                  00006128    00000028     hello_pem3.oem3 (.const:xdc_runtime_Startup_sfxnTab__A)
                  00006150    00000024     hello_pem3.oem3 (.const:ti_sysbios_gates_GateHwi_Module__FXNS__C)
                  00006174    00000024     hello_pem3.oem3 (.const:ti_sysbios_gates_GateMutex_Module__FXNS__C)
                  00006198    00000024     hello_pem3.oem3 (.const:ti_sysbios_heaps_HeapMem_Object__PARAMS__C)
                  000061bc    00000024     hello_pem3.oem3 (.const:ti_sysbios_knl_Clock_Object__PARAMS__C)
                  000061e0    00000024     hello_pem3.oem3 (.const:ti_sysbios_knl_Semaphore_Object__PARAMS__C)
                  00006204    00000020     hello_pem3.oem3 (.const:ti_sysbios_family_arm_m3_Hwi_Object__DESC__C)
                  00006224    00000020     hello_pem3.oem3 (.const:ti_sysbios_gates_GateHwi_Object__DESC__C)
                  00006244    00000020     hello_pem3.oem3 (.const:ti_sysbios_gates_GateMutex_Object__DESC__C)
                  00006264    00000020     hello_pem3.oem3 (.const:ti_sysbios_heaps_HeapMem_Object__DESC__C)
                  00006284    00000020     hello_pem3.oem3 (.const:ti_sysbios_knl_Clock_Object__DESC__C)
                  000062a4    00000020     hello_pem3.oem3 (.const:ti_sysbios_knl_Queue_Object__DESC__C)
                  000062c4    00000020     hello_pem3.oem3 (.const:ti_sysbios_knl_Semaphore_Object__DESC__C)
                  000062e4    00000020     hello_pem3.oem3 (.const:ti_sysbios_knl_Swi_Object__DESC__C)
                  00006304    00000020     hello_pem3.oem3 (.const:ti_sysbios_knl_Task_Object__DESC__C)
                  00006324    00000020     hello_pem3.oem3 (.const:ti_uia_loggers_LoggerStopMode_Object__DESC__C)
                  00006344    00000018     CC1350_LAUNCHXL.obj (.const:PowerCC26XX_config)
                  0000635c    00000018     hello_pem3.oem3 (.const:ti_sysbios_gates_GateHwi_Object__PARAMS__C)
                  00006374    00000018     hello_pem3.oem3 (.const:ti_sysbios_gates_GateMutex_Object__PARAMS__C)
                  0000638c    00000018     hello_pem3.oem3 (.const:ti_sysbios_knl_Queue_Object__PARAMS__C)
                  000063a4    00000014     CC1350_LAUNCHXL_fxns.obj (.const:$P$T1$2)
                  000063b8    00000014     CC1350_LAUNCHXL.obj (.const:GPIOCC26XX_config)
                  000063cc    00000014     hello_pem3.oem3 (.const:xdc_runtime_Startup_sfxnRts__A)
                  000063e0    0000000c     hello_pem3.oem3 (.const:xdc_runtime_Startup_firstFxns__A)
                  000063ec    00000008     CC1350_LAUNCHXL_fxns.obj (.const:$P$T0$1)
                  000063f4    00000008     CC1350_LAUNCHXL.obj (.const:PINCC26XX_hwAttrs)
                  000063fc    00000008     hello_pem3.oem3 (.const:ti_sysbios_knl_Idle_funcList__C)
                  00006404    00000008     hello_pem3.oem3 (.const:xdc_runtime_Startup_firstFxns__C)
                  0000640c    00000008     hello_pem3.oem3 (.const:xdc_runtime_Startup_lastFxns__C)
                  00006414    00000004     hello_pem3.oem3 (.const:ti_sysbios_family_arm_cc26xx_Timer_funcHookCH1__C)
                  00006418    00000004     hello_pem3.oem3 (.const:ti_sysbios_family_arm_cc26xx_Timer_funcHookCH2__C)
                  0000641c    00000004     hello_pem3.oem3 (.const:ti_sysbios_family_arm_cc26xx_Timer_startupNeeded__C)
                  00006420    00000004     hello_pem3.oem3 (.const:ti_sysbios_family_arm_m3_Hwi_E_alreadyDefined__C)
                  00006424    00000004     hello_pem3.oem3 (.const:ti_sysbios_family_arm_m3_Hwi_LD_end__C)
                  00006428    00000004     hello_pem3.oem3 (.const:ti_sysbios_family_arm_m3_Hwi_LM_begin__C)
                  0000642c    00000004     hello_pem3.oem3 (.const:ti_sysbios_family_arm_m3_Hwi_Module__diagsEnabled__C)
                  00006430    00000004     hello_pem3.oem3 (.const:ti_sysbios_family_arm_m3_Hwi_Module__diagsIncluded__C)
                  00006434    00000004     hello_pem3.oem3 (.const:ti_sysbios_family_arm_m3_Hwi_Module__diagsMask__C)
                  00006438    00000004     hello_pem3.oem3 (.const:ti_sysbios_family_arm_m3_Hwi_Module__loggerFxn1__C)
                  0000643c    00000004     hello_pem3.oem3 (.const:ti_sysbios_family_arm_m3_Hwi_Module__loggerFxn8__C)
                  00006440    00000004     hello_pem3.oem3 (.const:ti_sysbios_family_arm_m3_Hwi_Module__loggerObj__C)
                  00006444    00000004     hello_pem3.oem3 (.const:ti_sysbios_family_arm_m3_Hwi_NUM_INTERRUPTS__C)
                  00006448    00000004     hello_pem3.oem3 (.const:ti_sysbios_family_arm_m3_Hwi_Object__count__C)
                  0000644c    00000004     hello_pem3.oem3 (.const:ti_sysbios_family_arm_m3_Hwi_ccr__C)
                  00006450    00000004     hello_pem3.oem3 (.const:ti_sysbios_family_arm_m3_Hwi_excHandlerFunc__C)
                  00006454    00000004     hello_pem3.oem3 (.const:ti_sysbios_family_arm_m3_Hwi_nullIsrFunc__C)
                  00006458    00000004     hello_pem3.oem3 (.const:ti_sysbios_family_arm_m3_Hwi_priGroup__C)
                  0000645c    00000004     hello_pem3.oem3 (.const:ti_sysbios_family_arm_m3_Hwi_swiDisable__C)
                  00006460    00000004     hello_pem3.oem3 (.const:ti_sysbios_family_arm_m3_Hwi_swiRestoreHwi__C)
                  00006464    00000004     hello_pem3.oem3 (.const:ti_sysbios_family_arm_m3_TaskSupport_stackAlignment__C)
                  00006468    00000004     hello_pem3.oem3 (.const:ti_sysbios_gates_GateMutex_Instance_State_sem__O)
                  0000646c    00000004     hello_pem3.oem3 (.const:ti_sysbios_heaps_HeapMem_E_memory__C)
                  00006470    00000004     hello_pem3.oem3 (.const:ti_sysbios_heaps_HeapMem_Module__gateObj__C)
                  00006474    00000004     hello_pem3.oem3 (.const:ti_sysbios_heaps_HeapMem_Object__count__C)
                  00006478    00000004     hello_pem3.oem3 (.const:ti_sysbios_heaps_HeapMem_primaryHeapBaseAddr__C)
                  0000647c    00000004     hello_pem3.oem3 (.const:ti_sysbios_heaps_HeapMem_primaryHeapEndAddr__C)
                  00006480    00000004     hello_pem3.oem3 (.const:ti_sysbios_heaps_HeapMem_reqAlign__C)
                  00006484    00000004     hello_pem3.oem3 (.const:ti_sysbios_knl_Clock_LM_begin__C)
                  00006488    00000004     hello_pem3.oem3 (.const:ti_sysbios_knl_Clock_LM_tick__C)
                  0000648c    00000004     hello_pem3.oem3 (.const:ti_sysbios_knl_Clock_Module_State_clockQ__O)
                  00006490    00000004     hello_pem3.oem3 (.const:ti_sysbios_knl_Clock_Module__diagsEnabled__C)
                  00006494    00000004     hello_pem3.oem3 (.const:ti_sysbios_knl_Clock_Module__diagsIncluded__C)
                  00006498    00000004     hello_pem3.oem3 (.const:ti_sysbios_knl_Clock_Module__diagsMask__C)
                  0000649c    00000004     hello_pem3.oem3 (.const:ti_sysbios_knl_Clock_Module__loggerFxn1__C)
                  000064a0    00000004     hello_pem3.oem3 (.const:ti_sysbios_knl_Clock_Module__loggerFxn2__C)
                  000064a4    00000004     hello_pem3.oem3 (.const:ti_sysbios_knl_Clock_Module__loggerObj__C)
                  000064a8    00000004     hello_pem3.oem3 (.const:ti_sysbios_knl_Clock_tickPeriod__C)
                  000064ac    00000004     hello_pem3.oem3 (.const:ti_sysbios_knl_Clock_triggerClock__C)
                  000064b0    00000004     hello_pem3.oem3 (.const:ti_sysbios_knl_Idle_funcList__A)
                  000064b4    00000004     hello_pem3.oem3 (.const:ti_sysbios_knl_Semaphore_Instance_State_pendQ__O)
                  000064b8    00000004     hello_pem3.oem3 (.const:ti_sysbios_knl_Semaphore_LM_pend__C)
                  000064bc    00000004     hello_pem3.oem3 (.const:ti_sysbios_knl_Semaphore_LM_post__C)
                  000064c0    00000004     hello_pem3.oem3 (.const:ti_sysbios_knl_Semaphore_Module__diagsEnabled__C)
                  000064c4    00000004     hello_pem3.oem3 (.const:ti_sysbios_knl_Semaphore_Module__diagsIncluded__C)
                  000064c8    00000004     hello_pem3.oem3 (.const:ti_sysbios_knl_Semaphore_Module__diagsMask__C)
                  000064cc    00000004     hello_pem3.oem3 (.const:ti_sysbios_knl_Semaphore_Module__loggerFxn2__C)
                  000064d0    00000004     hello_pem3.oem3 (.const:ti_sysbios_knl_Semaphore_Module__loggerFxn4__C)
                  000064d4    00000004     hello_pem3.oem3 (.const:ti_sysbios_knl_Semaphore_Module__loggerObj__C)
                  000064d8    00000004     hello_pem3.oem3 (.const:ti_sysbios_knl_Swi_LD_end__C)
                  000064dc    00000004     hello_pem3.oem3 (.const:ti_sysbios_knl_Swi_LM_begin__C)
                  000064e0    00000004     hello_pem3.oem3 (.const:ti_sysbios_knl_Swi_LM_post__C)
                  000064e4    00000004     hello_pem3.oem3 (.const:ti_sysbios_knl_Swi_Module__diagsEnabled__C)
                  000064e8    00000004     hello_pem3.oem3 (.const:ti_sysbios_knl_Swi_Module__diagsIncluded__C)
                  000064ec    00000004     hello_pem3.oem3 (.const:ti_sysbios_knl_Swi_Module__diagsMask__C)
                  000064f0    00000004     hello_pem3.oem3 (.const:ti_sysbios_knl_Swi_Module__loggerFxn1__C)
                  000064f4    00000004     hello_pem3.oem3 (.const:ti_sysbios_knl_Swi_Module__loggerFxn4__C)
                  000064f8    00000004     hello_pem3.oem3 (.const:ti_sysbios_knl_Swi_Module__loggerObj__C)
                  000064fc    00000004     hello_pem3.oem3 (.const:ti_sysbios_knl_Swi_Object__count__C)
                  00006500    00000004     hello_pem3.oem3 (.const:ti_sysbios_knl_Task_LD_block__C)
                  00006504    00000004     hello_pem3.oem3 (.const:ti_sysbios_knl_Task_LD_exit__C)
                  00006508    00000004     hello_pem3.oem3 (.const:ti_sysbios_knl_Task_LD_ready__C)
                  0000650c    00000004     hello_pem3.oem3 (.const:ti_sysbios_knl_Task_LM_sleep__C)
                  00006510    00000004     hello_pem3.oem3 (.const:ti_sysbios_knl_Task_LM_switch__C)
                  00006514    00000004     hello_pem3.oem3 (.const:ti_sysbios_knl_Task_Module_State_inactiveQ__O)
                  00006518    00000004     hello_pem3.oem3 (.const:ti_sysbios_knl_Task_Module__diagsEnabled__C)
                  0000651c    00000004     hello_pem3.oem3 (.const:ti_sysbios_knl_Task_Module__diagsIncluded__C)
                  00006520    00000004     hello_pem3.oem3 (.const:ti_sysbios_knl_Task_Module__diagsMask__C)
                  00006524    00000004     hello_pem3.oem3 (.const:ti_sysbios_knl_Task_Module__loggerFxn2__C)
                  00006528    00000004     hello_pem3.oem3 (.const:ti_sysbios_knl_Task_Module__loggerFxn4__C)
                  0000652c    00000004     hello_pem3.oem3 (.const:ti_sysbios_knl_Task_Module__loggerObj__C)
                  00006530    00000004     hello_pem3.oem3 (.const:ti_sysbios_knl_Task_Object__count__C)
                  00006534    00000004     hello_pem3.oem3 (.const:ti_sysbios_knl_Task_allBlockedFunc__C)
                  00006538    00000004     hello_pem3.oem3 (.const:ti_sysbios_knl_Task_defaultStackHeap__C)
                  0000653c    00000004     hello_pem3.oem3 (.const:ti_sysbios_knl_Task_defaultStackSize__C)
                  00006540    00000004     hello_pem3.oem3 (.const:ti_sysbios_knl_Task_numConstructedTasks__C)
                  00006544    00000004     hello_pem3.oem3 (.const:ti_uia_loggers_LoggerStopMode_Module__diagsEnabled__C)
                  00006548    00000004     hello_pem3.oem3 (.const:ti_uia_loggers_LoggerStopMode_Module__diagsIncluded__C)
                  0000654c    00000004     hello_pem3.oem3 (.const:ti_uia_loggers_LoggerStopMode_Module__diagsMask__C)
                  00006550    00000004     hello_pem3.oem3 (.const:ti_uia_loggers_LoggerStopMode_Object__count__C)
                  00006554    00000004     hello_pem3.oem3 (.const:ti_uia_runtime_ILoggerSnapshot_Interface__BASE__C)
                  00006558    00000004     hello_pem3.oem3 (.const:ti_uia_runtime_IUIATransfer_Interface__BASE__C)
                  0000655c    00000004     hello_pem3.oem3 (.const:xdc_runtime_Assert_E_assertFailed__C)
                  00006560    00000004     hello_pem3.oem3 (.const:xdc_runtime_Error_E_memory__C)
                  00006564    00000004     hello_pem3.oem3 (.const:xdc_runtime_Error_policyFxn__C)
                  00006568    00000004     hello_pem3.oem3 (.const:xdc_runtime_IFilterLogger_Interface__BASE__C)
                  0000656c    00000004     hello_pem3.oem3 (.const:xdc_runtime_IGateProvider_Interface__BASE__C)
                  00006570    00000004     hello_pem3.oem3 (.const:xdc_runtime_IHeap_Interface__BASE__C)
                  00006574    00000004     hello_pem3.oem3 (.const:xdc_runtime_ILogger_Interface__BASE__C)
                  00006578    00000004     hello_pem3.oem3 (.const:xdc_runtime_IModule_Interface__BASE__C)
                  0000657c    00000004     hello_pem3.oem3 (.const:xdc_runtime_Memory_defaultHeapInstance__C)
                  00006580    00000004     hello_pem3.oem3 (.const:xdc_runtime_Startup_execImpl__C)
                  00006584    00000004     hello_pem3.oem3 (.const:xdc_runtime_Startup_maxPasses__C)
                  00006588    00000004     hello_pem3.oem3 (.const:xdc_runtime_Startup_sfxnRts__C)
                  0000658c    00000004     hello_pem3.oem3 (.const:xdc_runtime_Startup_sfxnTab__C)
                  00006590    00000004     hello_pem3.oem3 (.const:xdc_runtime_SysMin_bufSize__C)
                  00006594    00000004     hello_pem3.oem3 (.const:xdc_runtime_SysMin_outputFunc__C)
                  00006598    00000004     hello_pem3.oem3 (.const:xdc_runtime_System_Module__gateObj__C)
                  0000659c    00000004     hello_pem3.oem3 (.const:xdc_runtime_System_abortFxn__C)
                  000065a0    00000004     hello_pem3.oem3 (.const:xdc_runtime_System_exitFxn__C)
                  000065a4    00000004     hello_pem3.oem3 (.const:xdc_runtime_System_maxAtexitHandlers__C)
                  000065a8    00000004     hello_pem3.oem3 (.const:xdc_runtime_Text_charTab__C)
                  000065ac    00000004     hello_pem3.oem3 (.const:xdc_runtime_Text_nameEmpty__C)
                  000065b0    00000004     hello_pem3.oem3 (.const:xdc_runtime_Text_nameStatic__C)
                  000065b4    00000004     hello_pem3.oem3 (.const:xdc_runtime_Text_nameUnknown__C)
                  000065b8    00000002     hello_pem3.oem3 (.const:ti_sysbios_family_arm_cc26xx_TimestampProvider_useClockTimer__C)
                  000065ba    00000002     hello_pem3.oem3 (.const:ti_sysbios_family_arm_m3_Hwi_Module__id__C)
                  000065bc    00000002     hello_pem3.oem3 (.const:ti_sysbios_family_arm_m3_Hwi_Module__loggerDefined__C)
                  000065be    00000002     hello_pem3.oem3 (.const:ti_sysbios_heaps_HeapMem_Module__id__C)
                  000065c0    00000002     hello_pem3.oem3 (.const:ti_sysbios_knl_Clock_Module__id__C)
                  000065c2    00000002     hello_pem3.oem3 (.const:ti_sysbios_knl_Clock_Module__loggerDefined__C)
                  000065c4    00000002     hello_pem3.oem3 (.const:ti_sysbios_knl_Semaphore_Module__id__C)
                  000065c6    00000002     hello_pem3.oem3 (.const:ti_sysbios_knl_Semaphore_Module__loggerDefined__C)
                  000065c8    00000002     hello_pem3.oem3 (.const:ti_sysbios_knl_Swi_Module__id__C)
                  000065ca    00000002     hello_pem3.oem3 (.const:ti_sysbios_knl_Swi_Module__loggerDefined__C)
                  000065cc    00000002     hello_pem3.oem3 (.const:ti_sysbios_knl_Task_Module__id__C)
                  000065ce    00000002     hello_pem3.oem3 (.const:ti_sysbios_knl_Task_Module__loggerDefined__C)
                  000065d0    00000002     hello_pem3.oem3 (.const:ti_uia_loggers_LoggerStopMode_Module__id__C)
                  000065d2    00000002     hello_pem3.oem3 (.const:ti_uia_loggers_LoggerStopMode_isTimestampEnabled__C)
                  000065d4    00000002     hello_pem3.oem3 (.const:xdc_runtime_Memory_Module__id__C)
                  000065d6    00000002     hello_pem3.oem3 (.const:xdc_runtime_SysMin_flushAtExit__C)
                  000065d8    00000002     hello_pem3.oem3 (.const:xdc_runtime_Text_charCnt__C)
                  000065da    00000002     hello_pem3.oem3 (.const:xdc_runtime_Text_isLoaded__C)
                  000065dc    00000001     hello_pem3.oem3 (.const:xdc_runtime_Error_policy__C)
                  000065dd    00000001     hello_pem3.oem3 (.const:xdc_runtime_Text_charTab__A)

MODULE SUMMARY

       Module                            code    ro data   rw data
       ------                            ----    -------   -------
    .\
       hello.obj                         268     0         2208   
       CC1350_LAUNCHXL_fxns.obj          280     28        0      
       CC1350_LAUNCHXL.obj               28      104       60     
       ccfg.obj                          0       88        0      
    +--+---------------------------------+-------+---------+---------+
       Total:                            576     220       2268   
                                                                  
    D:\Oji\Documents\Coding\CCS8\hello_CC1350_LAUNCHXL_tirtos_ccs\Debug\configPkg\package\cfg\
       hello_pem3.oem3                   3046    1582      4510   
    +--+---------------------------------+-------+---------+---------+
       Total:                            3046    1582      4510   
                                                                  
    C:/ti/simplelink_cc13x0_sdk_2_30_00_20/kernel/tirtos/packages/ti/dpl/lib/dpl_cc13x0.aem3
       PowerCC26XX_tirtos.oem3           296     0         8      
       SemaphoreP_tirtos.oem3            122     0         0      
       ClockP_tirtos.oem3                102     0         4      
       SwiP_tirtos.oem3                  88      0         0      
       HwiP_tirtos.oem3                  82      0         0      
    +--+---------------------------------+-------+---------+---------+
       Total:                            690     0         12     
                                                                  
    C:/ti/simplelink_cc13x0_sdk_2_30_00_20/source/ti/devices/cc13x0/driverlib/bin/ccs/driverlib.lib
       setup_rom.obj                     1456    0         0      
       sys_ctrl.obj                      760     0         8      
       osc.obj                           388     0         20     
       setup.obj                         364     0         0      
       chipinfo.obj                      182     0         0      
       aon_rtc.obj                       44      0         0      
       ddi.obj                           44      0         0      
       adi.obj                           40      0         0      
       aon_batmon.obj                    40      0         0      
       cpu.obj                           30      0         0      
       vims.obj                          14      0         0      
       driverlib_release.obj             0       0         1      
    +--+---------------------------------+-------+---------+---------+
       Total:                            3362    0         29     
                                                                  
    C:/ti/simplelink_cc13x0_sdk_2_30_00_20/source/ti/drivers/lib/drivers_cc13x0.aem3
       PowerCC26XX.oem3                  2012    76        276    
       PINCC26XX.oem3                    1338    0         276    
       PowerCC26XX_calibrateRCOSC.oem3   1380    0         0      
       GPIOCC26XX.oem3                   788     64        84     
       List.oem3                         34      0         0      
    +--+---------------------------------+-------+---------+---------+
       Total:                            5552    140       636    
                                                                  
    C:\ti\simplelink_cc13x0_sdk_2_30_00_20\kernel\tirtos\packages\ti\targets\arm\rtsarm\lib\auto_init.aem3
       auto_init.oem3                    160     0         0      
    +--+---------------------------------+-------+---------+---------+
       Total:                            160     0         0      
                                                                  
    C:\ti\simplelink_cc13x0_sdk_2_30_00_20\kernel\tirtos\packages\ti\targets\arm\rtsarm\lib\boot.aem3
       boot.oem3                         68      0         0      
    +--+---------------------------------+-------+---------+---------+
       Total:                            68      0         0      
                                                                  
    C:\ti\simplelink_cc13x0_sdk_2_30_00_20\kernel\tirtos\packages\ti\uia\loggers\lib\release\ti.uia.loggers.aem3
       LoggerStopMode.oem3               552     0         0      
    +--+---------------------------------+-------+---------+---------+
       Total:                            552     0         0      
                                                                  
    C:\ti\simplelink_cc13x0_sdk_2_30_00_20\kernel\tirtos\packages\ti\uia\runtime\lib\release\ti.uia.runtime.aem3
       QueueDescriptor.oem3              116     0         8      
    +--+---------------------------------+-------+---------+---------+
       Total:                            116     0         8      
                                                                  
    D:\Coding\CCS8\ccsv8\tools\compiler\ti-cgt-arm_18.1.4.LTS\lib\rtsv7M3_T_le_eabi.lib
       trgmsg.c.obj                      108     0         288    
       memcpy_t2.asm.obj                 156     0         0      
       ull_div_t2.asm.obj                150     0         0      
       memset_t2.asm.obj                 122     0         0      
       copy_decompress_lzss.c.obj        104     0         0      
       hostwrite.c.obj                   88      0         0      
       cpy_tbl.c.obj                     76      0         0      
       _lock.c.obj                       26      0         8      
       args_main.c.obj                   24      0         0      
       ll_mul_t2.asm.obj                 24      0         0      
       copy_decompress_none.c.obj        14      0         0      
       copy_zero_init.c.obj              12      0         0      
       hostopen.c.obj                    0       0         8      
       stkdepth_vars.c.obj               0       0         4      
       div0.asm.obj                      2       0         0      
    +--+---------------------------------+-------+---------+---------+
       Total:                            906     0         308    
                                                                  
    D:\Oji\Documents\Coding\CCS8\hello_CC1350_LAUNCHXL_tirtos_ccs\src\sysbios\sysbios.aem3
       BIOS.obj                          8722    0         0      
       m3_Hwi_asm.obj                    262     0         0      
       m3_TaskSupport_asm.obj            108     0         0      
       m3_Hwi_asm_switch.obj             102     0         0      
    +--+---------------------------------+-------+---------+---------+
       Total:                            9194    0         0      
                                                                  
       Stack:                            0       0         1024   
       Linker Generated:                 0       465       0      
    +--+---------------------------------+-------+---------+---------+
       Grand Total:                      24222   2407      8795   


LINKER GENERATED COPY TABLES

__TI_cinit_table @ 000067a8 records: 2, size/record: 8, table size: 16
	.data: load addr=000065e0, load size=000001ad bytes, run addr=200028b0, run size=0000067a bytes, compression=lzss
	.bss: load addr=000067a0, load size=00000008 bytes, run addr=20000100, run size=000017b0 bytes, compression=zero_init


LINKER GENERATED HANDLER TABLE

__TI_handler_table @ 00006790 records: 3, size/record: 4, table size: 12
	index: 0, handler: __TI_decompress_lzss
	index: 1, handler: __TI_decompress_none
	index: 2, handler: __TI_zero_init


[...]
00005ea7  ti_sysbios_knl_Queue_next__E                                    
00005eab  ti_sysbios_knl_Semaphore_delete                                 
00005eaf  ti_sysbios_knl_Swi_postInit__I                                  
00005eb3  ti_sysbios_knl_Task_startup__E                                  
00005eb7  ti_uia_loggers_LoggerStopMode_getContents__E                    
00005ebb  ti_uia_loggers_LoggerStopMode_getFilterLevel__E                 
00005ebf  ti_uia_loggers_LoggerStopMode_getInstanceId__E                  
00005ec3  ti_uia_loggers_LoggerStopMode_getMaxLength__E                   
00005ec7  ti_uia_loggers_LoggerStopMode_getPriority__E                    
00005ecb  ti_uia_loggers_LoggerStopMode_getTransferType__E                
00005ecf  xdc_runtime_System_Module_GateProxy_enter__E                    
00005ed3  xdc_runtime_System_Module_GateProxy_leave__E                    
00005ed7  xdc_runtime_System_abortSpin__E                                 
00005ed9  xdc_runtime_System_exitSpin__E                                  
00005edc  ti_uia_loggers_LoggerStopMode_Module__FXNS__C                   
00005f3c  resourceDB                                                      
00005fd0  inPinTypes                                                      
00005fdc  outPinStrengths                                                 
00005fe8  outPinTypes                                                     
00006010  ti_sysbios_knl_Task_Object__PARAMS__C                           
0000604c  BoardGpioInitTable                                              
00006080  ti_sysbios_family_arm_m3_Hwi_Object__PARAMS__C                  
000060b0  ti_sysbios_heaps_HeapMem_Module__FXNS__C                        
000060d8  ti_sysbios_knl_Swi_Object__PARAMS__C                            
00006100  ti_uia_loggers_LoggerStopMode_Object__PARAMS__C                 
00006128  xdc_runtime_Startup_sfxnTab__A                                  
00006150  ti_sysbios_gates_GateHwi_Module__FXNS__C                        
00006174  ti_sysbios_gates_GateMutex_Module__FXNS__C                      
00006198  ti_sysbios_heaps_HeapMem_Object__PARAMS__C                      
000061bc  ti_sysbios_knl_Clock_Object__PARAMS__C                          
000061e0  ti_sysbios_knl_Semaphore_Object__PARAMS__C                      
00006204  ti_sysbios_family_arm_m3_Hwi_Object__DESC__C                    
00006224  ti_sysbios_gates_GateHwi_Object__DESC__C                        
00006244  ti_sysbios_gates_GateMutex_Object__DESC__C                      
00006264  ti_sysbios_heaps_HeapMem_Object__DESC__C                        
00006284  ti_sysbios_knl_Clock_Object__DESC__C                            
000062a4  ti_sysbios_knl_Queue_Object__DESC__C                            
000062c4  ti_sysbios_knl_Semaphore_Object__DESC__C                        
000062e4  ti_sysbios_knl_Swi_Object__DESC__C                              
00006304  ti_sysbios_knl_Task_Object__DESC__C                             
00006324  ti_uia_loggers_LoggerStopMode_Object__DESC__C                   
00006344  PowerCC26XX_config                                              
0000635c  ti_sysbios_gates_GateHwi_Object__PARAMS__C                      
00006374  ti_sysbios_gates_GateMutex_Object__PARAMS__C                    
0000638c  ti_sysbios_knl_Queue_Object__PARAMS__C                          
000063b8  GPIOCC26XX_config                                               
000063cc  xdc_runtime_Startup_sfxnRts__A                                  
000063e0  xdc_runtime_Startup_firstFxns__A                                
000063f4  PINCC26XX_hwAttrs                                               
000063fc  ti_sysbios_knl_Idle_funcList__C                                 
00006404  xdc_runtime_Startup_firstFxns__C                                
0000640c  xdc_runtime_Startup_lastFxns__C                                 
00006414  ti_sysbios_family_arm_cc26xx_Timer_funcHookCH1__C               
00006418  ti_sysbios_family_arm_cc26xx_Timer_funcHookCH2__C               
0000641c  ti_sysbios_family_arm_cc26xx_Timer_startupNeeded__C             
00006420  ti_sysbios_family_arm_m3_Hwi_E_alreadyDefined__C                
00006424  ti_sysbios_family_arm_m3_Hwi_LD_end__C                          
00006428  ti_sysbios_family_arm_m3_Hwi_LM_begin__C                        
0000642c  ti_sysbios_family_arm_m3_Hwi_Module__diagsEnabled__C            
00006430  ti_sysbios_family_arm_m3_Hwi_Module__diagsIncluded__C           
00006434  ti_sysbios_family_arm_m3_Hwi_Module__diagsMask__C               
00006438  ti_sysbios_family_arm_m3_Hwi_Module__loggerFxn1__C              
0000643c  ti_sysbios_family_arm_m3_Hwi_Module__loggerFxn8__C              
00006440  ti_sysbios_family_arm_m3_Hwi_Module__loggerObj__C               
00006444  ti_sysbios_family_arm_m3_Hwi_NUM_INTERRUPTS__C                  
00006448  ti_sysbios_family_arm_m3_Hwi_Object__count__C                   
0000644c  ti_sysbios_family_arm_m3_Hwi_ccr__C                             
00006450  ti_sysbios_family_arm_m3_Hwi_excHandlerFunc__C                  
00006454  ti_sysbios_family_arm_m3_Hwi_nullIsrFunc__C                     
00006458  ti_sysbios_family_arm_m3_Hwi_priGroup__C                        
0000645c  ti_sysbios_family_arm_m3_Hwi_swiDisable__C                      
00006460  ti_sysbios_family_arm_m3_Hwi_swiRestoreHwi__C                   
00006464  ti_sysbios_family_arm_m3_TaskSupport_stackAlignment__C          
00006468  ti_sysbios_gates_GateMutex_Instance_State_sem__O                
0000646c  ti_sysbios_heaps_HeapMem_E_memory__C                            
00006470  ti_sysbios_heaps_HeapMem_Module__gateObj__C                     
00006474  ti_sysbios_heaps_HeapMem_Object__count__C                       
00006478  ti_sysbios_heaps_HeapMem_primaryHeapBaseAddr__C                 
0000647c  ti_sysbios_heaps_HeapMem_primaryHeapEndAddr__C                  
00006480  ti_sysbios_heaps_HeapMem_reqAlign__C                            
00006484  ti_sysbios_knl_Clock_LM_begin__C                                
00006488  ti_sysbios_knl_Clock_LM_tick__C                                 
0000648c  ti_sysbios_knl_Clock_Module_State_clockQ__O                     
00006490  ti_sysbios_knl_Clock_Module__diagsEnabled__C                    
00006494  ti_sysbios_knl_Clock_Module__diagsIncluded__C                   
00006498  ti_sysbios_knl_Clock_Module__diagsMask__C                       
0000649c  ti_sysbios_knl_Clock_Module__loggerFxn1__C                      
000064a0  ti_sysbios_knl_Clock_Module__loggerFxn2__C                      
000064a4  ti_sysbios_knl_Clock_Module__loggerObj__C                       
000064a8  ti_sysbios_knl_Clock_tickPeriod__C                              
000064ac  ti_sysbios_knl_Clock_triggerClock__C                            
000064b0  ti_sysbios_knl_Idle_funcList__A                                 
000064b4  ti_sysbios_knl_Semaphore_Instance_State_pendQ__O                
000064b8  ti_sysbios_knl_Semaphore_LM_pend__C                             
000064bc  ti_sysbios_knl_Semaphore_LM_post__C                             
000064c0  ti_sysbios_knl_Semaphore_Module__diagsEnabled__C                
000064c4  ti_sysbios_knl_Semaphore_Module__diagsIncluded__C               
000064c8  ti_sysbios_knl_Semaphore_Module__diagsMask__C                   
000064cc  ti_sysbios_knl_Semaphore_Module__loggerFxn2__C                  
000064d0  ti_sysbios_knl_Semaphore_Module__loggerFxn4__C                  
000064d4  ti_sysbios_knl_Semaphore_Module__loggerObj__C                   
000064d8  ti_sysbios_knl_Swi_LD_end__C                                    
000064dc  ti_sysbios_knl_Swi_LM_begin__C                                  
000064e0  ti_sysbios_knl_Swi_LM_post__C                                   
000064e4  ti_sysbios_knl_Swi_Module__diagsEnabled__C                      
000064e8  ti_sysbios_knl_Swi_Module__diagsIncluded__C                     
000064ec  ti_sysbios_knl_Swi_Module__diagsMask__C                         
000064f0  ti_sysbios_knl_Swi_Module__loggerFxn1__C                        
000064f4  ti_sysbios_knl_Swi_Module__loggerFxn4__C                        
000064f8  ti_sysbios_knl_Swi_Module__loggerObj__C                         
000064fc  ti_sysbios_knl_Swi_Object__count__C                             
00006500  ti_sysbios_knl_Task_LD_block__C                                 
00006504  ti_sysbios_knl_Task_LD_exit__C                                  
00006508  ti_sysbios_knl_Task_LD_ready__C                                 
0000650c  ti_sysbios_knl_Task_LM_sleep__C                                 
00006510  ti_sysbios_knl_Task_LM_switch__C                                
00006514  ti_sysbios_knl_Task_Module_State_inactiveQ__O                   
00006518  ti_sysbios_knl_Task_Module__diagsEnabled__C                     
0000651c  ti_sysbios_knl_Task_Module__diagsIncluded__C                    
00006520  ti_sysbios_knl_Task_Module__diagsMask__C                        
00006524  ti_sysbios_knl_Task_Module__loggerFxn2__C                       
00006528  ti_sysbios_knl_Task_Module__loggerFxn4__C                       
0000652c  ti_sysbios_knl_Task_Module__loggerObj__C                        
00006530  ti_sysbios_knl_Task_Object__count__C                            
00006534  ti_sysbios_knl_Task_allBlockedFunc__C                           
00006538  ti_sysbios_knl_Task_defaultStackHeap__C                         
0000653c  ti_sysbios_knl_Task_defaultStackSize__C                         
00006540  ti_sysbios_knl_Task_numConstructedTasks__C                      
00006544  ti_uia_loggers_LoggerStopMode_Module__diagsEnabled__C           
00006548  ti_uia_loggers_LoggerStopMode_Module__diagsIncluded__C          
0000654c  ti_uia_loggers_LoggerStopMode_Module__diagsMask__C              
00006550  ti_uia_loggers_LoggerStopMode_Object__count__C                  
00006554  ti_uia_runtime_ILoggerSnapshot_Interface__BASE__C               
00006558  ti_uia_runtime_IUIATransfer_Interface__BASE__C                  
0000655c  xdc_runtime_Assert_E_assertFailed__C                            
00006560  xdc_runtime_Error_E_memory__C                                   
00006564  xdc_runtime_Error_policyFxn__C                                  
00006568  xdc_runtime_IFilterLogger_Interface__BASE__C                    
0000656c  xdc_runtime_IGateProvider_Interface__BASE__C                    
00006570  xdc_runtime_IHeap_Interface__BASE__C                            
00006574  xdc_runtime_ILogger_Interface__BASE__C                          
00006578  xdc_runtime_IModule_Interface__BASE__C                          
0000657c  xdc_runtime_Memory_defaultHeapInstance__C                       
00006580  xdc_runtime_Startup_execImpl__C                                 
00006584  xdc_runtime_Startup_maxPasses__C                                
00006588  xdc_runtime_Startup_sfxnRts__C                                  
0000658c  xdc_runtime_Startup_sfxnTab__C                                  
00006590  xdc_runtime_SysMin_bufSize__C                                   
00006594  xdc_runtime_SysMin_outputFunc__C                                
00006598  xdc_runtime_System_Module__gateObj__C                           
0000659c  xdc_runtime_System_abortFxn__C                                  
000065a0  xdc_runtime_System_exitFxn__C                                   
000065a4  xdc_runtime_System_maxAtexitHandlers__C                         
000065a8  xdc_runtime_Text_charTab__C                                     
000065ac  xdc_runtime_Text_nameEmpty__C                                   
000065b0  xdc_runtime_Text_nameStatic__C                                  
000065b4  xdc_runtime_Text_nameUnknown__C                                 
000065b8  ti_sysbios_family_arm_cc26xx_TimestampProvider_useClockTimer__C 
000065ba  ti_sysbios_family_arm_m3_Hwi_Module__id__C                      
000065bc  ti_sysbios_family_arm_m3_Hwi_Module__loggerDefined__C           
000065be  ti_sysbios_heaps_HeapMem_Module__id__C                          
000065c0  ti_sysbios_knl_Clock_Module__id__C                              
000065c2  ti_sysbios_knl_Clock_Module__loggerDefined__C                   
000065c4  ti_sysbios_knl_Semaphore_Module__id__C                          
000065c6  ti_sysbios_knl_Semaphore_Module__loggerDefined__C               
000065c8  ti_sysbios_knl_Swi_Module__id__C                                
000065ca  ti_sysbios_knl_Swi_Module__loggerDefined__C                     
000065cc  ti_sysbios_knl_Task_Module__id__C                               
000065ce  ti_sysbios_knl_Task_Module__loggerDefined__C                    
000065d0  ti_uia_loggers_LoggerStopMode_Module__id__C                     
000065d2  ti_uia_loggers_LoggerStopMode_isTimestampEnabled__C             
000065d4  xdc_runtime_Memory_Module__id__C                                
000065d6  xdc_runtime_SysMin_flushAtExit__C                               
000065d8  xdc_runtime_Text_charCnt__C                                     
000065da  xdc_runtime_Text_isLoaded__C                                    
000065dc  xdc_runtime_Error_policy__C                                     
000065dd  xdc_runtime_Text_charTab__A                                     
000065e0  __TI_static_base__                                              
00006790  __TI_Handler_Table_Base                                         
0000679c  __TI_Handler_Table_Limit                                        
000067a8  __TI_CINIT_Base                                                 
000067b8  __TI_CINIT_Limit                                                
0001ffa8  __ccfg                                                          
20000000  ti_sysbios_family_arm_m3_Hwi_ramVectors                         
20000900  ti_uia_loggers_LoggerStopMode_Instance_State_0_packetArray__A   
20000d00  ti_uia_loggers_LoggerStopMode_Instance_State_1_packetArray__A   
20001100  ti_sysbios_knl_Task_Instance_State_0_stack__A                   
20001300  xdc_runtime_SysMin_Module_State_0_outbuf__A                     
20001500  __CIOBUF_                                                       
20001620  ti_sysbios_family_arm_m3_Hwi_dispatchTable                      
200016e8  urgentWorkTask                                                  
20001738  workTask                                                        
2000179c  PowerCC26XX_taskKey                                             
200017a0  PowerCC26XX_swiKey                                              
200017ac  parmbuf                                                         
200017b4  ClockP_tickPeriod                                               
200017b8  driverlib_release_0_52354                                       
20001800  ti_uia_loggers_LoggerStopMode_Instance_State_0_hdr__A           
20001880  ti_uia_loggers_LoggerStopMode_Instance_State_1_hdr__A           
200018b0  __primary_heap_start__                                          
200028b0  __primary_heap_end__                                            
200028b0  pinUpperBound                                                   
200028b4  pinLowerBound                                                   
20002948  pinHandleTable                                                  
200029c4  PowerCC26XX_module                                              
20002ad8  ti_uia_loggers_LoggerStopMode_Object__table__V                  
20002b94  ti_sysbios_knl_Task_Object__table__V                            
20002be0  ti_sysbios_family_arm_cc26xx_Timer_Object__table__V             
20002c28  ti_sysbios_knl_Task_Module__state__V                            
20002c6c  ti_sysbios_gates_GateMutex_Object__table__V                     
20002ca4  ti_sysbios_family_arm_m3_Hwi_Module__state__V                   
20002cd8  ti_sysbios_knl_Swi_Module_State_0_readyQ__A                     
20002d08  ti_sysbios_knl_Swi_Object__table__V                             
20002d38  gpioPinConfigs                                                  
20002d64  ti_sysbios_knl_Clock_Module__state__V                           
20002d90  ti_sysbios_BIOS_Module__state__V                                
20002db4  ti_sysbios_knl_Clock_Object__table__V                           
20002dd4  ti_sysbios_knl_Task_Module_State_0_readyQ__A                    
20002df4  xdc_runtime_Error_IgnoreBlock                                   
20002e14  ti_sysbios_knl_Swi_Module__state__V                             
20002e30  ti_sysbios_family_arm_m3_Hwi_Object__table__V                   
20002e48  ti_sysbios_heaps_HeapMem_Object__table__V                       
20002e60  gpioCallbackFunctions                                           
20002e70  ti_sysbios_knl_Task_Module__root__V                             
20002e7c  ti_uia_runtime_QueueDescriptor_Module__state__V                 
20002e88  xdc_runtime_SysMin_Module__state__V                             
20002e94  _lock                                                           
20002e98  _unlock                                                         
20002e9c  ti_uia_runtime_QueueDescriptor_gPtrToFirstDescriptor            
20002ea0  ti_uia_runtime_QueueDescriptor_gUpdateCount                     
20002ea4  ti_sysbios_family_arm_cc26xx_Timer_Module__state__V             
20002eac  ti_sysbios_family_arm_m3_Hwi_Module__root__V                    
20002eb4  ti_sysbios_gates_GateHwi_Module__root__V                        
20002ebc  ti_sysbios_gates_GateMutex_Module__root__V                      
20002ec4  ti_sysbios_heaps_HeapMem_Module__root__V                        
20002ecc  ti_sysbios_knl_Clock_Module__root__V                            
20002ed4  ti_sysbios_knl_Queue_Module__root__V                            
20002edc  ti_sysbios_knl_Semaphore_Module__root__V                        
20002ee4  ti_sysbios_knl_Swi_Module__root__V                              
20002eec  ti_uia_loggers_LoggerStopMode_Module__root__V                   
20002ef4  xdc_runtime_Startup_Module__state__V                            
20002efc  xdc_runtime_System_Module_State_0_atexitHandlers__A             
20002f04  xdc_runtime_System_Module__state__V                             
20002f0c  main_func_sp                                                    
20002f10  ti_sysbios_family_arm_cc26xx_TimestampProvider_Module__state__V 
20002f14  ti_sysbios_family_arm_m3_Hwi_Module_State_0_excContext__A       
20002f18  ti_sysbios_family_arm_m3_Hwi_Module_State_0_excStack__A         
20002f1c  ti_sysbios_gates_GateHwi_Object__table__V                       
20002f20  ti_sysbios_knl_Task_Module_State_0_idleTask__A                  
20002f24  xdc_runtime_Memory_Module__state__V                             
20002f28  ti_sysbios_family_arm_m3_Hwi_Module_State_0_excActive__A        
20004c00  __stack                                                         
20005000  __STACK_END                                                     
e000e000  ti_sysbios_family_arm_m3_Hwi_nvic                               
ffffffff  __TI_pprof_out_hndl                                             
ffffffff  __TI_prof_data_size                                             
ffffffff  __TI_prof_data_start                                            
ffffffff  __binit__                                                       
ffffffff  __c_args__                                                      
ffffffff  binit                                                           
UNDEFED   SHT$$INIT_ARRAY$$Base                                           
UNDEFED   SHT$$INIT_ARRAY$$Limit                                          

[695 symbols]
