******************************************************************************
                  TI ARM Linker PC v18.1.3                     
******************************************************************************
>> Linked Thu Oct 11 23:06:30 2018

OUTPUT FILE NAME:   <lab7task02.out>
ENTRY POINT SYMBOL: "_c_int00_noargs"  address: 0000108d


MEMORY CONFIGURATION

         name            origin    length      used     unused   attr    fill
----------------------  --------  ---------  --------  --------  ----  --------
  FLASH                 00000000   00040000  000013d4  0003ec2c  R  X
  SRAM                  20000000   00008000  00000221  00007ddf  RW X


SEGMENT ALLOCATION MAP

run origin  load origin   length   init length attrs members
----------  ----------- ---------- ----------- ----- -------
00000000    00000000    000013d8   000013d8    r-x
  00000000    00000000    0000026c   0000026c    r-- .intvecs
  0000026c    0000026c    00000f9c   00000f9c    r-x .text
  00001208    00001208    0000019c   0000019c    r-- .const
  000013a8    000013a8    00000030   00000030    r-- .cinit
20000000    20000000    00000221   00000000    rw-
  20000000    20000000    00000200   00000000    rw- .stack
  20000200    20000200    0000001c   00000000    rw- .bss
  2000021c    2000021c    00000005   00000000    rw- .data


SECTION ALLOCATION MAP

 output                                  attributes/
section   page    origin      length       input sections
--------  ----  ----------  ----------   ----------------
.intvecs   0    00000000    0000026c     
                  00000000    0000026c     tm4c123gh6pm_startup_ccs.obj (.intvecs)

.text      0    0000026c    00000f9c     
                  0000026c    0000049c     uartstdio.obj (.text)
                  00000708    00000394     main.obj (.text)
                  00000a9c    00000132     driverlib.lib : gpio.obj (.text:GPIOPadConfigSet)
                  00000bce    00000002     rtsv7M4_T_le_v4SPD16_eabi.lib : div0.asm.obj (.text)
                  00000bd0    00000110     driverlib.lib : sysctl.obj (.text:SysCtlClockGet)
                  00000ce0    000000f4                   : sysctl.obj (.text:SysCtlClockSet)
                  00000dd4    0000009c     rtsv7M4_T_le_v4SPD16_eabi.lib : memcpy_t2.asm.obj (.text)
                  00000e70    00000068     driverlib.lib : interrupt.obj (.text:IntEnable)
                  00000ed8    00000068     rtsv7M4_T_le_v4SPD16_eabi.lib : copy_decompress_lzss.c.obj (.text:decompress:lzss:__TI_decompress_lzss)
                  00000f40    00000048     driverlib.lib : gpio.obj (.text:GPIOPinConfigure)
                  00000f88    00000046                   : uart.obj (.text:UARTConfigSetExpClk)
                  00000fce    00000002     --HOLE-- [fill = 0]
                  00000fd0    00000044     rtsv7M4_T_le_v4SPD16_eabi.lib : autoinit.c.obj (.text:__TI_auto_init_nobinit_nopinit:__TI_auto_init_nobinit_nopinit)
                  00001014    00000040                                   : u_divt2.asm.obj (.text)
                  00001054    00000038     driverlib.lib : sysctl.obj (.text:SysCtlPeripheralPresent)
                  0000108c    00000038     rtsv7M4_T_le_v4SPD16_eabi.lib : boot_cortex_m.c.obj (.text:_c_int00_noargs:_c_int00_noargs)
                  000010c4    00000034     driverlib.lib : sysctl.obj (.text:SysCtlPeripheralEnable)
                  000010f8    0000002a                   : gpio.obj (.text:GPIODirModeSet)
                  00001122    00000002     --HOLE-- [fill = 0]
                  00001124    00000020                   : uart.obj (.text:UARTDisable)
                  00001144    00000018                   : gpio.obj (.text:GPIOPinTypeGPIOOutput)
                  0000115c    00000014                   : uart.obj (.text:UARTEnable)
                  00001170    00000012                   : gpio.obj (.text:GPIOPinTypeUART)
                  00001182    00000012     rtsv7M4_T_le_v4SPD16_eabi.lib : copy_zero_init.c.obj (.text:decompress:ZI:__TI_zero_init_nomemset:__TI_zero_init_nomemset)
                  00001194    00000010     driverlib.lib : interrupt.obj (.text:IntMasterEnable)
                  000011a4    0000000e     rtsv7M4_T_le_v4SPD16_eabi.lib : copy_decompress_none.c.obj (.text:decompress:none:__TI_decompress_none)
                  000011b2    0000000c     driverlib.lib : cpu.obj (.text:CPUcpsie)
                  000011be    0000000c     tm4c123gh6pm_startup_ccs.obj (.text)
                  000011ca    0000000a     driverlib.lib : uart.obj (.text:UARTCharGet)
                  000011d4    0000000a                   : uart.obj (.text:UARTCharPut)
                  000011de    0000000a                   : uart.obj (.text:UARTIntStatus)
                  000011e8    00000008                   : uart.obj (.text:UARTIntEnable)
                  000011f0    00000006                   : gpio.obj (.text:GPIOPinWrite)
                  000011f6    00000006                   : sysctl.obj (.text:SysCtlDelay)
                  000011fc    00000004                   : uart.obj (.text:UARTIntClear)
                  00001200    00000004     rtsv7M4_T_le_v4SPD16_eabi.lib : pre_init.c.obj (.text:_system_pre_init)
                  00001204    00000004                                   : exit.c.obj (.text:abort:abort)

.const     0    00001208    0000019c     
                  00001208    00000090     driverlib.lib : gpio.obj (.const:g_pui32GPIOBaseAddrs)
                  00001298    00000070                   : interrupt.obj (.const)
                  00001308    0000006c                   : sysctl.obj (.const:g_pui32Xtals)
                  00001374    00000012     uartstdio.obj (.const:.string)
                  00001386    00000002     --HOLE-- [fill = 0]
                  00001388    0000000c     uartstdio.obj (.const:g_ui32UARTBase)
                  00001394    0000000c     uartstdio.obj (.const:g_ui32UARTPeriph)
                  000013a0    00000004     uartstdio.obj (.const)

.cinit     0    000013a8    00000030     
                  000013a8    0000000c     (__TI_handler_table)
                  000013b4    00000004     --HOLE-- [fill = 0]
                  000013b8    00000008     (.cinit..bss.load) [load image, compression = zero_init]
                  000013c0    00000007     (.cinit..data.load) [load image, compression = lzss]
                  000013c7    00000001     --HOLE-- [fill = 0]
                  000013c8    00000010     (__TI_cinit_table)

.init_array 
*          0    00000000    00000000     UNINITIALIZED

.bss       0    20000200    0000001c     UNINITIALIZED
                  20000200    00000010     (.common:ui32ADC0Value)
                  20000210    00000004     (.common:ui32TempAvg)
                  20000214    00000004     (.common:ui32TempValueC)
                  20000218    00000004     (.common:ui32TempValueF)

.data      0    2000021c    00000005     UNINITIALIZED
                  2000021c    00000005     uartstdio.obj (.data)

.stack     0    20000000    00000200     UNINITIALIZED
                  20000000    00000004     rtsv7M4_T_le_v4SPD16_eabi.lib : boot_cortex_m.c.obj (.stack)
                  20000004    000001fc     --HOLE--

MODULE SUMMARY

       Module                         code   ro data   rw data
       ------                         ----   -------   -------
    .\
       uartstdio.obj                  1180   46        5      
       main.obj                       916    0         28     
       tm4c123gh6pm_startup_ccs.obj   12     620       0      
    +--+------------------------------+------+---------+---------+
       Total:                         2108   666       33     
                                                              
    D:/Coding/CCS8/TivaC123/driverlib/ccs/Debug/driverlib.lib
       sysctl.obj                     630    108       0      
       gpio.obj                       468    144       0      
       interrupt.obj                  120    112       0      
       uart.obj                       164    0         0      
       cpu.obj                        12     0         0      
    +--+------------------------------+------+---------+---------+
       Total:                         1394   364       0      
                                                              
    D:\Coding\CCS8\ccsv8\tools\compiler\ti-cgt-arm_18.1.3.LTS\lib\rtsv7M4_T_le_v4SPD16_eabi.lib
       memcpy_t2.asm.obj              156    0         0      
       copy_decompress_lzss.c.obj     104    0         0      
       autoinit.c.obj                 68     0         0      
       u_divt2.asm.obj                64     0         0      
       boot_cortex_m.c.obj            56     0         0      
       copy_zero_init.c.obj           18     0         0      
       copy_decompress_none.c.obj     14     0         0      
       exit.c.obj                     4      0         0      
       pre_init.c.obj                 4      0         0      
       div0.asm.obj                   2      0         0      
    +--+------------------------------+------+---------+---------+
       Total:                         490    0         0      
                                                              
       Stack:                         0      0         512    
       Linker Generated:              0      43        0      
    +--+------------------------------+------+---------+---------+
       Grand Total:                   3992   1073      545    


LINKER GENERATED COPY TABLES

__TI_cinit_table @ 000013c8 records: 2, size/record: 8, table size: 16
	.bss: load addr=000013b8, load size=00000008 bytes, run addr=20000200, run size=0000001c bytes, compression=zero_init
	.data: load addr=000013c0, load size=00000007 bytes, run addr=2000021c, run size=00000005 bytes, compression=lzss


LINKER GENERATED HANDLER TABLE

__TI_handler_table @ 000013a8 records: 3, size/record: 4, table size: 12
	index: 0, handler: __TI_decompress_lzss
	index: 1, handler: __TI_decompress_none
	index: 2, handler: __TI_zero_init


GLOBAL SYMBOLS: SORTED ALPHABETICALLY BY Name 

address   name                          
-------   ----                          
00001205  C$$EXIT                       
000011b3  CPUcpsie                      
000010f9  GPIODirModeSet                
00000a9d  GPIOPadConfigSet              
00000f41  GPIOPinConfigure              
00001145  GPIOPinTypeGPIOOutput         
00001171  GPIOPinTypeUART               
000011f1  GPIOPinWrite                  
00000e71  IntEnable                     
00001195  IntMasterEnable               
000011bf  ResetISR                      
00000bd1  SysCtlClockGet                
00000ce1  SysCtlClockSet                
000011f7  SysCtlDelay                   
000010c5  SysCtlPeripheralEnable        
00001055  SysCtlPeripheralPresent       
000011cb  UARTCharGet                   
000011d5  UARTCharPut                   
00000f89  UARTConfigSetExpClk           
00001125  UARTDisable                   
0000115d  UARTEnable                    
000011fd  UARTIntClear                  
000011e9  UARTIntEnable                 
00000709  UARTIntHandler                
000011df  UARTIntStatus                 
0000026d  UARTStdioConfig               
000003b3  UARTgetc                      
000002f9  UARTgets                      
000006d3  UARTprintf                    
000003d9  UARTvprintf                   
000002b3  UARTwrite                     
20000200  __STACK_END                   
00000200  __STACK_SIZE                  
20000200  __STACK_TOP                   
000013c8  __TI_CINIT_Base               
000013d8  __TI_CINIT_Limit              
000013a8  __TI_Handler_Table_Base       
000013b4  __TI_Handler_Table_Limit      
00000fd1  __TI_auto_init_nobinit_nopinit
00000ed9  __TI_decompress_lzss          
000011a5  __TI_decompress_none          
ffffffff  __TI_pprof_out_hndl           
ffffffff  __TI_prof_data_size           
ffffffff  __TI_prof_data_start          
00000000  __TI_static_base__            
00001183  __TI_zero_init_nomemset       
00000bcf  __aeabi_idiv0                 
00000bcf  __aeabi_ldiv0                 
00000dd5  __aeabi_memcpy                
00000dd5  __aeabi_memcpy4               
00000dd5  __aeabi_memcpy8               
00001015  __aeabi_uidiv                 
00001015  __aeabi_uidivmod              
ffffffff  __binit__                     
ffffffff  __c_args__                    
UNDEFED   __mpu_init                    
20000000  __stack                       
0000108d  _c_int00_noargs               
UNDEFED   _system_post_cinit            
00001201  _system_pre_init              
00001205  abort                         
ffffffff  binit                         
00000000  g_pfnVectors                  
0000084b  main                          
00000dd5  memcpy                        
20000200  ui32ADC0Value                 
20000210  ui32TempAvg                   
20000214  ui32TempValueC                
20000218  ui32TempValueF                


GLOBAL SYMBOLS: SORTED BY Symbol Address 

address   name                          
-------   ----                          
00000000  __TI_static_base__            
00000000  g_pfnVectors                  
00000200  __STACK_SIZE                  
0000026d  UARTStdioConfig               
000002b3  UARTwrite                     
000002f9  UARTgets                      
000003b3  UARTgetc                      
000003d9  UARTvprintf                   
000006d3  UARTprintf                    
00000709  UARTIntHandler                
0000084b  main                          
00000a9d  GPIOPadConfigSet              
00000bcf  __aeabi_idiv0                 
00000bcf  __aeabi_ldiv0                 
00000bd1  SysCtlClockGet                
00000ce1  SysCtlClockSet                
00000dd5  __aeabi_memcpy                
00000dd5  __aeabi_memcpy4               
00000dd5  __aeabi_memcpy8               
00000dd5  memcpy                        
00000e71  IntEnable                     
00000ed9  __TI_decompress_lzss          
00000f41  GPIOPinConfigure              
00000f89  UARTConfigSetExpClk           
00000fd1  __TI_auto_init_nobinit_nopinit
00001015  __aeabi_uidiv                 
00001015  __aeabi_uidivmod              
00001055  SysCtlPeripheralPresent       
0000108d  _c_int00_noargs               
000010c5  SysCtlPeripheralEnable        
000010f9  GPIODirModeSet                
00001125  UARTDisable                   
00001145  GPIOPinTypeGPIOOutput         
0000115d  UARTEnable                    
00001171  GPIOPinTypeUART               
00001183  __TI_zero_init_nomemset       
00001195  IntMasterEnable               
000011a5  __TI_decompress_none          
000011b3  CPUcpsie                      
000011bf  ResetISR                      
000011cb  UARTCharGet                   
000011d5  UARTCharPut                   
000011df  UARTIntStatus                 
000011e9  UARTIntEnable                 
000011f1  GPIOPinWrite                  
000011f7  SysCtlDelay                   
000011fd  UARTIntClear                  
00001201  _system_pre_init              
00001205  C$$EXIT                       
00001205  abort                         
000013a8  __TI_Handler_Table_Base       
000013b4  __TI_Handler_Table_Limit      
000013c8  __TI_CINIT_Base               
000013d8  __TI_CINIT_Limit              
20000000  __stack                       
20000200  __STACK_END                   
20000200  __STACK_TOP                   
20000200  ui32ADC0Value                 
20000210  ui32TempAvg                   
20000214  ui32TempValueC                
20000218  ui32TempValueF                
ffffffff  __TI_pprof_out_hndl           
ffffffff  __TI_prof_data_size           
ffffffff  __TI_prof_data_start          
ffffffff  __binit__                     
ffffffff  __c_args__                    
ffffffff  binit                         
UNDEFED   __mpu_init                    
UNDEFED   _system_post_cinit            

[69 symbols]
